******************************************************************************
                  MSP430 Linker PC v4.1.5                      
******************************************************************************
>> Linked Sun Dec 22 07:22:01 2013

OUTPUT FILE NAME:   <LB001.out>
ENTRY POINT SYMBOL: "_c_int00"  address: 0000e848


MEMORY CONFIGURATION

         name            origin    length      used     unused   attr    fill
----------------------  --------  ---------  --------  --------  ----  --------
  SFR                   00000000   00000010  00000000  00000010  RWIX
  PERIPHERALS_8BIT      00000010   000000f0  00000000  000000f0  RWIX
  PERIPHERALS_16BIT     00000100   00000100  00000000  00000100  RWIX
  RAM                   00000200   00000100  00000088  00000078  RWIX
  INFOD                 00001000   00000040  00000000  00000040  RWIX
  INFOC                 00001040   00000040  00000000  00000040  RWIX
  INFOB                 00001080   00000040  00000000  00000040  RWIX
  INFOA                 000010c0   00000040  00000000  00000040  RWIX
  FLASH                 0000e000   00001fe0  000009f0  000015f0  RWIX
  INT00                 0000ffe0   00000002  00000000  00000002  RWIX
  INT01                 0000ffe2   00000002  00000000  00000002  RWIX
  INT02                 0000ffe4   00000002  00000000  00000002  RWIX
  INT03                 0000ffe6   00000002  00000000  00000002  RWIX
  INT04                 0000ffe8   00000002  00000002  00000000  RWIX
  INT05                 0000ffea   00000002  00000000  00000002  RWIX
  INT06                 0000ffec   00000002  00000000  00000002  RWIX
  INT07                 0000ffee   00000002  00000000  00000002  RWIX
  INT08                 0000fff0   00000002  00000002  00000000  RWIX
  INT09                 0000fff2   00000002  00000002  00000000  RWIX
  INT10                 0000fff4   00000002  00000002  00000000  RWIX
  INT11                 0000fff6   00000002  00000000  00000002  RWIX
  INT12                 0000fff8   00000002  00000000  00000002  RWIX
  INT13                 0000fffa   00000002  00000000  00000002  RWIX
  INT14                 0000fffc   00000002  00000000  00000002  RWIX
  RESET                 0000fffe   00000002  00000002  00000000  RWIX


SECTION ALLOCATION MAP

 output                                  attributes/
section   page    origin      length       input sections
--------  ----  ----------  ----------   ----------------
.init_array 
*          0    0000e000    00000000     UNINITIALIZED

.bss       0    00000200    00000021     UNINITIALIZED
                  00000200    0000000a     i2c_usi.obj (.bss)
                  0000020a    00000008     LED.obj (.bss)
                  00000212    00000008     flash.obj (.bss)
                  0000021a    00000004     button.obj (.bss)
                  0000021e    00000003     serial.obj (.bss)

.TI.noinit 
*          0    00000200    00000000     UNINITIALIZED

.data      0    00000222    00000017     
                  00000222    00000009     counter.obj (.data)
                  0000022b    00000001     --HOLE--
                  0000022c    00000006     i2c_usi.obj (.data)
                  00000232    00000003     serial.obj (.data)
                  00000235    00000001     --HOLE--
                  00000236    00000001     LED.obj (.data)
                  00000237    00000001     --HOLE--
                  00000238    00000001     button.obj (.data)

.TI.persistent 
*          0    00000222    00000000     UNINITIALIZED

.stack     0    000002b0    00000050     UNINITIALIZED
                  000002b0    00000002     rts430_eabi.lib : boot.obj (.stack)
                  000002b2    0000004e     --HOLE--

.text      0    0000e000    000009a6     
                  0000e000    000001ca     i2c_usi.obj (.text:USI_TXRX)
                  0000e1ca    0000016a     main.obj (.text:main)
                  0000e334    000000e6     LED.obj (.text:LED_displaydigit)
                  0000e41a    00000088     counter.obj (.text:WDT_ISR)
                  0000e4a2    0000005e     rts430_eabi.lib : copy_decompress_rle.obj (.text:__TI_decompress_rle_core)
                  0000e500    0000005e                     : autoinit.obj (.text:_auto_init)
                  0000e55e    0000005c     button.obj (.text:BTN_read)
                  0000e5ba    00000054     serial.obj (.text:Timer_A1_ISR)
                  0000e60e    0000003e     i2c_usi.obj (.text:i2c_init)
                  0000e64c    0000003e     i2c_usi.obj (.text:i2c_reg_read)
                  0000e68a    0000003c     counter.obj (.text:ctr_down)
                  0000e6c6    0000003a     serial.obj (.text:Timer_A0_ISR)
                  0000e700    0000002e     MCP23017.obj (.text:MCP_init)
                  0000e72e    0000002c     rts430_eabi.lib : asr16.obj (.text)
                  0000e75a    0000002c                     : div16s.obj (.text)
                  0000e786    0000002c                     : lsl16.obj (.text)
                  0000e7b2    00000028     serial.obj (.text:TimerA_UART_tx)
                  0000e7da    0000001e     i2c_usi.obj (.text:i2c_transmit)
                  0000e7f8    0000001c     i2c_usi.obj (.text:Data_TX)
                  0000e814    0000001a     button.obj (.text:BTN_init)
                  0000e82e    0000001a     MCP23017.obj (.text:MCP_Write)
                  0000e848    0000001a     rts430_eabi.lib : boot.obj (.text:_c_int00_noexit)
                  0000e862    0000001a     serial.obj (.text:serial_init)
                  0000e87c    00000018     flash.obj (.text:FLASH_init)
                  0000e894    00000016     MCP23017.obj (.text:MCP_Read)
                  0000e8aa    00000016     counter.obj (.text:ctr_start)
                  0000e8c0    00000016     counter.obj (.text:ctr_stop)
                  0000e8d6    00000016     rts430_eabi.lib : div16u.obj (.text)
                  0000e8ec    00000014     counter.obj (.text:ctr_up)
                  0000e900    00000014     rts430_eabi.lib : copy_zero_init.obj (.text:decompress:ZI:__TI_zero_init)
                  0000e914    00000012     serial.obj (.text:TimerA_UART_init)
                  0000e926    00000012     serial.obj (.text:TimerA_UART_print)
                  0000e938    00000012     rts430_eabi.lib : copy_decompress_none.obj (.text:decompress:none:__TI_decompress_none)
                  0000e94a    00000012                     : memcpy.obj (.text:memcpy)
                  0000e95c    00000010     i2c_usi.obj (.text:Data_RX)
                  0000e96c    00000010     rts430_eabi.lib : epilog.obj (.text)
                  0000e97c    0000000e     counter.obj (.text:ctr_init)
                  0000e98a    0000000c     main.obj (.text:start_5min_count)
                  0000e996    00000006     rts430_eabi.lib : copy_decompress_rle.obj (.text:decompress:rle24:__TI_decompress_rle24)
                  0000e99c    00000004                     : pre_init.obj (.text:_system_pre_init)
                  0000e9a0    00000004                     : exit.obj (.text:abort)
                  0000e9a4    00000002     flash.obj (.text:FLASH_dummy)

.const     0    0000e9a6    00000024     
                  0000e9a6    0000001a     main.obj (.const:.string)
                  0000e9c0    0000000a     LED.obj (.const:.string:segments)

.cinit     0    0000e9ca    00000026     
                  0000e9ca    00000013     (.cinit..data.load) [load image, compression = rle]
                  0000e9dd    00000001     --HOLE-- [fill = 0]
                  0000e9de    00000006     (__TI_handler_table)
                  0000e9e4    00000004     (.cinit..bss.load) [load image, compression = zero_init]
                  0000e9e8    00000008     (__TI_cinit_table)

USI        0    0000ffe8    00000002     
                  0000ffe8    00000002     i2c_usi.obj (.int04)

TIMER0_A1 
*          0    0000fff0    00000002     
                  0000fff0    00000002     serial.obj (.int08)

TIMER0_A0 
*          0    0000fff2    00000002     
                  0000fff2    00000002     serial.obj (.int09)

WDT        0    0000fff4    00000002     
                  0000fff4    00000002     counter.obj (.int10)

.reset     0    0000fffe    00000002     
                  0000fffe    00000002     rts430_eabi.lib : boot.obj (.reset)


LINKER GENERATED COPY TABLES

__TI_cinit_table @ 0000e9e8 records: 2, size/record: 4, table size: 8
	.data: load addr=0000e9ca, load size=00000013 bytes, run addr=00000222, run size=00000017 bytes, compression=rle
	.bss: load addr=0000e9e4, load size=00000004 bytes, run addr=00000200, run size=00000021 bytes, compression=zero_init


LINKER GENERATED HANDLER TABLE

__TI_handler_table @ 0000e9de records: 3, size/record: 2, table size: 6
	index: 0, handler: __TI_zero_init
	index: 1, handler: __TI_decompress_rle24
	index: 2, handler: __TI_decompress_none


GLOBAL SYMBOLS: SORTED ALPHABETICALLY BY Name 

address    name
--------   ----
0000004a   ADC10AE0
000001b0   ADC10CTL0
000001b2   ADC10CTL1
00000048   ADC10DTC0
00000049   ADC10DTC1
000001b4   ADC10MEM
000001bc   ADC10SA
00000057   BCSCTL1
00000058   BCSCTL2
00000053   BCSCTL3
0000e814   BTN_init
0000e55e   BTN_read
0000e9a0   C$$EXIT
00000059   CACTL1
0000005a   CACTL2
000010fb   CALBC1_12MHZ
000010f9   CALBC1_16MHZ
000010ff   CALBC1_1MHZ
000010fd   CALBC1_8MHZ
000010fa   CALDCO_12MHZ
000010f8   CALDCO_16MHZ
000010fe   CALDCO_1MHZ
000010fc   CALDCO_8MHZ
0000005b   CAPD
00000225   CTR_BEEPTRIGGER
00000226   CTR_DELAY
00000223   CTR_DISP
00000228   CTR_MIN
00000224   CTR_ON
00000227   CTR_RUNNING
00000229   CTR_SEC
00000056   DCOCTL
0000e95c   Data_RX
0000e7f8   Data_TX
00000128   FCTL1
0000012a   FCTL2
0000012c   FCTL3
00000212   FLASH_BTN_FUNC
00000222   FLASH_CTR_DELAY
0000e9a4   FLASH_dummy
0000e87c   FLASH_init
00000000   IE1
00000002   IFG1
0000020c   LED_FLAGS
0000020a   LED_MINUTE
0000020b   LED_SECOND
0000e334   LED_displaydigit
0000e894   MCP_Read
0000e82e   MCP_Write
0000e700   MCP_init
00000022   P1DIR
00000025   P1IE
00000024   P1IES
00000023   P1IFG
00000020   P1IN
00000021   P1OUT
00000027   P1REN
00000026   P1SEL
00000041   P1SEL2
0000002a   P2DIR
0000002d   P2IE
0000002c   P2IES
0000002b   P2IFG
00000028   P2IN
00000029   P2OUT
0000002f   P2REN
0000002e   P2SEL
00000042   P2SEL2
00000172   TA0CCR0
00000174   TA0CCR1
00000176   TA0CCR2
00000162   TA0CCTL0
00000164   TA0CCTL1
00000166   TA0CCTL2
00000160   TA0CTL
0000012e   TA0IV
00000170   TA0R
0000e914   TimerA_UART_init
0000e926   TimerA_UART_print
0000e7b2   TimerA_UART_tx
0000e6c6   Timer_A0_ISR
0000e5ba   Timer_A1_ISR
0000007a   USICCTL
0000007a   USICKCTL
0000007b   USICNT
00000078   USICTL
00000078   USICTL0
00000079   USICTL1
0000007c   USISR
0000007d   USISRH
0000007c   USISRL
0000e000   USI_TXRX
00000120   WDTCTL
0000e41a   WDT_ISR
00000202   _I2C_BUFFPTR
00000206   _I2C_BYTECOUNT
00000208   _I2C_NUMBYTES
0000022c   _I2C_OPERATION
00000230   _I2C_RPT_START
00000200   _I2C_SLAVE
0000022e   _I2C_SLAVE_PRESENT
00000204   _I2C_State
00000300   __STACK_END
00000050   __STACK_SIZE
0000e9e8   __TI_CINIT_Base
0000e9f0   __TI_CINIT_Limit
0000e9de   __TI_Handler_Table_Base
0000e9e4   __TI_Handler_Table_Limit
UNDEFED    __TI_INITARRAY_Base
UNDEFED    __TI_INITARRAY_Limit
00000001   __TI_args_main
0000e938   __TI_decompress_none
0000e996   __TI_decompress_rle24
00000001   __TI_exit
0000e900   __TI_zero_init
ffffffff   __binit__
ffffffff   __c_args__
0000e75a   __mspabi_divi
0000e8d6   __mspabi_divu
0000e978   __mspabi_func_epilog_1
0000e976   __mspabi_func_epilog_2
0000e974   __mspabi_func_epilog_3
0000e972   __mspabi_func_epilog_4
0000e970   __mspabi_func_epilog_5
0000e96e   __mspabi_func_epilog_6
0000e96c   __mspabi_func_epilog_7
0000e75a   __mspabi_remi
0000e8d6   __mspabi_remu
0000e786   __mspabi_slli
0000e7ae   __mspabi_slli_1
0000e79c   __mspabi_slli_10
0000e79a   __mspabi_slli_11
0000e798   __mspabi_slli_12
0000e796   __mspabi_slli_13
0000e794   __mspabi_slli_14
0000e792   __mspabi_slli_15
0000e7ac   __mspabi_slli_2
0000e7aa   __mspabi_slli_3
0000e7a8   __mspabi_slli_4
0000e7a6   __mspabi_slli_5
0000e7a4   __mspabi_slli_6
0000e7a2   __mspabi_slli_7
0000e7a0   __mspabi_slli_8
0000e79e   __mspabi_slli_9
0000e72e   __mspabi_srai
0000e756   __mspabi_srai_1
0000e744   __mspabi_srai_10
0000e742   __mspabi_srai_11
0000e740   __mspabi_srai_12
0000e73e   __mspabi_srai_13
0000e73c   __mspabi_srai_14
0000e73a   __mspabi_srai_15
0000e754   __mspabi_srai_2
0000e752   __mspabi_srai_3
0000e750   __mspabi_srai_4
0000e74e   __mspabi_srai_5
0000e74c   __mspabi_srai_6
0000e74a   __mspabi_srai_7
0000e748   __mspabi_srai_8
0000e746   __mspabi_srai_9
0000e500   _auto_init
0000021a   _btn_count
00000238   _btn_state
0000e848   _c_int00
0000e848   _c_int00_noexit
0000022a   _ctr_wdt_count
00000236   _digit_count
0000020e   _disp_buff
0000fffe   _reset_vector
000002b0   _stack
0000e99c   _system_pre_init
0000e9a0   abort
ffffffff   binit
0000e68a   ctr_down
0000e97c   ctr_init
0000e8aa   ctr_start
0000e8c0   ctr_stop
0000e8ec   ctr_up
0000e60e   i2c_init
0000e64c   i2c_reg_read
0000e7da   i2c_transmit
0000e1ca   main
0000e94a   memcpy
00000220   rxBuffer
0000e9c0   segments
0000e862   serial_init
0000e98a   start_5min_count
0000021e   txData


GLOBAL SYMBOLS: SORTED BY Symbol Address 

address    name
--------   ----
00000000   IE1
00000001   __TI_args_main
00000001   __TI_exit
00000002   IFG1
00000020   P1IN
00000021   P1OUT
00000022   P1DIR
00000023   P1IFG
00000024   P1IES
00000025   P1IE
00000026   P1SEL
00000027   P1REN
00000028   P2IN
00000029   P2OUT
0000002a   P2DIR
0000002b   P2IFG
0000002c   P2IES
0000002d   P2IE
0000002e   P2SEL
0000002f   P2REN
00000041   P1SEL2
00000042   P2SEL2
00000048   ADC10DTC0
00000049   ADC10DTC1
0000004a   ADC10AE0
00000050   __STACK_SIZE
00000053   BCSCTL3
00000056   DCOCTL
00000057   BCSCTL1
00000058   BCSCTL2
00000059   CACTL1
0000005a   CACTL2
0000005b   CAPD
00000078   USICTL
00000078   USICTL0
00000079   USICTL1
0000007a   USICCTL
0000007a   USICKCTL
0000007b   USICNT
0000007c   USISR
0000007c   USISRL
0000007d   USISRH
00000120   WDTCTL
00000128   FCTL1
0000012a   FCTL2
0000012c   FCTL3
0000012e   TA0IV
00000160   TA0CTL
00000162   TA0CCTL0
00000164   TA0CCTL1
00000166   TA0CCTL2
00000170   TA0R
00000172   TA0CCR0
00000174   TA0CCR1
00000176   TA0CCR2
000001b0   ADC10CTL0
000001b2   ADC10CTL1
000001b4   ADC10MEM
000001bc   ADC10SA
00000200   _I2C_SLAVE
00000202   _I2C_BUFFPTR
00000204   _I2C_State
00000206   _I2C_BYTECOUNT
00000208   _I2C_NUMBYTES
0000020a   LED_MINUTE
0000020b   LED_SECOND
0000020c   LED_FLAGS
0000020e   _disp_buff
00000212   FLASH_BTN_FUNC
0000021a   _btn_count
0000021e   txData
00000220   rxBuffer
00000222   FLASH_CTR_DELAY
00000223   CTR_DISP
00000224   CTR_ON
00000225   CTR_BEEPTRIGGER
00000226   CTR_DELAY
00000227   CTR_RUNNING
00000228   CTR_MIN
00000229   CTR_SEC
0000022a   _ctr_wdt_count
0000022c   _I2C_OPERATION
0000022e   _I2C_SLAVE_PRESENT
00000230   _I2C_RPT_START
00000236   _digit_count
00000238   _btn_state
000002b0   _stack
00000300   __STACK_END
000010f8   CALDCO_16MHZ
000010f9   CALBC1_16MHZ
000010fa   CALDCO_12MHZ
000010fb   CALBC1_12MHZ
000010fc   CALDCO_8MHZ
000010fd   CALBC1_8MHZ
000010fe   CALDCO_1MHZ
000010ff   CALBC1_1MHZ
0000e000   USI_TXRX
0000e1ca   main
0000e334   LED_displaydigit
0000e41a   WDT_ISR
0000e500   _auto_init
0000e55e   BTN_read
0000e5ba   Timer_A1_ISR
0000e60e   i2c_init
0000e64c   i2c_reg_read
0000e68a   ctr_down
0000e6c6   Timer_A0_ISR
0000e700   MCP_init
0000e72e   __mspabi_srai
0000e73a   __mspabi_srai_15
0000e73c   __mspabi_srai_14
0000e73e   __mspabi_srai_13
0000e740   __mspabi_srai_12
0000e742   __mspabi_srai_11
0000e744   __mspabi_srai_10
0000e746   __mspabi_srai_9
0000e748   __mspabi_srai_8
0000e74a   __mspabi_srai_7
0000e74c   __mspabi_srai_6
0000e74e   __mspabi_srai_5
0000e750   __mspabi_srai_4
0000e752   __mspabi_srai_3
0000e754   __mspabi_srai_2
0000e756   __mspabi_srai_1
0000e75a   __mspabi_divi
0000e75a   __mspabi_remi
0000e786   __mspabi_slli
0000e792   __mspabi_slli_15
0000e794   __mspabi_slli_14
0000e796   __mspabi_slli_13
0000e798   __mspabi_slli_12
0000e79a   __mspabi_slli_11
0000e79c   __mspabi_slli_10
0000e79e   __mspabi_slli_9
0000e7a0   __mspabi_slli_8
0000e7a2   __mspabi_slli_7
0000e7a4   __mspabi_slli_6
0000e7a6   __mspabi_slli_5
0000e7a8   __mspabi_slli_4
0000e7aa   __mspabi_slli_3
0000e7ac   __mspabi_slli_2
0000e7ae   __mspabi_slli_1
0000e7b2   TimerA_UART_tx
0000e7da   i2c_transmit
0000e7f8   Data_TX
0000e814   BTN_init
0000e82e   MCP_Write
0000e848   _c_int00
0000e848   _c_int00_noexit
0000e862   serial_init
0000e87c   FLASH_init
0000e894   MCP_Read
0000e8aa   ctr_start
0000e8c0   ctr_stop
0000e8d6   __mspabi_divu
0000e8d6   __mspabi_remu
0000e8ec   ctr_up
0000e900   __TI_zero_init
0000e914   TimerA_UART_init
0000e926   TimerA_UART_print
0000e938   __TI_decompress_none
0000e94a   memcpy
0000e95c   Data_RX
0000e96c   __mspabi_func_epilog_7
0000e96e   __mspabi_func_epilog_6
0000e970   __mspabi_func_epilog_5
0000e972   __mspabi_func_epilog_4
0000e974   __mspabi_func_epilog_3
0000e976   __mspabi_func_epilog_2
0000e978   __mspabi_func_epilog_1
0000e97c   ctr_init
0000e98a   start_5min_count
0000e996   __TI_decompress_rle24
0000e99c   _system_pre_init
0000e9a0   C$$EXIT
0000e9a0   abort
0000e9a4   FLASH_dummy
0000e9c0   segments
0000e9de   __TI_Handler_Table_Base
0000e9e4   __TI_Handler_Table_Limit
0000e9e8   __TI_CINIT_Base
0000e9f0   __TI_CINIT_Limit
0000fffe   _reset_vector
ffffffff   __binit__
ffffffff   __c_args__
ffffffff   binit
UNDEFED    __TI_INITARRAY_Base
UNDEFED    __TI_INITARRAY_Limit

[188 symbols]
