******************************************************************************
                  MSP430 Linker PC v4.1.5                      
******************************************************************************
>> Linked Thu Jan 02 01:23:23 2014

OUTPUT FILE NAME:   <LB001.out>
ENTRY POINT SYMBOL: "_c_int00"  address: 0000ec3c


MEMORY CONFIGURATION

         name            origin    length      used     unused   attr    fill
----------------------  --------  ---------  --------  --------  ----  --------
  SFR                   00000000   00000010  00000000  00000010  RWIX
  PERIPHERALS_8BIT      00000010   000000f0  00000000  000000f0  RWIX
  PERIPHERALS_16BIT     00000100   00000100  00000000  00000100  RWIX
  RAM                   00000200   00000100  000000e3  0000001d  RWIX
  INFOD                 00001000   00000040  00000000  00000040  RWIX
  INFOC                 00001040   00000040  00000000  00000040  RWIX
  INFOB                 00001080   00000040  00000000  00000040  RWIX
  INFOA                 000010c0   00000040  00000000  00000040  RWIX
  FLASH                 0000e000   00001fe0  00000f3e  000010a2  RWIX
  INT00                 0000ffe0   00000002  00000000  00000002  RWIX
  INT01                 0000ffe2   00000002  00000000  00000002  RWIX
  INT02                 0000ffe4   00000002  00000000  00000002  RWIX
  INT03                 0000ffe6   00000002  00000000  00000002  RWIX
  INT04                 0000ffe8   00000002  00000002  00000000  RWIX
  INT05                 0000ffea   00000002  00000000  00000002  RWIX
  INT06                 0000ffec   00000002  00000000  00000002  RWIX
  INT07                 0000ffee   00000002  00000000  00000002  RWIX
  INT08                 0000fff0   00000002  00000002  00000000  RWIX
  INT09                 0000fff2   00000002  00000002  00000000  RWIX
  INT10                 0000fff4   00000002  00000002  00000000  RWIX
  INT11                 0000fff6   00000002  00000000  00000002  RWIX
  INT12                 0000fff8   00000002  00000000  00000002  RWIX
  INT13                 0000fffa   00000002  00000000  00000002  RWIX
  INT14                 0000fffc   00000002  00000000  00000002  RWIX
  RESET                 0000fffe   00000002  00000002  00000000  RWIX


SECTION ALLOCATION MAP

 output                                  attributes/
section   page    origin      length       input sections
--------  ----  ----------  ----------   ----------------
.init_array 
*          0    0000e000    00000000     UNINITIALIZED

.bss       0    00000200    00000074     UNINITIALIZED
                  00000200    00000047     menu.obj (.bss)
                  00000247    00000001     --HOLE--
                  00000248    00000010     flash.obj (.bss)
                  00000258    0000000a     i2c_usi.obj (.bss)
                  00000262    00000008     LED.obj (.bss)
                  0000026a    00000004     button.obj (.bss)
                  0000026e    00000004     serial.obj (.bss)
                  00000272    00000002     main.obj (.bss)

.TI.noinit 
*          0    00000200    00000000     UNINITIALIZED

.data      0    00000274    0000001f     
                  00000274    00000009     counter.obj (.data)
                  0000027d    00000001     --HOLE--
                  0000027e    00000006     i2c_usi.obj (.data)
                  00000284    00000003     flash.obj (.data)
                  00000287    00000001     --HOLE--
                  00000288    00000003     menu.obj (.data)
                  0000028b    00000001     --HOLE--
                  0000028c    00000003     serial.obj (.data)
                  0000028f    00000001     --HOLE--
                  00000290    00000001     LED.obj (.data)
                  00000291    00000001     --HOLE--
                  00000292    00000001     button.obj (.data)

.TI.persistent 
*          0    00000274    00000000     UNINITIALIZED

.stack     0    000002b0    00000050     UNINITIALIZED
                  000002b0    00000002     rts430_eabi.lib : boot.obj (.stack)
                  000002b2    0000004e     --HOLE--

.text      0    0000e000    00000dc4     
                  0000e000    000001ca     i2c_usi.obj (.text:USI_TXRX)
                  0000e1ca    00000176     menu.obj (.text:check_input)
                  0000e340    00000146     main.obj (.text:main)
                  0000e486    00000140     menu.obj (.text:menu_print)
                  0000e5c6    000000e6     LED.obj (.text:LED_displaydigit)
                  0000e6ac    00000088     counter.obj (.text:WDT_ISR)
                  0000e734    00000072     main.obj (.text:beep)
                  0000e7a6    0000005e     rts430_eabi.lib : copy_decompress_rle.obj (.text:__TI_decompress_rle_core)
                  0000e804    0000005e                     : autoinit.obj (.text:_auto_init)
                  0000e862    0000005c     button.obj (.text:BTN_read)
                  0000e8be    00000058     serial.obj (.text:Timer_A1_ISR)
                  0000e916    0000003e     i2c_usi.obj (.text:i2c_init)
                  0000e954    0000003e     i2c_usi.obj (.text:i2c_reg_read)
                  0000e992    0000003c     counter.obj (.text:CTR_down)
                  0000e9ce    0000003a     textconv.obj (.text:ByteToStr)
                  0000ea08    0000003a     serial.obj (.text:Timer_A0_ISR)
                  0000ea42    00000038     counter.obj (.text:CTR_init)
                  0000ea7a    00000036     menu.obj (.text:buff2value)
                  0000eab0    0000002e     MCP23017.obj (.text:MCP_init)
                  0000eade    0000002c     rts430_eabi.lib : asr16.obj (.text)
                  0000eb0a    0000002c                     : div16s.obj (.text)
                  0000eb36    0000002c                     : lsl16.obj (.text)
                  0000eb62    00000028     serial.obj (.text:TimerA_UART_tx)
                  0000eb8a    00000024     menu.obj (.text:MENU_add_btn_vector)
                  0000ebae    00000020     flash.obj (.text:FLASH_init)
                  0000ebce    0000001e     i2c_usi.obj (.text:i2c_transmit)
                  0000ebec    0000001c     i2c_usi.obj (.text:Data_TX)
                  0000ec08    0000001a     button.obj (.text:BTN_init)
                  0000ec22    0000001a     MCP23017.obj (.text:MCP_Write)
                  0000ec3c    0000001a     rts430_eabi.lib : boot.obj (.text:_c_int00_noexit)
                  0000ec56    0000001a     serial.obj (.text:serial_init)
                  0000ec70    00000016     counter.obj (.text:CTR_start)
                  0000ec86    00000016     counter.obj (.text:CTR_stop)
                  0000ec9c    00000016     MCP23017.obj (.text:MCP_Read)
                  0000ecb2    00000016     rts430_eabi.lib : div16u.obj (.text)
                  0000ecc8    00000016     menu.obj (.text:validate_input)
                  0000ecde    00000014     counter.obj (.text:CTR_up)
                  0000ecf2    00000014     rts430_eabi.lib : copy_zero_init.obj (.text:decompress:ZI:__TI_zero_init)
                  0000ed06    00000014                     : mult16.obj (.text)
                  0000ed1a    00000012     serial.obj (.text:TimerA_UART_init)
                  0000ed2c    00000012     serial.obj (.text:TimerA_UART_print)
                  0000ed3e    00000012     rts430_eabi.lib : copy_decompress_none.obj (.text:decompress:none:__TI_decompress_none)
                  0000ed50    00000012                     : memcpy.obj (.text:memcpy)
                  0000ed62    00000010     i2c_usi.obj (.text:Data_RX)
                  0000ed72    00000010     menu.obj (.text:MENU_init)
                  0000ed82    00000010     rts430_eabi.lib : epilog.obj (.text)
                  0000ed92    0000000c     LED.obj (.text:LED_off)
                  0000ed9e    0000000c     main.obj (.text:start_count)
                  0000edaa    0000000a     menu.obj (.text:print_input_prompt)
                  0000edb4    00000006     rts430_eabi.lib : copy_decompress_rle.obj (.text:decompress:rle24:__TI_decompress_rle24)
                  0000edba    00000004                     : pre_init.obj (.text:_system_pre_init)
                  0000edbe    00000004                     : exit.obj (.text:abort)
                  0000edc2    00000002     menu.obj (.text:MENU_btn_dummy_vector)

.const     0    0000edc4    0000014c     
                  0000edc4    000000e2     menu.obj (.const:.string)
                  0000eea6    00000038     main.obj (.const:.string)
                  0000eede    00000028     counter.obj (.const:.string)
                  0000ef06    0000000a     LED.obj (.const:.string:segments)

.cinit     0    0000ef10    0000002e     
                  0000ef10    0000001b     (.cinit..data.load) [load image, compression = rle]
                  0000ef2b    00000001     --HOLE-- [fill = 0]
                  0000ef2c    00000006     (__TI_handler_table)
                  0000ef32    00000004     (.cinit..bss.load) [load image, compression = zero_init]
                  0000ef36    00000008     (__TI_cinit_table)

USI        0    0000ffe8    00000002     
                  0000ffe8    00000002     i2c_usi.obj (.int04)

TIMER0_A1 
*          0    0000fff0    00000002     
                  0000fff0    00000002     serial.obj (.int08)

TIMER0_A0 
*          0    0000fff2    00000002     
                  0000fff2    00000002     serial.obj (.int09)

WDT        0    0000fff4    00000002     
                  0000fff4    00000002     counter.obj (.int10)

.reset     0    0000fffe    00000002     
                  0000fffe    00000002     rts430_eabi.lib : boot.obj (.reset)


LINKER GENERATED COPY TABLES

__TI_cinit_table @ 0000ef36 records: 2, size/record: 4, table size: 8
	.data: load addr=0000ef10, load size=0000001b bytes, run addr=00000274, run size=0000001f bytes, compression=rle
	.bss: load addr=0000ef32, load size=00000004 bytes, run addr=00000200, run size=00000074 bytes, compression=zero_init


LINKER GENERATED HANDLER TABLE

__TI_handler_table @ 0000ef2c records: 3, size/record: 2, table size: 6
	index: 0, handler: __TI_zero_init
	index: 1, handler: __TI_decompress_rle24
	index: 2, handler: __TI_decompress_none


GLOBAL SYMBOLS: SORTED ALPHABETICALLY BY Name 

address    name
--------   ----
0000004a   ADC10AE0
000001b0   ADC10CTL0
000001b2   ADC10CTL1
00000048   ADC10DTC0
00000049   ADC10DTC1
000001b4   ADC10MEM
000001bc   ADC10SA
00000057   BCSCTL1
00000058   BCSCTL2
00000053   BCSCTL3
0000ec08   BTN_init
0000e862   BTN_read
0000e9ce   ByteToStr
0000edbe   C$$EXIT
00000059   CACTL1
0000005a   CACTL2
000010fb   CALBC1_12MHZ
000010f9   CALBC1_16MHZ
000010ff   CALBC1_1MHZ
000010fd   CALBC1_8MHZ
000010fa   CALDCO_12MHZ
000010f8   CALDCO_16MHZ
000010fe   CALDCO_1MHZ
000010fc   CALDCO_8MHZ
0000005b   CAPD
00000277   CTR_BEEPTRIGGER
00000278   CTR_DELAY
00000275   CTR_DISP
0000027a   CTR_MIN
00000276   CTR_ON
00000279   CTR_RUNNING
0000027b   CTR_SEC
0000e992   CTR_down
0000ea42   CTR_init
0000ec70   CTR_start
0000ec86   CTR_stop
0000ecde   CTR_up
00000056   DCOCTL
0000ed62   Data_RX
0000ebec   Data_TX
00000128   FCTL1
0000012a   FCTL2
0000012c   FCTL3
00000285   FLASH_BEEP_LEN
00000286   FLASH_BEEP_VOL
00000250   FLASH_BTN_DATA
00000248   FLASH_BTN_FUNC
00000274   FLASH_CTR_DELAY
00000284   FLASH_FLAGS
0000ebae   FLASH_init
00000000   IE1
00000002   IFG1
00000264   LED_FLAGS
00000262   LED_MINUTE
00000263   LED_SECOND
0000e5c6   LED_displaydigit
0000ed92   LED_off
0000ec9c   MCP_Read
0000ec22   MCP_Write
0000eab0   MCP_init
0000eb8a   MENU_add_btn_vector
0000edc2   MENU_btn_dummy_vector
0000ed72   MENU_init
00000022   P1DIR
00000025   P1IE
00000024   P1IES
00000023   P1IFG
00000020   P1IN
00000021   P1OUT
00000027   P1REN
00000026   P1SEL
00000041   P1SEL2
0000002a   P2DIR
0000002d   P2IE
0000002c   P2IES
0000002b   P2IFG
00000028   P2IN
00000029   P2OUT
0000002f   P2REN
0000002e   P2SEL
00000042   P2SEL2
00000172   TA0CCR0
00000174   TA0CCR1
00000176   TA0CCR2
00000162   TA0CCTL0
00000164   TA0CCTL1
00000166   TA0CCTL2
00000160   TA0CTL
0000012e   TA0IV
00000170   TA0R
0000ed1a   TimerA_UART_init
0000ed2c   TimerA_UART_print
0000eb62   TimerA_UART_tx
0000ea08   Timer_A0_ISR
0000e8be   Timer_A1_ISR
0000007a   USICCTL
0000007a   USICKCTL
0000007b   USICNT
00000078   USICTL
00000078   USICTL0
00000079   USICTL1
0000007c   USISR
0000007d   USISRH
0000007c   USISRL
0000e000   USI_TXRX
00000120   WDTCTL
0000e6ac   WDT_ISR
0000025a   _I2C_BUFFPTR
0000025e   _I2C_BYTECOUNT
00000260   _I2C_NUMBYTES
0000027e   _I2C_OPERATION
00000282   _I2C_RPT_START
00000258   _I2C_SLAVE
00000280   _I2C_SLAVE_PRESENT
0000025c   _I2C_State
00000300   __STACK_END
00000050   __STACK_SIZE
0000ef36   __TI_CINIT_Base
0000ef3e   __TI_CINIT_Limit
0000ef2c   __TI_Handler_Table_Base
0000ef32   __TI_Handler_Table_Limit
UNDEFED    __TI_INITARRAY_Base
UNDEFED    __TI_INITARRAY_Limit
00000001   __TI_args_main
0000ed3e   __TI_decompress_none
0000edb4   __TI_decompress_rle24
00000001   __TI_exit
0000ecf2   __TI_zero_init
ffffffff   __binit__
ffffffff   __c_args__
0000eb0a   __mspabi_divi
0000ecb2   __mspabi_divu
0000ed8e   __mspabi_func_epilog_1
0000ed8c   __mspabi_func_epilog_2
0000ed8a   __mspabi_func_epilog_3
0000ed88   __mspabi_func_epilog_4
0000ed86   __mspabi_func_epilog_5
0000ed84   __mspabi_func_epilog_6
0000ed82   __mspabi_func_epilog_7
0000ed06   __mspabi_mpyi
0000eb0a   __mspabi_remi
0000ecb2   __mspabi_remu
0000eb36   __mspabi_slli
0000eb5e   __mspabi_slli_1
0000eb4c   __mspabi_slli_10
0000eb4a   __mspabi_slli_11
0000eb48   __mspabi_slli_12
0000eb46   __mspabi_slli_13
0000eb44   __mspabi_slli_14
0000eb42   __mspabi_slli_15
0000eb5c   __mspabi_slli_2
0000eb5a   __mspabi_slli_3
0000eb58   __mspabi_slli_4
0000eb56   __mspabi_slli_5
0000eb54   __mspabi_slli_6
0000eb52   __mspabi_slli_7
0000eb50   __mspabi_slli_8
0000eb4e   __mspabi_slli_9
0000eade   __mspabi_srai
0000eb06   __mspabi_srai_1
0000eaf4   __mspabi_srai_10
0000eaf2   __mspabi_srai_11
0000eaf0   __mspabi_srai_12
0000eaee   __mspabi_srai_13
0000eaec   __mspabi_srai_14
0000eaea   __mspabi_srai_15
0000eb04   __mspabi_srai_2
0000eb02   __mspabi_srai_3
0000eb00   __mspabi_srai_4
0000eafe   __mspabi_srai_5
0000eafc   __mspabi_srai_6
0000eafa   __mspabi_srai_7
0000eaf8   __mspabi_srai_8
0000eaf6   __mspabi_srai_9
0000e804   _auto_init
0000026a   _btn_count
00000292   _btn_state
0000ec3c   _c_int00
0000ec3c   _c_int00_noexit
0000027c   _ctr_wdt_count
00000290   _digit_count
00000266   _disp_buff
0000fffe   _reset_vector
000002b0   _stack
0000edba   _system_pre_init
0000edbe   abort
0000e734   beep
ffffffff   binit
00000288   btn_func_count
00000228   btn_func_data
00000200   btn_func_list
00000214   btn_func_names
0000ea7a   buff2value
0000e1ca   check_input
00000289   context
0000e916   i2c_init
0000e954   i2c_reg_read
0000ebce   i2c_transmit
00000246   input_value
0000e340   main
0000ed50   memcpy
0000e486   menu_print
0000023c   menubuff
0000028a   menulen
0000edaa   print_input_prompt
00000271   rxBuffLen
00000270   rxBuffer
0000ef06   segments
0000ec56   serial_init
0000ed9e   start_count
00000272   start_count_value
0000026e   txData
0000ecc8   validate_input


GLOBAL SYMBOLS: SORTED BY Symbol Address 

address    name
--------   ----
00000000   IE1
00000001   __TI_args_main
00000001   __TI_exit
00000002   IFG1
00000020   P1IN
00000021   P1OUT
00000022   P1DIR
00000023   P1IFG
00000024   P1IES
00000025   P1IE
00000026   P1SEL
00000027   P1REN
00000028   P2IN
00000029   P2OUT
0000002a   P2DIR
0000002b   P2IFG
0000002c   P2IES
0000002d   P2IE
0000002e   P2SEL
0000002f   P2REN
00000041   P1SEL2
00000042   P2SEL2
00000048   ADC10DTC0
00000049   ADC10DTC1
0000004a   ADC10AE0
00000050   __STACK_SIZE
00000053   BCSCTL3
00000056   DCOCTL
00000057   BCSCTL1
00000058   BCSCTL2
00000059   CACTL1
0000005a   CACTL2
0000005b   CAPD
00000078   USICTL
00000078   USICTL0
00000079   USICTL1
0000007a   USICCTL
0000007a   USICKCTL
0000007b   USICNT
0000007c   USISR
0000007c   USISRL
0000007d   USISRH
00000120   WDTCTL
00000128   FCTL1
0000012a   FCTL2
0000012c   FCTL3
0000012e   TA0IV
00000160   TA0CTL
00000162   TA0CCTL0
00000164   TA0CCTL1
00000166   TA0CCTL2
00000170   TA0R
00000172   TA0CCR0
00000174   TA0CCR1
00000176   TA0CCR2
000001b0   ADC10CTL0
000001b2   ADC10CTL1
000001b4   ADC10MEM
000001bc   ADC10SA
00000200   btn_func_list
00000214   btn_func_names
00000228   btn_func_data
0000023c   menubuff
00000246   input_value
00000248   FLASH_BTN_FUNC
00000250   FLASH_BTN_DATA
00000258   _I2C_SLAVE
0000025a   _I2C_BUFFPTR
0000025c   _I2C_State
0000025e   _I2C_BYTECOUNT
00000260   _I2C_NUMBYTES
00000262   LED_MINUTE
00000263   LED_SECOND
00000264   LED_FLAGS
00000266   _disp_buff
0000026a   _btn_count
0000026e   txData
00000270   rxBuffer
00000271   rxBuffLen
00000272   start_count_value
00000274   FLASH_CTR_DELAY
00000275   CTR_DISP
00000276   CTR_ON
00000277   CTR_BEEPTRIGGER
00000278   CTR_DELAY
00000279   CTR_RUNNING
0000027a   CTR_MIN
0000027b   CTR_SEC
0000027c   _ctr_wdt_count
0000027e   _I2C_OPERATION
00000280   _I2C_SLAVE_PRESENT
00000282   _I2C_RPT_START
00000284   FLASH_FLAGS
00000285   FLASH_BEEP_LEN
00000286   FLASH_BEEP_VOL
00000288   btn_func_count
00000289   context
0000028a   menulen
00000290   _digit_count
00000292   _btn_state
000002b0   _stack
00000300   __STACK_END
000010f8   CALDCO_16MHZ
000010f9   CALBC1_16MHZ
000010fa   CALDCO_12MHZ
000010fb   CALBC1_12MHZ
000010fc   CALDCO_8MHZ
000010fd   CALBC1_8MHZ
000010fe   CALDCO_1MHZ
000010ff   CALBC1_1MHZ
0000e000   USI_TXRX
0000e1ca   check_input
0000e340   main
0000e486   menu_print
0000e5c6   LED_displaydigit
0000e6ac   WDT_ISR
0000e734   beep
0000e804   _auto_init
0000e862   BTN_read
0000e8be   Timer_A1_ISR
0000e916   i2c_init
0000e954   i2c_reg_read
0000e992   CTR_down
0000e9ce   ByteToStr
0000ea08   Timer_A0_ISR
0000ea42   CTR_init
0000ea7a   buff2value
0000eab0   MCP_init
0000eade   __mspabi_srai
0000eaea   __mspabi_srai_15
0000eaec   __mspabi_srai_14
0000eaee   __mspabi_srai_13
0000eaf0   __mspabi_srai_12
0000eaf2   __mspabi_srai_11
0000eaf4   __mspabi_srai_10
0000eaf6   __mspabi_srai_9
0000eaf8   __mspabi_srai_8
0000eafa   __mspabi_srai_7
0000eafc   __mspabi_srai_6
0000eafe   __mspabi_srai_5
0000eb00   __mspabi_srai_4
0000eb02   __mspabi_srai_3
0000eb04   __mspabi_srai_2
0000eb06   __mspabi_srai_1
0000eb0a   __mspabi_divi
0000eb0a   __mspabi_remi
0000eb36   __mspabi_slli
0000eb42   __mspabi_slli_15
0000eb44   __mspabi_slli_14
0000eb46   __mspabi_slli_13
0000eb48   __mspabi_slli_12
0000eb4a   __mspabi_slli_11
0000eb4c   __mspabi_slli_10
0000eb4e   __mspabi_slli_9
0000eb50   __mspabi_slli_8
0000eb52   __mspabi_slli_7
0000eb54   __mspabi_slli_6
0000eb56   __mspabi_slli_5
0000eb58   __mspabi_slli_4
0000eb5a   __mspabi_slli_3
0000eb5c   __mspabi_slli_2
0000eb5e   __mspabi_slli_1
0000eb62   TimerA_UART_tx
0000eb8a   MENU_add_btn_vector
0000ebae   FLASH_init
0000ebce   i2c_transmit
0000ebec   Data_TX
0000ec08   BTN_init
0000ec22   MCP_Write
0000ec3c   _c_int00
0000ec3c   _c_int00_noexit
0000ec56   serial_init
0000ec70   CTR_start
0000ec86   CTR_stop
0000ec9c   MCP_Read
0000ecb2   __mspabi_divu
0000ecb2   __mspabi_remu
0000ecc8   validate_input
0000ecde   CTR_up
0000ecf2   __TI_zero_init
0000ed06   __mspabi_mpyi
0000ed1a   TimerA_UART_init
0000ed2c   TimerA_UART_print
0000ed3e   __TI_decompress_none
0000ed50   memcpy
0000ed62   Data_RX
0000ed72   MENU_init
0000ed82   __mspabi_func_epilog_7
0000ed84   __mspabi_func_epilog_6
0000ed86   __mspabi_func_epilog_5
0000ed88   __mspabi_func_epilog_4
0000ed8a   __mspabi_func_epilog_3
0000ed8c   __mspabi_func_epilog_2
0000ed8e   __mspabi_func_epilog_1
0000ed92   LED_off
0000ed9e   start_count
0000edaa   print_input_prompt
0000edb4   __TI_decompress_rle24
0000edba   _system_pre_init
0000edbe   C$$EXIT
0000edbe   abort
0000edc2   MENU_btn_dummy_vector
0000ef06   segments
0000ef2c   __TI_Handler_Table_Base
0000ef32   __TI_Handler_Table_Limit
0000ef36   __TI_CINIT_Base
0000ef3e   __TI_CINIT_Limit
0000fffe   _reset_vector
ffffffff   __binit__
ffffffff   __c_args__
ffffffff   binit
UNDEFED    __TI_INITARRAY_Base
UNDEFED    __TI_INITARRAY_Limit

[213 symbols]
