<?xml version="1.0"?>
<link_info>
   <banner>MSP430 Linker PC v4.1.5</banner>
   <copyright>Copyright (c) 2003-2013 Texas Instruments Incorporated</copyright>
   <link_time>0x52b859bc</link_time>
   <output_file>LB001.out</output_file>
   <entry_point>
      <name>_c_int00</name>
      <address>0xe860</address>
   </entry_point>
   <input_file_list>
      <input_file id="fl-2">
         <path>.\</path>
         <kind>object</kind>
         <file>textconv.obj</file>
         <name>textconv.obj</name>
      </input_file>
      <input_file id="fl-3">
         <path>.\</path>
         <kind>object</kind>
         <file>serial.obj</file>
         <name>serial.obj</name>
      </input_file>
      <input_file id="fl-4">
         <path>.\</path>
         <kind>object</kind>
         <file>menu.obj</file>
         <name>menu.obj</name>
      </input_file>
      <input_file id="fl-5">
         <path>.\</path>
         <kind>object</kind>
         <file>main.obj</file>
         <name>main.obj</name>
      </input_file>
      <input_file id="fl-6">
         <path>.\</path>
         <kind>object</kind>
         <file>i2c_usi.obj</file>
         <name>i2c_usi.obj</name>
      </input_file>
      <input_file id="fl-7">
         <path>.\</path>
         <kind>object</kind>
         <file>flash.obj</file>
         <name>flash.obj</name>
      </input_file>
      <input_file id="fl-8">
         <path>.\</path>
         <kind>object</kind>
         <file>counter.obj</file>
         <name>counter.obj</name>
      </input_file>
      <input_file id="fl-9">
         <path>.\</path>
         <kind>object</kind>
         <file>button.obj</file>
         <name>button.obj</name>
      </input_file>
      <input_file id="fl-a">
         <path>.\</path>
         <kind>object</kind>
         <file>MCP23017.obj</file>
         <name>MCP23017.obj</name>
      </input_file>
      <input_file id="fl-b">
         <path>.\</path>
         <kind>object</kind>
         <file>LED.obj</file>
         <name>LED.obj</name>
      </input_file>
      <input_file id="fl-25">
         <path>C:\ti\ccsv5\tools\compiler\msp430_4.1.5\lib\</path>
         <kind>archive</kind>
         <file>rts430_eabi.lib</file>
         <name>asr16.obj</name>
      </input_file>
      <input_file id="fl-26">
         <path>C:\ti\ccsv5\tools\compiler\msp430_4.1.5\lib\</path>
         <kind>archive</kind>
         <file>rts430_eabi.lib</file>
         <name>boot.obj</name>
      </input_file>
      <input_file id="fl-27">
         <path>C:\ti\ccsv5\tools\compiler\msp430_4.1.5\lib\</path>
         <kind>archive</kind>
         <file>rts430_eabi.lib</file>
         <name>copy_decompress_none.obj</name>
      </input_file>
      <input_file id="fl-28">
         <path>C:\ti\ccsv5\tools\compiler\msp430_4.1.5\lib\</path>
         <kind>archive</kind>
         <file>rts430_eabi.lib</file>
         <name>copy_decompress_rle.obj</name>
      </input_file>
      <input_file id="fl-29">
         <path>C:\ti\ccsv5\tools\compiler\msp430_4.1.5\lib\</path>
         <kind>archive</kind>
         <file>rts430_eabi.lib</file>
         <name>copy_zero_init.obj</name>
      </input_file>
      <input_file id="fl-2a">
         <path>C:\ti\ccsv5\tools\compiler\msp430_4.1.5\lib\</path>
         <kind>archive</kind>
         <file>rts430_eabi.lib</file>
         <name>div16s.obj</name>
      </input_file>
      <input_file id="fl-2b">
         <path>C:\ti\ccsv5\tools\compiler\msp430_4.1.5\lib\</path>
         <kind>archive</kind>
         <file>rts430_eabi.lib</file>
         <name>div16u.obj</name>
      </input_file>
      <input_file id="fl-2c">
         <path>C:\ti\ccsv5\tools\compiler\msp430_4.1.5\lib\</path>
         <kind>archive</kind>
         <file>rts430_eabi.lib</file>
         <name>epilog.obj</name>
      </input_file>
      <input_file id="fl-2d">
         <path>C:\ti\ccsv5\tools\compiler\msp430_4.1.5\lib\</path>
         <kind>archive</kind>
         <file>rts430_eabi.lib</file>
         <name>exit.obj</name>
      </input_file>
      <input_file id="fl-2e">
         <path>C:\ti\ccsv5\tools\compiler\msp430_4.1.5\lib\</path>
         <kind>archive</kind>
         <file>rts430_eabi.lib</file>
         <name>lsl16.obj</name>
      </input_file>
      <input_file id="fl-2f">
         <path>C:\ti\ccsv5\tools\compiler\msp430_4.1.5\lib\</path>
         <kind>archive</kind>
         <file>rts430_eabi.lib</file>
         <name>memcpy.obj</name>
      </input_file>
      <input_file id="fl-30">
         <path>C:\ti\ccsv5\tools\compiler\msp430_4.1.5\lib\</path>
         <kind>archive</kind>
         <file>rts430_eabi.lib</file>
         <name>pre_init.obj</name>
      </input_file>
      <input_file id="fl-31">
         <path>C:\ti\ccsv5\tools\compiler\msp430_4.1.5\lib\</path>
         <kind>archive</kind>
         <file>rts430_eabi.lib</file>
         <name>_lock.obj</name>
      </input_file>
      <input_file id="fl-32">
         <path>C:\ti\ccsv5\tools\compiler\msp430_4.1.5\lib\</path>
         <kind>archive</kind>
         <file>rts430_eabi.lib</file>
         <name>args_main.obj</name>
      </input_file>
      <input_file id="fl-33">
         <path>C:\ti\ccsv5\tools\compiler\msp430_4.1.5\lib\</path>
         <kind>archive</kind>
         <file>rts430_eabi.lib</file>
         <name>autoinit.obj</name>
      </input_file>
   </input_file_list>
   <object_component_list>
      <object_component id="oc-54">
         <name>.stack</name>
         <uninitialized>true</uninitialized>
         <run_address>0x2b0</run_address>
         <size>0x2</size>
         <input_file_ref idref="fl-26"/>
      </object_component>
      <object_component id="oc-1ff">
         <name>.stack</name>
         <uninitialized>true</uninitialized>
         <run_address>0x2b0</run_address>
         <size>0x0</size>
      </object_component>
      <object_component id="oc-48">
         <name>.text:USI_TXRX</name>
         <load_address>0xe000</load_address>
         <run_address>0xe000</run_address>
         <size>0x1ca</size>
         <input_file_ref idref="fl-6"/>
      </object_component>
      <object_component id="oc-5e">
         <name>.text:main</name>
         <load_address>0xe1ca</load_address>
         <run_address>0xe1ca</run_address>
         <size>0xea</size>
         <input_file_ref idref="fl-5"/>
      </object_component>
      <object_component id="oc-e7">
         <name>.text:LED_displaydigit</name>
         <load_address>0xe2b4</load_address>
         <run_address>0xe2b4</run_address>
         <size>0xe6</size>
         <input_file_ref idref="fl-b"/>
      </object_component>
      <object_component id="oc-4e">
         <name>.text:WDT_ISR</name>
         <load_address>0xe39a</load_address>
         <run_address>0xe39a</run_address>
         <size>0x88</size>
         <input_file_ref idref="fl-8"/>
      </object_component>
      <object_component id="oc-14a">
         <name>.text:menu_print</name>
         <load_address>0xe422</load_address>
         <run_address>0xe422</run_address>
         <size>0x74</size>
         <input_file_ref idref="fl-4"/>
      </object_component>
      <object_component id="oc-78">
         <name>.text:__TI_decompress_rle_core</name>
         <load_address>0xe496</load_address>
         <run_address>0xe496</run_address>
         <size>0x5e</size>
         <input_file_ref idref="fl-28"/>
      </object_component>
      <object_component id="oc-5a">
         <name>.text:_auto_init</name>
         <load_address>0xe4f4</load_address>
         <run_address>0xe4f4</run_address>
         <size>0x5e</size>
         <input_file_ref idref="fl-33"/>
      </object_component>
      <object_component id="oc-ec">
         <name>.text:BTN_read</name>
         <load_address>0xe552</load_address>
         <run_address>0xe552</run_address>
         <size>0x5c</size>
         <input_file_ref idref="fl-9"/>
      </object_component>
      <object_component id="oc-42">
         <name>.text:Timer_A1_ISR</name>
         <load_address>0xe5ae</load_address>
         <run_address>0xe5ae</run_address>
         <size>0x58</size>
         <input_file_ref idref="fl-3"/>
      </object_component>
      <object_component id="oc-137">
         <name>.text:i2c_init</name>
         <load_address>0xe606</load_address>
         <run_address>0xe606</run_address>
         <size>0x3e</size>
         <input_file_ref idref="fl-6"/>
      </object_component>
      <object_component id="oc-1a7">
         <name>.text:i2c_reg_read</name>
         <load_address>0xe644</load_address>
         <run_address>0xe644</run_address>
         <size>0x3e</size>
         <input_file_ref idref="fl-6"/>
      </object_component>
      <object_component id="oc-bd">
         <name>.text:ctr_down</name>
         <load_address>0xe682</load_address>
         <run_address>0xe682</run_address>
         <size>0x3c</size>
         <input_file_ref idref="fl-8"/>
      </object_component>
      <object_component id="oc-3c">
         <name>.text:Timer_A0_ISR</name>
         <load_address>0xe6be</load_address>
         <run_address>0xe6be</run_address>
         <size>0x3a</size>
         <input_file_ref idref="fl-3"/>
      </object_component>
      <object_component id="oc-cc">
         <name>.text:MCP_init</name>
         <load_address>0xe6f8</load_address>
         <run_address>0xe6f8</run_address>
         <size>0x2e</size>
         <input_file_ref idref="fl-a"/>
      </object_component>
      <object_component id="oc-161">
         <name>.text</name>
         <load_address>0xe726</load_address>
         <run_address>0xe726</run_address>
         <size>0x2c</size>
         <input_file_ref idref="fl-25"/>
      </object_component>
      <object_component id="oc-155">
         <name>.text</name>
         <load_address>0xe752</load_address>
         <run_address>0xe752</run_address>
         <size>0x2c</size>
         <input_file_ref idref="fl-2a"/>
      </object_component>
      <object_component id="oc-f1">
         <name>.text</name>
         <load_address>0xe77e</load_address>
         <run_address>0xe77e</run_address>
         <size>0x2c</size>
         <input_file_ref idref="fl-2e"/>
      </object_component>
      <object_component id="oc-192">
         <name>.text:TimerA_UART_tx</name>
         <load_address>0xe7aa</load_address>
         <run_address>0xe7aa</run_address>
         <size>0x28</size>
         <input_file_ref idref="fl-3"/>
      </object_component>
      <object_component id="oc-b1">
         <name>.text:FLASH_init</name>
         <load_address>0xe7d2</load_address>
         <run_address>0xe7d2</run_address>
         <size>0x20</size>
         <input_file_ref idref="fl-7"/>
      </object_component>
      <object_component id="oc-184">
         <name>.text:i2c_transmit</name>
         <load_address>0xe7f2</load_address>
         <run_address>0xe7f2</run_address>
         <size>0x1e</size>
         <input_file_ref idref="fl-6"/>
      </object_component>
      <object_component id="oc-91">
         <name>.text:Data_TX</name>
         <load_address>0xe810</load_address>
         <run_address>0xe810</run_address>
         <size>0x1c</size>
         <input_file_ref idref="fl-6"/>
      </object_component>
      <object_component id="oc-d1">
         <name>.text:BTN_init</name>
         <load_address>0xe82c</load_address>
         <run_address>0xe82c</run_address>
         <size>0x1a</size>
         <input_file_ref idref="fl-9"/>
      </object_component>
      <object_component id="oc-13c">
         <name>.text:MCP_Write</name>
         <load_address>0xe846</load_address>
         <run_address>0xe846</run_address>
         <size>0x1a</size>
         <input_file_ref idref="fl-a"/>
      </object_component>
      <object_component id="oc-2b">
         <name>.text:_c_int00_noexit</name>
         <load_address>0xe860</load_address>
         <run_address>0xe860</run_address>
         <size>0x1a</size>
         <input_file_ref idref="fl-26"/>
      </object_component>
      <object_component id="oc-db">
         <name>.text:serial_init</name>
         <load_address>0xe87a</load_address>
         <run_address>0xe87a</run_address>
         <size>0x1a</size>
         <input_file_ref idref="fl-3"/>
      </object_component>
      <object_component id="oc-15c">
         <name>.text:MCP_Read</name>
         <load_address>0xe894</load_address>
         <run_address>0xe894</run_address>
         <size>0x16</size>
         <input_file_ref idref="fl-a"/>
      </object_component>
      <object_component id="oc-131">
         <name>.text:ctr_start</name>
         <load_address>0xe8aa</load_address>
         <run_address>0xe8aa</run_address>
         <size>0x16</size>
         <input_file_ref idref="fl-8"/>
      </object_component>
      <object_component id="oc-c2">
         <name>.text:ctr_stop</name>
         <load_address>0xe8c0</load_address>
         <run_address>0xe8c0</run_address>
         <size>0x16</size>
         <input_file_ref idref="fl-8"/>
      </object_component>
      <object_component id="oc-1a0">
         <name>.text</name>
         <load_address>0xe8d6</load_address>
         <run_address>0xe8d6</run_address>
         <size>0x16</size>
         <input_file_ref idref="fl-2b"/>
      </object_component>
      <object_component id="oc-b6">
         <name>.text:ctr_up</name>
         <load_address>0xe8ec</load_address>
         <run_address>0xe8ec</run_address>
         <size>0x14</size>
         <input_file_ref idref="fl-8"/>
      </object_component>
      <object_component id="oc-34">
         <name>.text:decompress:ZI:__TI_zero_init</name>
         <load_address>0xe900</load_address>
         <run_address>0xe900</run_address>
         <size>0x14</size>
         <input_file_ref idref="fl-29"/>
      </object_component>
      <object_component id="oc-144">
         <name>.text:TimerA_UART_init</name>
         <load_address>0xe914</load_address>
         <run_address>0xe914</run_address>
         <size>0x12</size>
         <input_file_ref idref="fl-3"/>
      </object_component>
      <object_component id="oc-18d">
         <name>.text:TimerA_UART_print</name>
         <load_address>0xe926</load_address>
         <run_address>0xe926</run_address>
         <size>0x12</size>
         <input_file_ref idref="fl-3"/>
      </object_component>
      <object_component id="oc-30">
         <name>.text:decompress:none:__TI_decompress_none</name>
         <load_address>0xe938</load_address>
         <run_address>0xe938</run_address>
         <size>0x12</size>
         <input_file_ref idref="fl-27"/>
      </object_component>
      <object_component id="oc-68">
         <name>.text:memcpy</name>
         <load_address>0xe94a</load_address>
         <run_address>0xe94a</run_address>
         <size>0x12</size>
         <input_file_ref idref="fl-2f"/>
      </object_component>
      <object_component id="oc-96">
         <name>.text:Data_RX</name>
         <load_address>0xe95c</load_address>
         <run_address>0xe95c</run_address>
         <size>0x10</size>
         <input_file_ref idref="fl-6"/>
      </object_component>
      <object_component id="oc-e0">
         <name>.text:check_input</name>
         <load_address>0xe96c</load_address>
         <run_address>0xe96c</run_address>
         <size>0x10</size>
         <input_file_ref idref="fl-4"/>
      </object_component>
      <object_component id="oc-ac">
         <name>.text</name>
         <load_address>0xe97c</load_address>
         <run_address>0xe97c</run_address>
         <size>0x10</size>
         <input_file_ref idref="fl-2c"/>
      </object_component>
      <object_component id="oc-d6">
         <name>.text:ctr_init</name>
         <load_address>0xe98c</load_address>
         <run_address>0xe98c</run_address>
         <size>0xe</size>
         <input_file_ref idref="fl-8"/>
      </object_component>
      <object_component id="oc-c7">
         <name>.text:start_count</name>
         <load_address>0xe99a</load_address>
         <run_address>0xe99a</run_address>
         <size>0xc</size>
         <input_file_ref idref="fl-5"/>
      </object_component>
      <object_component id="oc-38">
         <name>.text:decompress:rle24:__TI_decompress_rle24</name>
         <load_address>0xe9a6</load_address>
         <run_address>0xe9a6</run_address>
         <size>0x6</size>
         <input_file_ref idref="fl-28"/>
      </object_component>
      <object_component id="oc-56">
         <name>.text:_system_pre_init</name>
         <load_address>0xe9ac</load_address>
         <run_address>0xe9ac</run_address>
         <size>0x4</size>
         <input_file_ref idref="fl-30"/>
      </object_component>
      <object_component id="oc-63">
         <name>.text:abort</name>
         <load_address>0xe9b0</load_address>
         <run_address>0xe9b0</run_address>
         <size>0x4</size>
         <input_file_ref idref="fl-2d"/>
      </object_component>
      <object_component id="oc-120">
         <name>.text:FLASH_dummy</name>
         <load_address>0xe9b4</load_address>
         <run_address>0xe9b4</run_address>
         <size>0x2</size>
         <input_file_ref idref="fl-7"/>
      </object_component>
      <object_component id="oc-1fe">
         <name>.cinit..data.load</name>
         <load_address>0xea28</load_address>
         <run_address>0xea28</run_address>
         <size>0x1d</size>
      </object_component>
      <object_component id="oc-1fb">
         <name>__TI_handler_table</name>
         <load_address>0xea46</load_address>
         <run_address>0xea46</run_address>
         <size>0x6</size>
      </object_component>
      <object_component id="oc-1fd">
         <name>.cinit..bss.load</name>
         <load_address>0xea4c</load_address>
         <run_address>0xea4c</run_address>
         <size>0x4</size>
      </object_component>
      <object_component id="oc-1fc">
         <name>__TI_cinit_table</name>
         <load_address>0xea50</load_address>
         <run_address>0xea50</run_address>
         <size>0x8</size>
      </object_component>
      <object_component id="oc-18c">
         <name>.const:.string</name>
         <load_address>0xe9b6</load_address>
         <run_address>0xe9b6</run_address>
         <size>0x5e</size>
         <input_file_ref idref="fl-4"/>
      </object_component>
      <object_component id="oc-159">
         <name>.const:.string:segments</name>
         <load_address>0xea14</load_address>
         <run_address>0xea14</run_address>
         <size>0xa</size>
         <input_file_ref idref="fl-b"/>
      </object_component>
      <object_component id="oc-197">
         <name>.const:btn_func_list</name>
         <load_address>0xea1e</load_address>
         <run_address>0xea1e</run_address>
         <size>0xa</size>
         <input_file_ref idref="fl-4"/>
      </object_component>
      <object_component id="oc-49">
         <name>.int04</name>
         <load_address>0xffe8</load_address>
         <run_address>0xffe8</run_address>
         <size>0x2</size>
         <input_file_ref idref="fl-6"/>
      </object_component>
      <object_component id="oc-43">
         <name>.int08</name>
         <load_address>0xfff0</load_address>
         <run_address>0xfff0</run_address>
         <size>0x2</size>
         <input_file_ref idref="fl-3"/>
      </object_component>
      <object_component id="oc-3d">
         <name>.int09</name>
         <load_address>0xfff2</load_address>
         <run_address>0xfff2</run_address>
         <size>0x2</size>
         <input_file_ref idref="fl-3"/>
      </object_component>
      <object_component id="oc-4f">
         <name>.int10</name>
         <load_address>0xfff4</load_address>
         <run_address>0xfff4</run_address>
         <size>0x2</size>
         <input_file_ref idref="fl-8"/>
      </object_component>
      <object_component id="oc-2c">
         <name>.reset</name>
         <load_address>0xfffe</load_address>
         <run_address>0xfffe</run_address>
         <size>0x2</size>
         <input_file_ref idref="fl-26"/>
      </object_component>
      <object_component id="oc-84">
         <name>.bss</name>
         <uninitialized>true</uninitialized>
         <run_address>0x226</run_address>
         <size>0x4</size>
         <input_file_ref idref="fl-3"/>
      </object_component>
      <object_component id="oc-8d">
         <name>.bss</name>
         <uninitialized>true</uninitialized>
         <run_address>0x210</run_address>
         <size>0xa</size>
         <input_file_ref idref="fl-6"/>
      </object_component>
      <object_component id="oc-bb">
         <name>.bss</name>
         <uninitialized>true</uninitialized>
         <run_address>0x200</run_address>
         <size>0x10</size>
         <input_file_ref idref="fl-7"/>
      </object_component>
      <object_component id="oc-e5">
         <name>.bss</name>
         <uninitialized>true</uninitialized>
         <run_address>0x21a</run_address>
         <size>0x8</size>
         <input_file_ref idref="fl-b"/>
      </object_component>
      <object_component id="oc-f5">
         <name>.bss</name>
         <uninitialized>true</uninitialized>
         <run_address>0x22a</run_address>
         <size>0x2</size>
         <input_file_ref idref="fl-5"/>
      </object_component>
      <object_component id="oc-167">
         <name>.bss</name>
         <uninitialized>true</uninitialized>
         <run_address>0x222</run_address>
         <size>0x4</size>
         <input_file_ref idref="fl-9"/>
      </object_component>
      <object_component id="oc-83">
         <name>.data</name>
         <load_address>0x246</load_address>
         <run_address>0x246</run_address>
         <size>0x3</size>
         <input_file_ref idref="fl-3"/>
      </object_component>
      <object_component id="oc-8f">
         <name>.data</name>
         <load_address>0x240</load_address>
         <run_address>0x240</run_address>
         <size>0x6</size>
         <input_file_ref idref="fl-6"/>
      </object_component>
      <object_component id="oc-9c">
         <name>.data</name>
         <load_address>0x236</load_address>
         <run_address>0x236</run_address>
         <size>0x9</size>
         <input_file_ref idref="fl-8"/>
      </object_component>
      <object_component id="oc-153">
         <name>.data</name>
         <load_address>0x24a</load_address>
         <run_address>0x24a</run_address>
         <size>0x1</size>
         <input_file_ref idref="fl-b"/>
      </object_component>
      <object_component id="oc-165">
         <name>.data</name>
         <load_address>0x24c</load_address>
         <run_address>0x24c</run_address>
         <size>0x1</size>
         <input_file_ref idref="fl-9"/>
      </object_component>
      <object_component id="oc-199">
         <name>.data:btn_func_names</name>
         <load_address>0x22c</load_address>
         <run_address>0x22c</run_address>
         <size>0xa</size>
         <input_file_ref idref="fl-4"/>
      </object_component>
      <object_component id="oc-2d">
         <name>.debug_info</name>
         <load_address>0x0</load_address>
         <run_address>0x0</run_address>
         <size>0x129</size>
         <input_file_ref idref="fl-26"/>
      </object_component>
      <object_component id="oc-31">
         <name>.debug_info</name>
         <load_address>0x129</load_address>
         <run_address>0x129</run_address>
         <size>0x159</size>
         <input_file_ref idref="fl-27"/>
      </object_component>
      <object_component id="oc-35">
         <name>.debug_info</name>
         <load_address>0x282</load_address>
         <run_address>0x282</run_address>
         <size>0x193</size>
         <input_file_ref idref="fl-29"/>
      </object_component>
      <object_component id="oc-39">
         <name>.debug_info</name>
         <load_address>0x415</load_address>
         <run_address>0x415</run_address>
         <size>0x16a</size>
         <input_file_ref idref="fl-28"/>
      </object_component>
      <object_component id="oc-3e">
         <name>.debug_info</name>
         <load_address>0x57f</load_address>
         <run_address>0x57f</run_address>
         <size>0x148</size>
         <input_file_ref idref="fl-3"/>
      </object_component>
      <object_component id="oc-44">
         <name>.debug_info</name>
         <load_address>0x6c7</load_address>
         <run_address>0x6c7</run_address>
         <size>0x15d</size>
         <input_file_ref idref="fl-3"/>
      </object_component>
      <object_component id="oc-4a">
         <name>.debug_info</name>
         <load_address>0x824</load_address>
         <run_address>0x824</run_address>
         <size>0x13b</size>
         <input_file_ref idref="fl-6"/>
      </object_component>
      <object_component id="oc-50">
         <name>.debug_info</name>
         <load_address>0x95f</load_address>
         <run_address>0x95f</run_address>
         <size>0x11c</size>
         <input_file_ref idref="fl-8"/>
      </object_component>
      <object_component id="oc-55">
         <name>.debug_info</name>
         <load_address>0xa7b</load_address>
         <run_address>0xa7b</run_address>
         <size>0xaa</size>
         <input_file_ref idref="fl-26"/>
      </object_component>
      <object_component id="oc-57">
         <name>.debug_info</name>
         <load_address>0xb25</load_address>
         <run_address>0xb25</run_address>
         <size>0x101</size>
         <input_file_ref idref="fl-30"/>
      </object_component>
      <object_component id="oc-5b">
         <name>.debug_info</name>
         <load_address>0xc26</load_address>
         <run_address>0xc26</run_address>
         <size>0x1aa</size>
         <input_file_ref idref="fl-33"/>
      </object_component>
      <object_component id="oc-5f">
         <name>.debug_info</name>
         <load_address>0xdd0</load_address>
         <run_address>0xdd0</run_address>
         <size>0x30f</size>
         <input_file_ref idref="fl-5"/>
      </object_component>
      <object_component id="oc-64">
         <name>.debug_info</name>
         <load_address>0x10df</load_address>
         <run_address>0x10df</run_address>
         <size>0x121</size>
         <input_file_ref idref="fl-2d"/>
      </object_component>
      <object_component id="oc-69">
         <name>.debug_info</name>
         <load_address>0x1200</load_address>
         <run_address>0x1200</run_address>
         <size>0x160</size>
         <input_file_ref idref="fl-2f"/>
      </object_component>
      <object_component id="oc-6d">
         <name>.debug_info</name>
         <load_address>0x1360</load_address>
         <run_address>0x1360</run_address>
         <size>0x46</size>
         <input_file_ref idref="fl-27"/>
      </object_component>
      <object_component id="oc-73">
         <name>.debug_info</name>
         <load_address>0x13a6</load_address>
         <run_address>0x13a6</run_address>
         <size>0x46</size>
         <input_file_ref idref="fl-29"/>
      </object_component>
      <object_component id="oc-79">
         <name>.debug_info</name>
         <load_address>0x13ec</load_address>
         <run_address>0x13ec</run_address>
         <size>0x312</size>
         <input_file_ref idref="fl-28"/>
      </object_component>
      <object_component id="oc-7d">
         <name>.debug_info</name>
         <load_address>0x16fe</load_address>
         <run_address>0x16fe</run_address>
         <size>0x124</size>
         <input_file_ref idref="fl-28"/>
      </object_component>
      <object_component id="oc-7e">
         <name>.debug_info</name>
         <load_address>0x1822</load_address>
         <run_address>0x1822</run_address>
         <size>0x39</size>
         <input_file_ref idref="fl-28"/>
      </object_component>
      <object_component id="oc-85">
         <name>.debug_info</name>
         <load_address>0x185b</load_address>
         <run_address>0x185b</run_address>
         <size>0x12c</size>
         <input_file_ref idref="fl-3"/>
      </object_component>
      <object_component id="oc-87">
         <name>.debug_info</name>
         <load_address>0x1987</load_address>
         <run_address>0x1987</run_address>
         <size>0x8b</size>
         <input_file_ref idref="fl-3"/>
      </object_component>
      <object_component id="oc-8e">
         <name>.debug_info</name>
         <load_address>0x1a12</load_address>
         <run_address>0x1a12</run_address>
         <size>0x197</size>
         <input_file_ref idref="fl-6"/>
      </object_component>
      <object_component id="oc-90">
         <name>.debug_info</name>
         <load_address>0x1ba9</load_address>
         <run_address>0x1ba9</run_address>
         <size>0x15b</size>
         <input_file_ref idref="fl-6"/>
      </object_component>
      <object_component id="oc-92">
         <name>.debug_info</name>
         <load_address>0x1d04</load_address>
         <run_address>0x1d04</run_address>
         <size>0x11e</size>
         <input_file_ref idref="fl-6"/>
      </object_component>
      <object_component id="oc-97">
         <name>.debug_info</name>
         <load_address>0x1e22</load_address>
         <run_address>0x1e22</run_address>
         <size>0x11e</size>
         <input_file_ref idref="fl-6"/>
      </object_component>
      <object_component id="oc-9d">
         <name>.debug_info</name>
         <load_address>0x1f40</load_address>
         <run_address>0x1f40</run_address>
         <size>0x21d</size>
         <input_file_ref idref="fl-8"/>
      </object_component>
      <object_component id="oc-a1">
         <name>.debug_info</name>
         <load_address>0x215d</load_address>
         <run_address>0x215d</run_address>
         <size>0x89</size>
         <input_file_ref idref="fl-26"/>
      </object_component>
      <object_component id="oc-a7">
         <name>.debug_info</name>
         <load_address>0x21e6</load_address>
         <run_address>0x21e6</run_address>
         <size>0x84</size>
         <input_file_ref idref="fl-28"/>
      </object_component>
      <object_component id="oc-ad">
         <name>.debug_info</name>
         <load_address>0x226a</load_address>
         <run_address>0x226a</run_address>
         <size>0xe2</size>
         <input_file_ref idref="fl-2c"/>
      </object_component>
      <object_component id="oc-b2">
         <name>.debug_info</name>
         <load_address>0x234c</load_address>
         <run_address>0x234c</run_address>
         <size>0x18a</size>
         <input_file_ref idref="fl-7"/>
      </object_component>
      <object_component id="oc-b7">
         <name>.debug_info</name>
         <load_address>0x24d6</load_address>
         <run_address>0x24d6</run_address>
         <size>0x119</size>
         <input_file_ref idref="fl-8"/>
      </object_component>
      <object_component id="oc-bc">
         <name>.debug_info</name>
         <load_address>0x25ef</load_address>
         <run_address>0x25ef</run_address>
         <size>0x124</size>
         <input_file_ref idref="fl-7"/>
      </object_component>
      <object_component id="oc-be">
         <name>.debug_info</name>
         <load_address>0x2713</load_address>
         <run_address>0x2713</run_address>
         <size>0x123</size>
         <input_file_ref idref="fl-8"/>
      </object_component>
      <object_component id="oc-c3">
         <name>.debug_info</name>
         <load_address>0x2836</load_address>
         <run_address>0x2836</run_address>
         <size>0x11d</size>
         <input_file_ref idref="fl-8"/>
      </object_component>
      <object_component id="oc-c8">
         <name>.debug_info</name>
         <load_address>0x2953</load_address>
         <run_address>0x2953</run_address>
         <size>0x12a</size>
         <input_file_ref idref="fl-5"/>
      </object_component>
      <object_component id="oc-cd">
         <name>.debug_info</name>
         <load_address>0x2a7d</load_address>
         <run_address>0x2a7d</run_address>
         <size>0x1e3</size>
         <input_file_ref idref="fl-a"/>
      </object_component>
      <object_component id="oc-d2">
         <name>.debug_info</name>
         <load_address>0x2c60</load_address>
         <run_address>0x2c60</run_address>
         <size>0x13a</size>
         <input_file_ref idref="fl-9"/>
      </object_component>
      <object_component id="oc-d7">
         <name>.debug_info</name>
         <load_address>0x2d9a</load_address>
         <run_address>0x2d9a</run_address>
         <size>0x11d</size>
         <input_file_ref idref="fl-8"/>
      </object_component>
      <object_component id="oc-dc">
         <name>.debug_info</name>
         <load_address>0x2eb7</load_address>
         <run_address>0x2eb7</run_address>
         <size>0x137</size>
         <input_file_ref idref="fl-3"/>
      </object_component>
      <object_component id="oc-e1">
         <name>.debug_info</name>
         <load_address>0x2fee</load_address>
         <run_address>0x2fee</run_address>
         <size>0x12b</size>
         <input_file_ref idref="fl-4"/>
      </object_component>
      <object_component id="oc-e6">
         <name>.debug_info</name>
         <load_address>0x3119</load_address>
         <run_address>0x3119</run_address>
         <size>0x15a</size>
         <input_file_ref idref="fl-b"/>
      </object_component>
      <object_component id="oc-e8">
         <name>.debug_info</name>
         <load_address>0x3273</load_address>
         <run_address>0x3273</run_address>
         <size>0x1b5</size>
         <input_file_ref idref="fl-b"/>
      </object_component>
      <object_component id="oc-ed">
         <name>.debug_info</name>
         <load_address>0x3428</load_address>
         <run_address>0x3428</run_address>
         <size>0x21a</size>
         <input_file_ref idref="fl-9"/>
      </object_component>
      <object_component id="oc-f2">
         <name>.debug_info</name>
         <load_address>0x3642</load_address>
         <run_address>0x3642</run_address>
         <size>0xd4</size>
         <input_file_ref idref="fl-2e"/>
      </object_component>
      <object_component id="oc-f6">
         <name>.debug_info</name>
         <load_address>0x3716</load_address>
         <run_address>0x3716</run_address>
         <size>0xfc</size>
         <input_file_ref idref="fl-5"/>
      </object_component>
      <object_component id="oc-f8">
         <name>.debug_info</name>
         <load_address>0x3812</load_address>
         <run_address>0x3812</run_address>
         <size>0x90</size>
         <input_file_ref idref="fl-4"/>
      </object_component>
      <object_component id="oc-ff">
         <name>.debug_info</name>
         <load_address>0x38a2</load_address>
         <run_address>0x38a2</run_address>
         <size>0x112</size>
         <input_file_ref idref="fl-2f"/>
      </object_component>
      <object_component id="oc-100">
         <name>.debug_info</name>
         <load_address>0x39b4</load_address>
         <run_address>0x39b4</run_address>
         <size>0x2c</size>
         <input_file_ref idref="fl-28"/>
      </object_component>
      <object_component id="oc-105">
         <name>.debug_info</name>
         <load_address>0x39e0</load_address>
         <run_address>0x39e0</run_address>
         <size>0x46</size>
         <input_file_ref idref="fl-27"/>
      </object_component>
      <object_component id="oc-10a">
         <name>.debug_info</name>
         <load_address>0x3a26</load_address>
         <run_address>0x3a26</run_address>
         <size>0x15a</size>
         <input_file_ref idref="fl-27"/>
      </object_component>
      <object_component id="oc-10b">
         <name>.debug_info</name>
         <load_address>0x3b80</load_address>
         <run_address>0x3b80</run_address>
         <size>0x11a</size>
         <input_file_ref idref="fl-29"/>
      </object_component>
      <object_component id="oc-113">
         <name>.debug_info</name>
         <load_address>0x3c9a</load_address>
         <run_address>0x3c9a</run_address>
         <size>0x31f</size>
         <input_file_ref idref="fl-6"/>
      </object_component>
      <object_component id="oc-11a">
         <name>.debug_info</name>
         <load_address>0x3fb9</load_address>
         <run_address>0x3fb9</run_address>
         <size>0x84</size>
         <input_file_ref idref="fl-2"/>
      </object_component>
      <object_component id="oc-121">
         <name>.debug_info</name>
         <load_address>0x403d</load_address>
         <run_address>0x403d</run_address>
         <size>0x11d</size>
         <input_file_ref idref="fl-7"/>
      </object_component>
      <object_component id="oc-126">
         <name>.debug_info</name>
         <load_address>0x415a</load_address>
         <run_address>0x415a</run_address>
         <size>0x89</size>
         <input_file_ref idref="fl-7"/>
      </object_component>
      <object_component id="oc-12e">
         <name>.debug_info</name>
         <load_address>0x41e3</load_address>
         <run_address>0x41e3</run_address>
         <size>0x160</size>
         <input_file_ref idref="fl-7"/>
      </object_component>
      <object_component id="oc-132">
         <name>.debug_info</name>
         <load_address>0x4343</load_address>
         <run_address>0x4343</run_address>
         <size>0x15b</size>
         <input_file_ref idref="fl-8"/>
      </object_component>
      <object_component id="oc-138">
         <name>.debug_info</name>
         <load_address>0x449e</load_address>
         <run_address>0x449e</run_address>
         <size>0x157</size>
         <input_file_ref idref="fl-6"/>
      </object_component>
      <object_component id="oc-13d">
         <name>.debug_info</name>
         <load_address>0x45f5</load_address>
         <run_address>0x45f5</run_address>
         <size>0x197</size>
         <input_file_ref idref="fl-a"/>
      </object_component>
      <object_component id="oc-145">
         <name>.debug_info</name>
         <load_address>0x478c</load_address>
         <run_address>0x478c</run_address>
         <size>0x12a</size>
         <input_file_ref idref="fl-3"/>
      </object_component>
      <object_component id="oc-14b">
         <name>.debug_info</name>
         <load_address>0x48b6</load_address>
         <run_address>0x48b6</run_address>
         <size>0x2ab</size>
         <input_file_ref idref="fl-4"/>
      </object_component>
      <object_component id="oc-152">
         <name>.debug_info</name>
         <load_address>0x4b61</load_address>
         <run_address>0x4b61</run_address>
         <size>0x184</size>
         <input_file_ref idref="fl-b"/>
      </object_component>
      <object_component id="oc-154">
         <name>.debug_info</name>
         <load_address>0x4ce5</load_address>
         <run_address>0x4ce5</run_address>
         <size>0xf1</size>
         <input_file_ref idref="fl-b"/>
      </object_component>
      <object_component id="oc-156">
         <name>.debug_info</name>
         <load_address>0x4dd6</load_address>
         <run_address>0x4dd6</run_address>
         <size>0xe9</size>
         <input_file_ref idref="fl-2a"/>
      </object_component>
      <object_component id="oc-15a">
         <name>.debug_info</name>
         <load_address>0x4ebf</load_address>
         <run_address>0x4ebf</run_address>
         <size>0xe9</size>
         <input_file_ref idref="fl-b"/>
      </object_component>
      <object_component id="oc-15d">
         <name>.debug_info</name>
         <load_address>0x4fa8</load_address>
         <run_address>0x4fa8</run_address>
         <size>0x17b</size>
         <input_file_ref idref="fl-a"/>
      </object_component>
      <object_component id="oc-162">
         <name>.debug_info</name>
         <load_address>0x5123</load_address>
         <run_address>0x5123</run_address>
         <size>0xd4</size>
         <input_file_ref idref="fl-25"/>
      </object_component>
      <object_component id="oc-166">
         <name>.debug_info</name>
         <load_address>0x51f7</load_address>
         <run_address>0x51f7</run_address>
         <size>0xf0</size>
         <input_file_ref idref="fl-9"/>
      </object_component>
      <object_component id="oc-168">
         <name>.debug_info</name>
         <load_address>0x52e7</load_address>
         <run_address>0x52e7</run_address>
         <size>0xf0</size>
         <input_file_ref idref="fl-9"/>
      </object_component>
      <object_component id="oc-16f">
         <name>.debug_info</name>
         <load_address>0x53d7</load_address>
         <run_address>0x53d7</run_address>
         <size>0x90</size>
         <input_file_ref idref="fl-2f"/>
      </object_component>
      <object_component id="oc-17d">
         <name>.debug_info</name>
         <load_address>0x5467</load_address>
         <run_address>0x5467</run_address>
         <size>0x2c</size>
         <input_file_ref idref="fl-4"/>
      </object_component>
      <object_component id="oc-185">
         <name>.debug_info</name>
         <load_address>0x5493</load_address>
         <run_address>0x5493</run_address>
         <size>0x1af</size>
         <input_file_ref idref="fl-6"/>
      </object_component>
      <object_component id="oc-18a">
         <name>.debug_info</name>
         <load_address>0x5642</load_address>
         <run_address>0x5642</run_address>
         <size>0x1e2</size>
         <input_file_ref idref="fl-a"/>
      </object_component>
      <object_component id="oc-18e">
         <name>.debug_info</name>
         <load_address>0x5824</load_address>
         <run_address>0x5824</run_address>
         <size>0x1d9</size>
         <input_file_ref idref="fl-3"/>
      </object_component>
      <object_component id="oc-193">
         <name>.debug_info</name>
         <load_address>0x59fd</load_address>
         <run_address>0x59fd</run_address>
         <size>0x1ad</size>
         <input_file_ref idref="fl-3"/>
      </object_component>
      <object_component id="oc-198">
         <name>.debug_info</name>
         <load_address>0x5baa</load_address>
         <run_address>0x5baa</run_address>
         <size>0xf4</size>
         <input_file_ref idref="fl-4"/>
      </object_component>
      <object_component id="oc-19a">
         <name>.debug_info</name>
         <load_address>0x5c9e</load_address>
         <run_address>0x5c9e</run_address>
         <size>0xf6</size>
         <input_file_ref idref="fl-4"/>
      </object_component>
      <object_component id="oc-1a1">
         <name>.debug_info</name>
         <load_address>0x5d94</load_address>
         <run_address>0x5d94</run_address>
         <size>0xd5</size>
         <input_file_ref idref="fl-2b"/>
      </object_component>
      <object_component id="oc-1a8">
         <name>.debug_info</name>
         <load_address>0x5e69</load_address>
         <run_address>0x5e69</run_address>
         <size>0x1e2</size>
         <input_file_ref idref="fl-6"/>
      </object_component>
      <object_component id="oc-1b2">
         <name>.debug_info</name>
         <load_address>0x604b</load_address>
         <run_address>0x604b</run_address>
         <size>0x19a</size>
         <input_file_ref idref="fl-9"/>
      </object_component>
      <object_component id="oc-1b3">
         <name>.debug_info</name>
         <load_address>0x61e5</load_address>
         <run_address>0x61e5</run_address>
         <size>0x2a9</size>
         <input_file_ref idref="fl-4"/>
      </object_component>
      <object_component id="oc-1b8">
         <name>.debug_info</name>
         <load_address>0x648e</load_address>
         <run_address>0x648e</run_address>
         <size>0x27d</size>
         <input_file_ref idref="fl-3"/>
      </object_component>
      <object_component id="oc-200">
         <name>.debug_info</name>
         <load_address>0x670b</load_address>
         <run_address>0x670b</run_address>
         <size>0xc0</size>
      </object_component>
      <object_component id="oc-2e">
         <name>.debug_line</name>
         <load_address>0x0</load_address>
         <run_address>0x0</run_address>
         <size>0x3b</size>
         <input_file_ref idref="fl-26"/>
      </object_component>
      <object_component id="oc-32">
         <name>.debug_line</name>
         <load_address>0x3b</load_address>
         <run_address>0x3b</run_address>
         <size>0x4b</size>
         <input_file_ref idref="fl-27"/>
      </object_component>
      <object_component id="oc-36">
         <name>.debug_line</name>
         <load_address>0x86</load_address>
         <run_address>0x86</run_address>
         <size>0x4a</size>
         <input_file_ref idref="fl-29"/>
      </object_component>
      <object_component id="oc-3a">
         <name>.debug_line</name>
         <load_address>0xd0</load_address>
         <run_address>0xd0</run_address>
         <size>0x4a</size>
         <input_file_ref idref="fl-28"/>
      </object_component>
      <object_component id="oc-3f">
         <name>.debug_line</name>
         <load_address>0x11a</load_address>
         <run_address>0x11a</run_address>
         <size>0x53</size>
         <input_file_ref idref="fl-3"/>
      </object_component>
      <object_component id="oc-45">
         <name>.debug_line</name>
         <load_address>0x16d</load_address>
         <run_address>0x16d</run_address>
         <size>0x5d</size>
         <input_file_ref idref="fl-3"/>
      </object_component>
      <object_component id="oc-4b">
         <name>.debug_line</name>
         <load_address>0x1ca</load_address>
         <run_address>0x1ca</run_address>
         <size>0x150</size>
         <input_file_ref idref="fl-6"/>
      </object_component>
      <object_component id="oc-51">
         <name>.debug_line</name>
         <load_address>0x31a</load_address>
         <run_address>0x31a</run_address>
         <size>0x7d</size>
         <input_file_ref idref="fl-8"/>
      </object_component>
      <object_component id="oc-58">
         <name>.debug_line</name>
         <load_address>0x397</load_address>
         <run_address>0x397</run_address>
         <size>0x3c</size>
         <input_file_ref idref="fl-30"/>
      </object_component>
      <object_component id="oc-5c">
         <name>.debug_line</name>
         <load_address>0x3d3</load_address>
         <run_address>0x3d3</run_address>
         <size>0x4e</size>
         <input_file_ref idref="fl-33"/>
      </object_component>
      <object_component id="oc-60">
         <name>.debug_line</name>
         <load_address>0x421</load_address>
         <run_address>0x421</run_address>
         <size>0x84</size>
         <input_file_ref idref="fl-5"/>
      </object_component>
      <object_component id="oc-65">
         <name>.debug_line</name>
         <load_address>0x4a5</load_address>
         <run_address>0x4a5</run_address>
         <size>0x38</size>
         <input_file_ref idref="fl-2d"/>
      </object_component>
      <object_component id="oc-6a">
         <name>.debug_line</name>
         <load_address>0x4dd</load_address>
         <run_address>0x4dd</run_address>
         <size>0x3f</size>
         <input_file_ref idref="fl-2f"/>
      </object_component>
      <object_component id="oc-6f">
         <name>.debug_line</name>
         <load_address>0x51c</load_address>
         <run_address>0x51c</run_address>
         <size>0x3a</size>
         <input_file_ref idref="fl-27"/>
      </object_component>
      <object_component id="oc-75">
         <name>.debug_line</name>
         <load_address>0x556</load_address>
         <run_address>0x556</run_address>
         <size>0x34</size>
         <input_file_ref idref="fl-29"/>
      </object_component>
      <object_component id="oc-7a">
         <name>.debug_line</name>
         <load_address>0x58a</load_address>
         <run_address>0x58a</run_address>
         <size>0x56</size>
         <input_file_ref idref="fl-28"/>
      </object_component>
      <object_component id="oc-80">
         <name>.debug_line</name>
         <load_address>0x5e0</load_address>
         <run_address>0x5e0</run_address>
         <size>0x39</size>
         <input_file_ref idref="fl-28"/>
      </object_component>
      <object_component id="oc-89">
         <name>.debug_line</name>
         <load_address>0x619</load_address>
         <run_address>0x619</run_address>
         <size>0x20</size>
         <input_file_ref idref="fl-3"/>
      </object_component>
      <object_component id="oc-93">
         <name>.debug_line</name>
         <load_address>0x639</load_address>
         <run_address>0x639</run_address>
         <size>0x49</size>
         <input_file_ref idref="fl-6"/>
      </object_component>
      <object_component id="oc-98">
         <name>.debug_line</name>
         <load_address>0x682</load_address>
         <run_address>0x682</run_address>
         <size>0x48</size>
         <input_file_ref idref="fl-6"/>
      </object_component>
      <object_component id="oc-a0">
         <name>.debug_line</name>
         <load_address>0x6ca</load_address>
         <run_address>0x6ca</run_address>
         <size>0x2a</size>
         <input_file_ref idref="fl-26"/>
      </object_component>
      <object_component id="oc-a3">
         <name>.debug_line</name>
         <load_address>0x6f4</load_address>
         <run_address>0x6f4</run_address>
         <size>0x20</size>
         <input_file_ref idref="fl-26"/>
      </object_component>
      <object_component id="oc-a9">
         <name>.debug_line</name>
         <load_address>0x714</load_address>
         <run_address>0x714</run_address>
         <size>0x20</size>
         <input_file_ref idref="fl-28"/>
      </object_component>
      <object_component id="oc-ae">
         <name>.debug_line</name>
         <load_address>0x734</load_address>
         <run_address>0x734</run_address>
         <size>0x40</size>
         <input_file_ref idref="fl-2c"/>
      </object_component>
      <object_component id="oc-b3">
         <name>.debug_line</name>
         <load_address>0x774</load_address>
         <run_address>0x774</run_address>
         <size>0x48</size>
         <input_file_ref idref="fl-7"/>
      </object_component>
      <object_component id="oc-b8">
         <name>.debug_line</name>
         <load_address>0x7bc</load_address>
         <run_address>0x7bc</run_address>
         <size>0x46</size>
         <input_file_ref idref="fl-8"/>
      </object_component>
      <object_component id="oc-bf">
         <name>.debug_line</name>
         <load_address>0x802</load_address>
         <run_address>0x802</run_address>
         <size>0x58</size>
         <input_file_ref idref="fl-8"/>
      </object_component>
      <object_component id="oc-c4">
         <name>.debug_line</name>
         <load_address>0x85a</load_address>
         <run_address>0x85a</run_address>
         <size>0x4a</size>
         <input_file_ref idref="fl-8"/>
      </object_component>
      <object_component id="oc-c9">
         <name>.debug_line</name>
         <load_address>0x8a4</load_address>
         <run_address>0x8a4</run_address>
         <size>0x40</size>
         <input_file_ref idref="fl-5"/>
      </object_component>
      <object_component id="oc-ce">
         <name>.debug_line</name>
         <load_address>0x8e4</load_address>
         <run_address>0x8e4</run_address>
         <size>0x4c</size>
         <input_file_ref idref="fl-a"/>
      </object_component>
      <object_component id="oc-d3">
         <name>.debug_line</name>
         <load_address>0x930</load_address>
         <run_address>0x930</run_address>
         <size>0x43</size>
         <input_file_ref idref="fl-9"/>
      </object_component>
      <object_component id="oc-d8">
         <name>.debug_line</name>
         <load_address>0x973</load_address>
         <run_address>0x973</run_address>
         <size>0x45</size>
         <input_file_ref idref="fl-8"/>
      </object_component>
      <object_component id="oc-dd">
         <name>.debug_line</name>
         <load_address>0x9b8</load_address>
         <run_address>0x9b8</run_address>
         <size>0x49</size>
         <input_file_ref idref="fl-3"/>
      </object_component>
      <object_component id="oc-e2">
         <name>.debug_line</name>
         <load_address>0xa01</load_address>
         <run_address>0xa01</run_address>
         <size>0x44</size>
         <input_file_ref idref="fl-4"/>
      </object_component>
      <object_component id="oc-e9">
         <name>.debug_line</name>
         <load_address>0xa45</load_address>
         <run_address>0xa45</run_address>
         <size>0x4d</size>
         <input_file_ref idref="fl-b"/>
      </object_component>
      <object_component id="oc-ee">
         <name>.debug_line</name>
         <load_address>0xa92</load_address>
         <run_address>0xa92</run_address>
         <size>0x5e</size>
         <input_file_ref idref="fl-9"/>
      </object_component>
      <object_component id="oc-f3">
         <name>.debug_line</name>
         <load_address>0xaf0</load_address>
         <run_address>0xaf0</run_address>
         <size>0x4e</size>
         <input_file_ref idref="fl-2e"/>
      </object_component>
      <object_component id="oc-fa">
         <name>.debug_line</name>
         <load_address>0xb3e</load_address>
         <run_address>0xb3e</run_address>
         <size>0x20</size>
         <input_file_ref idref="fl-4"/>
      </object_component>
      <object_component id="oc-102">
         <name>.debug_line</name>
         <load_address>0xb5e</load_address>
         <run_address>0xb5e</run_address>
         <size>0x44</size>
         <input_file_ref idref="fl-28"/>
      </object_component>
      <object_component id="oc-107">
         <name>.debug_line</name>
         <load_address>0xba2</load_address>
         <run_address>0xba2</run_address>
         <size>0x44</size>
         <input_file_ref idref="fl-27"/>
      </object_component>
      <object_component id="oc-10e">
         <name>.debug_line</name>
         <load_address>0xbe6</load_address>
         <run_address>0xbe6</run_address>
         <size>0x20</size>
         <input_file_ref idref="fl-28"/>
      </object_component>
      <object_component id="oc-110">
         <name>.debug_line</name>
         <load_address>0xc06</load_address>
         <run_address>0xc06</run_address>
         <size>0x2f</size>
         <input_file_ref idref="fl-3"/>
      </object_component>
      <object_component id="oc-112">
         <name>.debug_line</name>
         <load_address>0xc35</load_address>
         <run_address>0xc35</run_address>
         <size>0x30</size>
         <input_file_ref idref="fl-6"/>
      </object_component>
      <object_component id="oc-115">
         <name>.debug_line</name>
         <load_address>0xc65</load_address>
         <run_address>0xc65</run_address>
         <size>0x30</size>
         <input_file_ref idref="fl-6"/>
      </object_component>
      <object_component id="oc-119">
         <name>.debug_line</name>
         <load_address>0xc95</load_address>
         <run_address>0xc95</run_address>
         <size>0x30</size>
         <input_file_ref idref="fl-8"/>
      </object_component>
      <object_component id="oc-11c">
         <name>.debug_line</name>
         <load_address>0xcc5</load_address>
         <run_address>0xcc5</run_address>
         <size>0x20</size>
         <input_file_ref idref="fl-2"/>
      </object_component>
      <object_component id="oc-122">
         <name>.debug_line</name>
         <load_address>0xce5</load_address>
         <run_address>0xce5</run_address>
         <size>0x3e</size>
         <input_file_ref idref="fl-7"/>
      </object_component>
      <object_component id="oc-128">
         <name>.debug_line</name>
         <load_address>0xd23</load_address>
         <run_address>0xd23</run_address>
         <size>0x20</size>
         <input_file_ref idref="fl-7"/>
      </object_component>
      <object_component id="oc-12d">
         <name>.debug_line</name>
         <load_address>0xd43</load_address>
         <run_address>0xd43</run_address>
         <size>0x2e</size>
         <input_file_ref idref="fl-7"/>
      </object_component>
      <object_component id="oc-133">
         <name>.debug_line</name>
         <load_address>0xd71</load_address>
         <run_address>0xd71</run_address>
         <size>0x47</size>
         <input_file_ref idref="fl-8"/>
      </object_component>
      <object_component id="oc-139">
         <name>.debug_line</name>
         <load_address>0xdb8</load_address>
         <run_address>0xdb8</run_address>
         <size>0x55</size>
         <input_file_ref idref="fl-6"/>
      </object_component>
      <object_component id="oc-13e">
         <name>.debug_line</name>
         <load_address>0xe0d</load_address>
         <run_address>0xe0d</run_address>
         <size>0x48</size>
         <input_file_ref idref="fl-a"/>
      </object_component>
      <object_component id="oc-146">
         <name>.debug_line</name>
         <load_address>0xe55</load_address>
         <run_address>0xe55</run_address>
         <size>0x47</size>
         <input_file_ref idref="fl-3"/>
      </object_component>
      <object_component id="oc-14c">
         <name>.debug_line</name>
         <load_address>0xe9c</load_address>
         <run_address>0xe9c</run_address>
         <size>0x5f</size>
         <input_file_ref idref="fl-4"/>
      </object_component>
      <object_component id="oc-151">
         <name>.debug_line</name>
         <load_address>0xefb</load_address>
         <run_address>0xefb</run_address>
         <size>0x2c</size>
         <input_file_ref idref="fl-b"/>
      </object_component>
      <object_component id="oc-157">
         <name>.debug_line</name>
         <load_address>0xf27</load_address>
         <run_address>0xf27</run_address>
         <size>0x4d</size>
         <input_file_ref idref="fl-2a"/>
      </object_component>
      <object_component id="oc-15e">
         <name>.debug_line</name>
         <load_address>0xf74</load_address>
         <run_address>0xf74</run_address>
         <size>0x47</size>
         <input_file_ref idref="fl-a"/>
      </object_component>
      <object_component id="oc-163">
         <name>.debug_line</name>
         <load_address>0xfbb</load_address>
         <run_address>0xfbb</run_address>
         <size>0x4e</size>
         <input_file_ref idref="fl-25"/>
      </object_component>
      <object_component id="oc-16c">
         <name>.debug_line</name>
         <load_address>0x1009</load_address>
         <run_address>0x1009</run_address>
         <size>0x2d</size>
         <input_file_ref idref="fl-5"/>
      </object_component>
      <object_component id="oc-16e">
         <name>.debug_line</name>
         <load_address>0x1036</load_address>
         <run_address>0x1036</run_address>
         <size>0x20</size>
         <input_file_ref idref="fl-2f"/>
      </object_component>
      <object_component id="oc-171">
         <name>.debug_line</name>
         <load_address>0x1056</load_address>
         <run_address>0x1056</run_address>
         <size>0x20</size>
         <input_file_ref idref="fl-2f"/>
      </object_component>
      <object_component id="oc-175">
         <name>.debug_line</name>
         <load_address>0x1076</load_address>
         <run_address>0x1076</run_address>
         <size>0x20</size>
         <input_file_ref idref="fl-27"/>
      </object_component>
      <object_component id="oc-177">
         <name>.debug_line</name>
         <load_address>0x1096</load_address>
         <run_address>0x1096</run_address>
         <size>0x20</size>
         <input_file_ref idref="fl-29"/>
      </object_component>
      <object_component id="oc-179">
         <name>.debug_line</name>
         <load_address>0x10b6</load_address>
         <run_address>0x10b6</run_address>
         <size>0x84</size>
         <input_file_ref idref="fl-6"/>
      </object_component>
      <object_component id="oc-17c">
         <name>.debug_line</name>
         <load_address>0x113a</load_address>
         <run_address>0x113a</run_address>
         <size>0x20</size>
         <input_file_ref idref="fl-7"/>
      </object_component>
      <object_component id="oc-17f">
         <name>.debug_line</name>
         <load_address>0x115a</load_address>
         <run_address>0x115a</run_address>
         <size>0x2e</size>
         <input_file_ref idref="fl-4"/>
      </object_component>
      <object_component id="oc-186">
         <name>.debug_line</name>
         <load_address>0x1188</load_address>
         <run_address>0x1188</run_address>
         <size>0x4e</size>
         <input_file_ref idref="fl-6"/>
      </object_component>
      <object_component id="oc-18f">
         <name>.debug_line</name>
         <load_address>0x11d6</load_address>
         <run_address>0x11d6</run_address>
         <size>0x4b</size>
         <input_file_ref idref="fl-3"/>
      </object_component>
      <object_component id="oc-194">
         <name>.debug_line</name>
         <load_address>0x1221</load_address>
         <run_address>0x1221</run_address>
         <size>0x49</size>
         <input_file_ref idref="fl-3"/>
      </object_component>
      <object_component id="oc-19d">
         <name>.debug_line</name>
         <load_address>0x126a</load_address>
         <run_address>0x126a</run_address>
         <size>0x31</size>
         <input_file_ref idref="fl-b"/>
      </object_component>
      <object_component id="oc-19f">
         <name>.debug_line</name>
         <load_address>0x129b</load_address>
         <run_address>0x129b</run_address>
         <size>0x2c</size>
         <input_file_ref idref="fl-b"/>
      </object_component>
      <object_component id="oc-1a2">
         <name>.debug_line</name>
         <load_address>0x12c7</load_address>
         <run_address>0x12c7</run_address>
         <size>0x43</size>
         <input_file_ref idref="fl-2b"/>
      </object_component>
      <object_component id="oc-1a6">
         <name>.debug_line</name>
         <load_address>0x130a</load_address>
         <run_address>0x130a</run_address>
         <size>0x31</size>
         <input_file_ref idref="fl-b"/>
      </object_component>
      <object_component id="oc-1a9">
         <name>.debug_line</name>
         <load_address>0x133b</load_address>
         <run_address>0x133b</run_address>
         <size>0x59</size>
         <input_file_ref idref="fl-6"/>
      </object_component>
      <object_component id="oc-1af">
         <name>.debug_line</name>
         <load_address>0x1394</load_address>
         <run_address>0x1394</run_address>
         <size>0x2f</size>
         <input_file_ref idref="fl-9"/>
      </object_component>
      <object_component id="oc-1b1">
         <name>.debug_line</name>
         <load_address>0x13c3</load_address>
         <run_address>0x13c3</run_address>
         <size>0x2f</size>
         <input_file_ref idref="fl-9"/>
      </object_component>
      <object_component id="oc-1b6">
         <name>.debug_line</name>
         <load_address>0x13f2</load_address>
         <run_address>0x13f2</run_address>
         <size>0x30</size>
         <input_file_ref idref="fl-a"/>
      </object_component>
      <object_component id="oc-1bb">
         <name>.debug_line</name>
         <load_address>0x1422</load_address>
         <run_address>0x1422</run_address>
         <size>0x2d</size>
         <input_file_ref idref="fl-4"/>
      </object_component>
      <object_component id="oc-1bd">
         <name>.debug_line</name>
         <load_address>0x144f</load_address>
         <run_address>0x144f</run_address>
         <size>0x2d</size>
         <input_file_ref idref="fl-4"/>
      </object_component>
      <object_component id="oc-1c1">
         <name>.debug_line</name>
         <load_address>0x147c</load_address>
         <run_address>0x147c</run_address>
         <size>0x31</size>
         <input_file_ref idref="fl-9"/>
      </object_component>
      <object_component id="oc-1c3">
         <name>.debug_line</name>
         <load_address>0x14ad</load_address>
         <run_address>0x14ad</run_address>
         <size>0x5a</size>
         <input_file_ref idref="fl-4"/>
      </object_component>
      <object_component id="oc-1c5">
         <name>.debug_line</name>
         <load_address>0x1507</load_address>
         <run_address>0x1507</run_address>
         <size>0x55</size>
         <input_file_ref idref="fl-3"/>
      </object_component>
      <object_component id="oc-2f">
         <name>.debug_aranges</name>
         <load_address>0x0</load_address>
         <run_address>0x0</run_address>
         <size>0x20</size>
         <input_file_ref idref="fl-26"/>
      </object_component>
      <object_component id="oc-33">
         <name>.debug_aranges</name>
         <load_address>0x20</load_address>
         <run_address>0x20</run_address>
         <size>0x20</size>
         <input_file_ref idref="fl-27"/>
      </object_component>
      <object_component id="oc-37">
         <name>.debug_aranges</name>
         <load_address>0x40</load_address>
         <run_address>0x40</run_address>
         <size>0x20</size>
         <input_file_ref idref="fl-29"/>
      </object_component>
      <object_component id="oc-3b">
         <name>.debug_aranges</name>
         <load_address>0x60</load_address>
         <run_address>0x60</run_address>
         <size>0x20</size>
         <input_file_ref idref="fl-28"/>
      </object_component>
      <object_component id="oc-41">
         <name>.debug_aranges</name>
         <load_address>0x80</load_address>
         <run_address>0x80</run_address>
         <size>0x20</size>
         <input_file_ref idref="fl-3"/>
      </object_component>
      <object_component id="oc-47">
         <name>.debug_aranges</name>
         <load_address>0xa0</load_address>
         <run_address>0xa0</run_address>
         <size>0x20</size>
         <input_file_ref idref="fl-3"/>
      </object_component>
      <object_component id="oc-4d">
         <name>.debug_aranges</name>
         <load_address>0xc0</load_address>
         <run_address>0xc0</run_address>
         <size>0x20</size>
         <input_file_ref idref="fl-6"/>
      </object_component>
      <object_component id="oc-53">
         <name>.debug_aranges</name>
         <load_address>0xe0</load_address>
         <run_address>0xe0</run_address>
         <size>0x20</size>
         <input_file_ref idref="fl-8"/>
      </object_component>
      <object_component id="oc-59">
         <name>.debug_aranges</name>
         <load_address>0x100</load_address>
         <run_address>0x100</run_address>
         <size>0x20</size>
         <input_file_ref idref="fl-30"/>
      </object_component>
      <object_component id="oc-5d">
         <name>.debug_aranges</name>
         <load_address>0x120</load_address>
         <run_address>0x120</run_address>
         <size>0x20</size>
         <input_file_ref idref="fl-33"/>
      </object_component>
      <object_component id="oc-62">
         <name>.debug_aranges</name>
         <load_address>0x140</load_address>
         <run_address>0x140</run_address>
         <size>0x20</size>
         <input_file_ref idref="fl-5"/>
      </object_component>
      <object_component id="oc-66">
         <name>.debug_aranges</name>
         <load_address>0x160</load_address>
         <run_address>0x160</run_address>
         <size>0x20</size>
         <input_file_ref idref="fl-2d"/>
      </object_component>
      <object_component id="oc-6b">
         <name>.debug_aranges</name>
         <load_address>0x180</load_address>
         <run_address>0x180</run_address>
         <size>0x20</size>
         <input_file_ref idref="fl-2f"/>
      </object_component>
      <object_component id="oc-7b">
         <name>.debug_aranges</name>
         <load_address>0x1a0</load_address>
         <run_address>0x1a0</run_address>
         <size>0x20</size>
         <input_file_ref idref="fl-28"/>
      </object_component>
      <object_component id="oc-95">
         <name>.debug_aranges</name>
         <load_address>0x1c0</load_address>
         <run_address>0x1c0</run_address>
         <size>0x20</size>
         <input_file_ref idref="fl-6"/>
      </object_component>
      <object_component id="oc-9a">
         <name>.debug_aranges</name>
         <load_address>0x1e0</load_address>
         <run_address>0x1e0</run_address>
         <size>0x20</size>
         <input_file_ref idref="fl-6"/>
      </object_component>
      <object_component id="oc-af">
         <name>.debug_aranges</name>
         <load_address>0x200</load_address>
         <run_address>0x200</run_address>
         <size>0x20</size>
         <input_file_ref idref="fl-2c"/>
      </object_component>
      <object_component id="oc-b5">
         <name>.debug_aranges</name>
         <load_address>0x220</load_address>
         <run_address>0x220</run_address>
         <size>0x20</size>
         <input_file_ref idref="fl-7"/>
      </object_component>
      <object_component id="oc-ba">
         <name>.debug_aranges</name>
         <load_address>0x240</load_address>
         <run_address>0x240</run_address>
         <size>0x20</size>
         <input_file_ref idref="fl-8"/>
      </object_component>
      <object_component id="oc-c1">
         <name>.debug_aranges</name>
         <load_address>0x260</load_address>
         <run_address>0x260</run_address>
         <size>0x20</size>
         <input_file_ref idref="fl-8"/>
      </object_component>
      <object_component id="oc-c6">
         <name>.debug_aranges</name>
         <load_address>0x280</load_address>
         <run_address>0x280</run_address>
         <size>0x20</size>
         <input_file_ref idref="fl-8"/>
      </object_component>
      <object_component id="oc-cb">
         <name>.debug_aranges</name>
         <load_address>0x2a0</load_address>
         <run_address>0x2a0</run_address>
         <size>0x20</size>
         <input_file_ref idref="fl-5"/>
      </object_component>
      <object_component id="oc-d0">
         <name>.debug_aranges</name>
         <load_address>0x2c0</load_address>
         <run_address>0x2c0</run_address>
         <size>0x20</size>
         <input_file_ref idref="fl-a"/>
      </object_component>
      <object_component id="oc-d5">
         <name>.debug_aranges</name>
         <load_address>0x2e0</load_address>
         <run_address>0x2e0</run_address>
         <size>0x20</size>
         <input_file_ref idref="fl-9"/>
      </object_component>
      <object_component id="oc-da">
         <name>.debug_aranges</name>
         <load_address>0x300</load_address>
         <run_address>0x300</run_address>
         <size>0x20</size>
         <input_file_ref idref="fl-8"/>
      </object_component>
      <object_component id="oc-df">
         <name>.debug_aranges</name>
         <load_address>0x320</load_address>
         <run_address>0x320</run_address>
         <size>0x20</size>
         <input_file_ref idref="fl-3"/>
      </object_component>
      <object_component id="oc-e4">
         <name>.debug_aranges</name>
         <load_address>0x340</load_address>
         <run_address>0x340</run_address>
         <size>0x20</size>
         <input_file_ref idref="fl-4"/>
      </object_component>
      <object_component id="oc-eb">
         <name>.debug_aranges</name>
         <load_address>0x360</load_address>
         <run_address>0x360</run_address>
         <size>0x20</size>
         <input_file_ref idref="fl-b"/>
      </object_component>
      <object_component id="oc-f0">
         <name>.debug_aranges</name>
         <load_address>0x380</load_address>
         <run_address>0x380</run_address>
         <size>0x20</size>
         <input_file_ref idref="fl-9"/>
      </object_component>
      <object_component id="oc-f4">
         <name>.debug_aranges</name>
         <load_address>0x3a0</load_address>
         <run_address>0x3a0</run_address>
         <size>0x20</size>
         <input_file_ref idref="fl-2e"/>
      </object_component>
      <object_component id="oc-124">
         <name>.debug_aranges</name>
         <load_address>0x3c0</load_address>
         <run_address>0x3c0</run_address>
         <size>0x20</size>
         <input_file_ref idref="fl-7"/>
      </object_component>
      <object_component id="oc-135">
         <name>.debug_aranges</name>
         <load_address>0x3e0</load_address>
         <run_address>0x3e0</run_address>
         <size>0x20</size>
         <input_file_ref idref="fl-8"/>
      </object_component>
      <object_component id="oc-13b">
         <name>.debug_aranges</name>
         <load_address>0x400</load_address>
         <run_address>0x400</run_address>
         <size>0x20</size>
         <input_file_ref idref="fl-6"/>
      </object_component>
      <object_component id="oc-140">
         <name>.debug_aranges</name>
         <load_address>0x420</load_address>
         <run_address>0x420</run_address>
         <size>0x20</size>
         <input_file_ref idref="fl-a"/>
      </object_component>
      <object_component id="oc-148">
         <name>.debug_aranges</name>
         <load_address>0x440</load_address>
         <run_address>0x440</run_address>
         <size>0x20</size>
         <input_file_ref idref="fl-3"/>
      </object_component>
      <object_component id="oc-14e">
         <name>.debug_aranges</name>
         <load_address>0x460</load_address>
         <run_address>0x460</run_address>
         <size>0x20</size>
         <input_file_ref idref="fl-4"/>
      </object_component>
      <object_component id="oc-158">
         <name>.debug_aranges</name>
         <load_address>0x480</load_address>
         <run_address>0x480</run_address>
         <size>0x20</size>
         <input_file_ref idref="fl-2a"/>
      </object_component>
      <object_component id="oc-160">
         <name>.debug_aranges</name>
         <load_address>0x4a0</load_address>
         <run_address>0x4a0</run_address>
         <size>0x20</size>
         <input_file_ref idref="fl-a"/>
      </object_component>
      <object_component id="oc-164">
         <name>.debug_aranges</name>
         <load_address>0x4c0</load_address>
         <run_address>0x4c0</run_address>
         <size>0x20</size>
         <input_file_ref idref="fl-25"/>
      </object_component>
      <object_component id="oc-188">
         <name>.debug_aranges</name>
         <load_address>0x4e0</load_address>
         <run_address>0x4e0</run_address>
         <size>0x20</size>
         <input_file_ref idref="fl-6"/>
      </object_component>
      <object_component id="oc-191">
         <name>.debug_aranges</name>
         <load_address>0x500</load_address>
         <run_address>0x500</run_address>
         <size>0x20</size>
         <input_file_ref idref="fl-3"/>
      </object_component>
      <object_component id="oc-196">
         <name>.debug_aranges</name>
         <load_address>0x520</load_address>
         <run_address>0x520</run_address>
         <size>0x20</size>
         <input_file_ref idref="fl-3"/>
      </object_component>
      <object_component id="oc-1a3">
         <name>.debug_aranges</name>
         <load_address>0x540</load_address>
         <run_address>0x540</run_address>
         <size>0x20</size>
         <input_file_ref idref="fl-2b"/>
      </object_component>
      <object_component id="oc-1ab">
         <name>.debug_aranges</name>
         <load_address>0x560</load_address>
         <run_address>0x560</run_address>
         <size>0x20</size>
         <input_file_ref idref="fl-6"/>
      </object_component>
      <object_component id="oc-40">
         <name>.debug_frame</name>
         <load_address>0x0</load_address>
         <run_address>0x0</run_address>
         <size>0x47</size>
         <input_file_ref idref="fl-3"/>
      </object_component>
      <object_component id="oc-46">
         <name>.debug_frame</name>
         <load_address>0x47</load_address>
         <run_address>0x47</run_address>
         <size>0x51</size>
         <input_file_ref idref="fl-3"/>
      </object_component>
      <object_component id="oc-4c">
         <name>.debug_frame</name>
         <load_address>0x98</load_address>
         <run_address>0x98</run_address>
         <size>0x76</size>
         <input_file_ref idref="fl-6"/>
      </object_component>
      <object_component id="oc-52">
         <name>.debug_frame</name>
         <load_address>0x10e</load_address>
         <run_address>0x10e</run_address>
         <size>0x48</size>
         <input_file_ref idref="fl-8"/>
      </object_component>
      <object_component id="oc-61">
         <name>.debug_frame</name>
         <load_address>0x156</load_address>
         <run_address>0x156</run_address>
         <size>0x57</size>
         <input_file_ref idref="fl-5"/>
      </object_component>
      <object_component id="oc-94">
         <name>.debug_frame</name>
         <load_address>0x1ad</load_address>
         <run_address>0x1ad</run_address>
         <size>0x47</size>
         <input_file_ref idref="fl-6"/>
      </object_component>
      <object_component id="oc-99">
         <name>.debug_frame</name>
         <load_address>0x1f4</load_address>
         <run_address>0x1f4</run_address>
         <size>0x47</size>
         <input_file_ref idref="fl-6"/>
      </object_component>
      <object_component id="oc-b4">
         <name>.debug_frame</name>
         <load_address>0x23b</load_address>
         <run_address>0x23b</run_address>
         <size>0x47</size>
         <input_file_ref idref="fl-7"/>
      </object_component>
      <object_component id="oc-b9">
         <name>.debug_frame</name>
         <load_address>0x282</load_address>
         <run_address>0x282</run_address>
         <size>0x47</size>
         <input_file_ref idref="fl-8"/>
      </object_component>
      <object_component id="oc-c0">
         <name>.debug_frame</name>
         <load_address>0x2c9</load_address>
         <run_address>0x2c9</run_address>
         <size>0x47</size>
         <input_file_ref idref="fl-8"/>
      </object_component>
      <object_component id="oc-c5">
         <name>.debug_frame</name>
         <load_address>0x310</load_address>
         <run_address>0x310</run_address>
         <size>0x47</size>
         <input_file_ref idref="fl-8"/>
      </object_component>
      <object_component id="oc-ca">
         <name>.debug_frame</name>
         <load_address>0x357</load_address>
         <run_address>0x357</run_address>
         <size>0x47</size>
         <input_file_ref idref="fl-5"/>
      </object_component>
      <object_component id="oc-cf">
         <name>.debug_frame</name>
         <load_address>0x39e</load_address>
         <run_address>0x39e</run_address>
         <size>0x47</size>
         <input_file_ref idref="fl-a"/>
      </object_component>
      <object_component id="oc-d4">
         <name>.debug_frame</name>
         <load_address>0x3e5</load_address>
         <run_address>0x3e5</run_address>
         <size>0x47</size>
         <input_file_ref idref="fl-9"/>
      </object_component>
      <object_component id="oc-d9">
         <name>.debug_frame</name>
         <load_address>0x42c</load_address>
         <run_address>0x42c</run_address>
         <size>0x47</size>
         <input_file_ref idref="fl-8"/>
      </object_component>
      <object_component id="oc-de">
         <name>.debug_frame</name>
         <load_address>0x473</load_address>
         <run_address>0x473</run_address>
         <size>0x47</size>
         <input_file_ref idref="fl-3"/>
      </object_component>
      <object_component id="oc-e3">
         <name>.debug_frame</name>
         <load_address>0x4ba</load_address>
         <run_address>0x4ba</run_address>
         <size>0x47</size>
         <input_file_ref idref="fl-4"/>
      </object_component>
      <object_component id="oc-ea">
         <name>.debug_frame</name>
         <load_address>0x501</load_address>
         <run_address>0x501</run_address>
         <size>0x48</size>
         <input_file_ref idref="fl-b"/>
      </object_component>
      <object_component id="oc-ef">
[...]
      </symbol>
      <symbol id="sm-41">
         <name>__TI_CINIT_Base</name>
         <value>0xea50</value>
      </symbol>
      <symbol id="sm-42">
         <name>__TI_CINIT_Limit</name>
         <value>0xea58</value>
      </symbol>
      <symbol id="sm-43">
         <name>__TI_Handler_Table_Base</name>
         <value>0xea46</value>
      </symbol>
      <symbol id="sm-44">
         <name>__TI_Handler_Table_Limit</name>
         <value>0xea4c</value>
      </symbol>
      <symbol id="sm-45">
         <name>binit</name>
         <value>0xffffffff</value>
      </symbol>
      <symbol id="sm-46">
         <name>__binit__</name>
         <value>0xffffffff</value>
      </symbol>
      <symbol id="sm-47">
         <name>__STACK_SIZE</name>
         <value>0x50</value>
      </symbol>
      <symbol id="sm-48">
         <name>__STACK_END</name>
         <value>0x300</value>
      </symbol>
      <symbol id="sm-49">
         <name>__c_args__</name>
         <value>0xffffffff</value>
      </symbol>
      <symbol id="sm-bf">
         <name>rxBuffLen</name>
         <value>0x229</value>
         <object_component_ref idref="oc-84"/>
      </symbol>
      <symbol id="sm-c0">
         <name>txData</name>
         <value>0x226</value>
         <object_component_ref idref="oc-84"/>
      </symbol>
      <symbol id="sm-c1">
         <name>serial_init</name>
         <value>0xe87a</value>
         <object_component_ref idref="oc-db"/>
      </symbol>
      <symbol id="sm-c2">
         <name>rxBuffer</name>
         <value>0x228</value>
         <object_component_ref idref="oc-84"/>
      </symbol>
      <symbol id="sm-c3">
         <name>Timer_A0_ISR</name>
         <value>0xe6be</value>
         <object_component_ref idref="oc-3c"/>
      </symbol>
      <symbol id="sm-c4">
         <name>Timer_A1_ISR</name>
         <value>0xe5ae</value>
         <object_component_ref idref="oc-42"/>
      </symbol>
      <symbol id="sm-c5">
         <name>TimerA_UART_print</name>
         <value>0xe926</value>
         <object_component_ref idref="oc-18d"/>
      </symbol>
      <symbol id="sm-c6">
         <name>TimerA_UART_tx</name>
         <value>0xe7aa</value>
         <object_component_ref idref="oc-192"/>
      </symbol>
      <symbol id="sm-c7">
         <name>TimerA_UART_init</name>
         <value>0xe914</value>
         <object_component_ref idref="oc-144"/>
      </symbol>
      <symbol id="sm-104">
         <name>menu_print</name>
         <value>0xe422</value>
         <object_component_ref idref="oc-14a"/>
      </symbol>
      <symbol id="sm-105">
         <name>check_input</name>
         <value>0xe96c</value>
         <object_component_ref idref="oc-e0"/>
      </symbol>
      <symbol id="sm-106">
         <name>btn_func_list</name>
         <value>0xea1e</value>
         <object_component_ref idref="oc-197"/>
      </symbol>
      <symbol id="sm-107">
         <name>btn_func_names</name>
         <value>0x22c</value>
         <object_component_ref idref="oc-199"/>
      </symbol>
      <symbol id="sm-133">
         <name>main</name>
         <value>0xe1ca</value>
         <object_component_ref idref="oc-5e"/>
      </symbol>
      <symbol id="sm-134">
         <name>start_count_value</name>
         <value>0x22a</value>
         <object_component_ref idref="oc-f5"/>
      </symbol>
      <symbol id="sm-135">
         <name>start_count</name>
         <value>0xe99a</value>
         <object_component_ref idref="oc-c7"/>
      </symbol>
      <symbol id="sm-180">
         <name>_I2C_SLAVE_PRESENT</name>
         <value>0x242</value>
         <object_component_ref idref="oc-8f"/>
      </symbol>
      <symbol id="sm-181">
         <name>i2c_reg_read</name>
         <value>0xe644</value>
         <object_component_ref idref="oc-1a7"/>
      </symbol>
      <symbol id="sm-182">
         <name>USI_TXRX</name>
         <value>0xe000</value>
         <object_component_ref idref="oc-48"/>
      </symbol>
      <symbol id="sm-183">
         <name>_I2C_SLAVE</name>
         <value>0x210</value>
         <object_component_ref idref="oc-8d"/>
      </symbol>
      <symbol id="sm-184">
         <name>Data_RX</name>
         <value>0xe95c</value>
         <object_component_ref idref="oc-96"/>
      </symbol>
      <symbol id="sm-185">
         <name>Data_TX</name>
         <value>0xe810</value>
         <object_component_ref idref="oc-91"/>
      </symbol>
      <symbol id="sm-186">
         <name>_I2C_BYTECOUNT</name>
         <value>0x216</value>
         <object_component_ref idref="oc-8d"/>
      </symbol>
      <symbol id="sm-187">
         <name>_I2C_BUFFPTR</name>
         <value>0x212</value>
         <object_component_ref idref="oc-8d"/>
      </symbol>
      <symbol id="sm-188">
         <name>_I2C_OPERATION</name>
         <value>0x240</value>
         <object_component_ref idref="oc-8f"/>
      </symbol>
      <symbol id="sm-189">
         <name>i2c_init</name>
         <value>0xe606</value>
         <object_component_ref idref="oc-137"/>
      </symbol>
      <symbol id="sm-18a">
         <name>_I2C_RPT_START</name>
         <value>0x244</value>
         <object_component_ref idref="oc-8f"/>
      </symbol>
      <symbol id="sm-18b">
         <name>_I2C_State</name>
         <value>0x214</value>
         <object_component_ref idref="oc-8d"/>
      </symbol>
      <symbol id="sm-18c">
         <name>_I2C_NUMBYTES</name>
         <value>0x218</value>
         <object_component_ref idref="oc-8d"/>
      </symbol>
      <symbol id="sm-18d">
         <name>i2c_transmit</name>
         <value>0xe7f2</value>
         <object_component_ref idref="oc-184"/>
      </symbol>
      <symbol id="sm-1ab">
         <name>FLASH_BTN_DATA</name>
         <value>0x208</value>
         <object_component_ref idref="oc-bb"/>
      </symbol>
      <symbol id="sm-1ac">
         <name>FLASH_dummy</name>
         <value>0xe9b4</value>
         <object_component_ref idref="oc-120"/>
      </symbol>
      <symbol id="sm-1ad">
         <name>FLASH_BTN_FUNC</name>
         <value>0x200</value>
         <object_component_ref idref="oc-bb"/>
      </symbol>
      <symbol id="sm-1ae">
         <name>FLASH_init</name>
         <value>0xe7d2</value>
         <object_component_ref idref="oc-b1"/>
      </symbol>
      <symbol id="sm-1e3">
         <name>WDT_ISR</name>
         <value>0xe39a</value>
         <object_component_ref idref="oc-4e"/>
      </symbol>
      <symbol id="sm-1e4">
         <name>_ctr_wdt_count</name>
         <value>0x23e</value>
         <object_component_ref idref="oc-9c"/>
      </symbol>
      <symbol id="sm-1e5">
         <name>FLASH_CTR_DELAY</name>
         <value>0x236</value>
         <object_component_ref idref="oc-9c"/>
      </symbol>
      <symbol id="sm-1e6">
         <name>CTR_ON</name>
         <value>0x238</value>
         <object_component_ref idref="oc-9c"/>
      </symbol>
      <symbol id="sm-1e7">
         <name>ctr_up</name>
         <value>0xe8ec</value>
         <object_component_ref idref="oc-b6"/>
      </symbol>
      <symbol id="sm-1e8">
         <name>CTR_DISP</name>
         <value>0x237</value>
         <object_component_ref idref="oc-9c"/>
      </symbol>
      <symbol id="sm-1e9">
         <name>CTR_MIN</name>
         <value>0x23c</value>
         <object_component_ref idref="oc-9c"/>
      </symbol>
      <symbol id="sm-1ea">
         <name>CTR_SEC</name>
         <value>0x23d</value>
         <object_component_ref idref="oc-9c"/>
      </symbol>
      <symbol id="sm-1eb">
         <name>ctr_down</name>
         <value>0xe682</value>
         <object_component_ref idref="oc-bd"/>
      </symbol>
      <symbol id="sm-1ec">
         <name>CTR_DELAY</name>
         <value>0x23a</value>
         <object_component_ref idref="oc-9c"/>
      </symbol>
      <symbol id="sm-1ed">
         <name>ctr_stop</name>
         <value>0xe8c0</value>
         <object_component_ref idref="oc-c2"/>
      </symbol>
      <symbol id="sm-1ee">
         <name>CTR_RUNNING</name>
         <value>0x23b</value>
         <object_component_ref idref="oc-9c"/>
      </symbol>
      <symbol id="sm-1ef">
         <name>CTR_BEEPTRIGGER</name>
         <value>0x239</value>
         <object_component_ref idref="oc-9c"/>
      </symbol>
      <symbol id="sm-1f0">
         <name>ctr_start</name>
         <value>0xe8aa</value>
         <object_component_ref idref="oc-131"/>
      </symbol>
      <symbol id="sm-1f1">
         <name>ctr_init</name>
         <value>0xe98c</value>
         <object_component_ref idref="oc-d6"/>
      </symbol>
      <symbol id="sm-218">
         <name>BTN_read</name>
         <value>0xe552</value>
         <object_component_ref idref="oc-ec"/>
      </symbol>
      <symbol id="sm-219">
         <name>_btn_state</name>
         <value>0x24c</value>
         <object_component_ref idref="oc-165"/>
      </symbol>
      <symbol id="sm-21a">
         <name>BTN_init</name>
         <value>0xe82c</value>
         <object_component_ref idref="oc-d1"/>
      </symbol>
      <symbol id="sm-21b">
         <name>_btn_count</name>
         <value>0x222</value>
         <object_component_ref idref="oc-167"/>
      </symbol>
      <symbol id="sm-233">
         <name>MCP_Write</name>
         <value>0xe846</value>
         <object_component_ref idref="oc-13c"/>
      </symbol>
      <symbol id="sm-234">
         <name>MCP_Read</name>
         <value>0xe894</value>
         <object_component_ref idref="oc-15c"/>
      </symbol>
      <symbol id="sm-235">
         <name>MCP_init</name>
         <value>0xe6f8</value>
         <object_component_ref idref="oc-cc"/>
      </symbol>
      <symbol id="sm-25b">
         <name>segments</name>
         <value>0xea14</value>
         <object_component_ref idref="oc-159"/>
      </symbol>
      <symbol id="sm-25c">
         <name>LED_SECOND</name>
         <value>0x21b</value>
         <object_component_ref idref="oc-e5"/>
      </symbol>
      <symbol id="sm-25d">
         <name>_disp_buff</name>
         <value>0x21e</value>
         <object_component_ref idref="oc-e5"/>
      </symbol>
      <symbol id="sm-25e">
         <name>LED_displaydigit</name>
         <value>0xe2b4</value>
         <object_component_ref idref="oc-e7"/>
      </symbol>
      <symbol id="sm-25f">
         <name>LED_MINUTE</name>
         <value>0x21a</value>
         <object_component_ref idref="oc-e5"/>
      </symbol>
      <symbol id="sm-260">
         <name>LED_FLAGS</name>
         <value>0x21c</value>
         <object_component_ref idref="oc-e5"/>
      </symbol>
      <symbol id="sm-261">
         <name>_digit_count</name>
         <value>0x24a</value>
         <object_component_ref idref="oc-153"/>
      </symbol>
      <symbol id="sm-268">
         <name>__mspabi_srai</name>
         <value>0xe726</value>
         <object_component_ref idref="oc-161"/>
      </symbol>
      <symbol id="sm-269">
         <name>__mspabi_srai_8</name>
         <value>0xe740</value>
         <object_component_ref idref="oc-161"/>
      </symbol>
      <symbol id="sm-26a">
         <name>__mspabi_srai_9</name>
         <value>0xe73e</value>
         <object_component_ref idref="oc-161"/>
      </symbol>
      <symbol id="sm-26b">
         <name>__mspabi_srai_6</name>
         <value>0xe744</value>
         <object_component_ref idref="oc-161"/>
      </symbol>
      <symbol id="sm-26c">
         <name>__mspabi_srai_7</name>
         <value>0xe742</value>
         <object_component_ref idref="oc-161"/>
      </symbol>
      <symbol id="sm-26d">
         <name>__mspabi_srai_4</name>
         <value>0xe748</value>
         <object_component_ref idref="oc-161"/>
      </symbol>
      <symbol id="sm-26e">
         <name>__mspabi_srai_5</name>
         <value>0xe746</value>
         <object_component_ref idref="oc-161"/>
      </symbol>
      <symbol id="sm-26f">
         <name>__mspabi_srai_2</name>
         <value>0xe74c</value>
         <object_component_ref idref="oc-161"/>
      </symbol>
      <symbol id="sm-270">
         <name>__mspabi_srai_3</name>
         <value>0xe74a</value>
         <object_component_ref idref="oc-161"/>
      </symbol>
      <symbol id="sm-271">
         <name>__mspabi_srai_1</name>
         <value>0xe74e</value>
         <object_component_ref idref="oc-161"/>
      </symbol>
      <symbol id="sm-272">
         <name>__mspabi_srai_15</name>
         <value>0xe732</value>
         <object_component_ref idref="oc-161"/>
      </symbol>
      <symbol id="sm-273">
         <name>__mspabi_srai_14</name>
         <value>0xe734</value>
         <object_component_ref idref="oc-161"/>
      </symbol>
      <symbol id="sm-274">
         <name>__mspabi_srai_13</name>
         <value>0xe736</value>
         <object_component_ref idref="oc-161"/>
      </symbol>
      <symbol id="sm-275">
         <name>__mspabi_srai_12</name>
         <value>0xe738</value>
         <object_component_ref idref="oc-161"/>
      </symbol>
      <symbol id="sm-276">
         <name>__mspabi_srai_11</name>
         <value>0xe73a</value>
         <object_component_ref idref="oc-161"/>
      </symbol>
      <symbol id="sm-277">
         <name>__mspabi_srai_10</name>
         <value>0xe73c</value>
         <object_component_ref idref="oc-161"/>
      </symbol>
      <symbol id="sm-289">
         <name>_c_int00_noexit</name>
         <value>0xe860</value>
         <object_component_ref idref="oc-2b"/>
      </symbol>
      <symbol id="sm-28a">
         <name>_c_int00</name>
         <value>0xe860</value>
         <object_component_ref idref="oc-2b"/>
      </symbol>
      <symbol id="sm-28b">
         <name>_stack</name>
         <value>0x2b0</value>
         <object_component_ref idref="oc-54"/>
      </symbol>
      <symbol id="sm-28c">
         <name>_reset_vector</name>
         <value>0xfffe</value>
         <object_component_ref idref="oc-2c"/>
      </symbol>
      <symbol id="sm-2a0">
         <name>__TI_decompress_none</name>
         <value>0xe938</value>
         <object_component_ref idref="oc-30"/>
      </symbol>
      <symbol id="sm-2c8">
         <name>__TI_decompress_rle24</name>
         <value>0xe9a6</value>
         <object_component_ref idref="oc-38"/>
      </symbol>
      <symbol id="sm-2d9">
         <name>__TI_zero_init</name>
         <value>0xe900</value>
         <object_component_ref idref="oc-34"/>
      </symbol>
      <symbol id="sm-2e4">
         <name>__mspabi_remi</name>
         <value>0xe752</value>
         <object_component_ref idref="oc-155"/>
      </symbol>
      <symbol id="sm-2e5">
         <name>__mspabi_divi</name>
         <value>0xe752</value>
         <object_component_ref idref="oc-155"/>
      </symbol>
      <symbol id="sm-2ee">
         <name>__mspabi_remu</name>
         <value>0xe8d6</value>
         <object_component_ref idref="oc-1a0"/>
      </symbol>
      <symbol id="sm-2ef">
         <name>__mspabi_divu</name>
         <value>0xe8d6</value>
         <object_component_ref idref="oc-1a0"/>
      </symbol>
      <symbol id="sm-2f6">
         <name>__mspabi_func_epilog_2</name>
         <value>0xe986</value>
         <object_component_ref idref="oc-ac"/>
      </symbol>
      <symbol id="sm-2f7">
         <name>__mspabi_func_epilog_3</name>
         <value>0xe984</value>
         <object_component_ref idref="oc-ac"/>
      </symbol>
      <symbol id="sm-2f8">
         <name>__mspabi_func_epilog_1</name>
         <value>0xe988</value>
         <object_component_ref idref="oc-ac"/>
      </symbol>
      <symbol id="sm-2f9">
         <name>__mspabi_func_epilog_6</name>
         <value>0xe97e</value>
         <object_component_ref idref="oc-ac"/>
      </symbol>
      <symbol id="sm-2fa">
         <name>__mspabi_func_epilog_7</name>
         <value>0xe97c</value>
         <object_component_ref idref="oc-ac"/>
      </symbol>
      <symbol id="sm-2fb">
         <name>__mspabi_func_epilog_4</name>
         <value>0xe982</value>
         <object_component_ref idref="oc-ac"/>
      </symbol>
      <symbol id="sm-2fc">
         <name>__mspabi_func_epilog_5</name>
         <value>0xe980</value>
         <object_component_ref idref="oc-ac"/>
      </symbol>
      <symbol id="sm-304">
         <name>C$$EXIT</name>
         <value>0xe9b0</value>
         <object_component_ref idref="oc-63"/>
      </symbol>
      <symbol id="sm-305">
         <name>abort</name>
         <value>0xe9b0</value>
         <object_component_ref idref="oc-63"/>
      </symbol>
      <symbol id="sm-30c">
         <name>__mspabi_slli</name>
         <value>0xe77e</value>
         <object_component_ref idref="oc-f1"/>
      </symbol>
      <symbol id="sm-30d">
         <name>__mspabi_slli_9</name>
         <value>0xe796</value>
         <object_component_ref idref="oc-f1"/>
      </symbol>
      <symbol id="sm-30e">
         <name>__mspabi_slli_8</name>
         <value>0xe798</value>
         <object_component_ref idref="oc-f1"/>
      </symbol>
      <symbol id="sm-30f">
         <name>__mspabi_slli_7</name>
         <value>0xe79a</value>
         <object_component_ref idref="oc-f1"/>
      </symbol>
      <symbol id="sm-310">
         <name>__mspabi_slli_6</name>
         <value>0xe79c</value>
         <object_component_ref idref="oc-f1"/>
      </symbol>
      <symbol id="sm-311">
         <name>__mspabi_slli_5</name>
         <value>0xe79e</value>
         <object_component_ref idref="oc-f1"/>
      </symbol>
      <symbol id="sm-312">
         <name>__mspabi_slli_4</name>
         <value>0xe7a0</value>
         <object_component_ref idref="oc-f1"/>
      </symbol>
      <symbol id="sm-313">
         <name>__mspabi_slli_3</name>
         <value>0xe7a2</value>
         <object_component_ref idref="oc-f1"/>
      </symbol>
      <symbol id="sm-314">
         <name>__mspabi_slli_2</name>
         <value>0xe7a4</value>
         <object_component_ref idref="oc-f1"/>
      </symbol>
      <symbol id="sm-315">
         <name>__mspabi_slli_1</name>
         <value>0xe7a6</value>
         <object_component_ref idref="oc-f1"/>
      </symbol>
      <symbol id="sm-316">
         <name>__mspabi_slli_15</name>
         <value>0xe78a</value>
         <object_component_ref idref="oc-f1"/>
      </symbol>
      <symbol id="sm-317">
         <name>__mspabi_slli_14</name>
         <value>0xe78c</value>
         <object_component_ref idref="oc-f1"/>
      </symbol>
      <symbol id="sm-318">
         <name>__mspabi_slli_13</name>
         <value>0xe78e</value>
         <object_component_ref idref="oc-f1"/>
      </symbol>
      <symbol id="sm-319">
         <name>__mspabi_slli_12</name>
         <value>0xe790</value>
         <object_component_ref idref="oc-f1"/>
      </symbol>
      <symbol id="sm-31a">
         <name>__mspabi_slli_11</name>
         <value>0xe792</value>
         <object_component_ref idref="oc-f1"/>
      </symbol>
      <symbol id="sm-31b">
         <name>__mspabi_slli_10</name>
         <value>0xe794</value>
         <object_component_ref idref="oc-f1"/>
      </symbol>
      <symbol id="sm-32c">
         <name>memcpy</name>
         <value>0xe94a</value>
         <object_component_ref idref="oc-68"/>
      </symbol>
      <symbol id="sm-333">
         <name>_system_pre_init</name>
         <value>0xe9ac</value>
         <object_component_ref idref="oc-56"/>
      </symbol>
      <symbol id="sm-341">
         <name>_auto_init</name>
         <value>0xe4f4</value>
         <object_component_ref idref="oc-5a"/>
      </symbol>
      <symbol id="sm-342">
         <name>__TI_exit</name>
         <value>0x1</value>
      </symbol>
      <symbol id="sm-343">
         <name>__TI_args_main</name>
         <value>0x1</value>
      </symbol>
      <symbol id="sm-344">
         <name>__TI_INITARRAY_Base</name>
         <value>0x0</value>
      </symbol>
      <symbol id="sm-345">
         <name>__TI_INITARRAY_Limit</name>
         <value>0x0</value>
      </symbol>
   </symbol_table>
</link_info>
