******************************************************************************
                  MSP430 Linker PC v4.1.5                      
******************************************************************************
>> Linked Sat Dec 28 09:00:35 2013

OUTPUT FILE NAME:   <LB001.out>
ENTRY POINT SYMBOL: "_c_int00"  address: 0000eab4


MEMORY CONFIGURATION

         name            origin    length      used     unused   attr    fill
----------------------  --------  ---------  --------  --------  ----  --------
  SFR                   00000000   00000010  00000000  00000010  RWIX
  PERIPHERALS_8BIT      00000010   000000f0  00000000  000000f0  RWIX
  PERIPHERALS_16BIT     00000100   00000100  00000000  00000100  RWIX
  RAM                   00000200   00000100  000000af  00000051  RWIX
  INFOD                 00001000   00000040  00000000  00000040  RWIX
  INFOC                 00001040   00000040  00000000  00000040  RWIX
  INFOB                 00001080   00000040  00000000  00000040  RWIX
  INFOA                 000010c0   00000040  00000000  00000040  RWIX
  FLASH                 0000e000   00001fe0  00000d7a  00001266  RWIX
  INT00                 0000ffe0   00000002  00000000  00000002  RWIX
  INT01                 0000ffe2   00000002  00000000  00000002  RWIX
  INT02                 0000ffe4   00000002  00000000  00000002  RWIX
  INT03                 0000ffe6   00000002  00000000  00000002  RWIX
  INT04                 0000ffe8   00000002  00000002  00000000  RWIX
  INT05                 0000ffea   00000002  00000000  00000002  RWIX
  INT06                 0000ffec   00000002  00000000  00000002  RWIX
  INT07                 0000ffee   00000002  00000000  00000002  RWIX
  INT08                 0000fff0   00000002  00000002  00000000  RWIX
  INT09                 0000fff2   00000002  00000002  00000000  RWIX
  INT10                 0000fff4   00000002  00000002  00000000  RWIX
  INT11                 0000fff6   00000002  00000000  00000002  RWIX
  INT12                 0000fff8   00000002  00000000  00000002  RWIX
  INT13                 0000fffa   00000002  00000000  00000002  RWIX
  INT14                 0000fffc   00000002  00000000  00000002  RWIX
  RESET                 0000fffe   00000002  00000002  00000000  RWIX


SECTION ALLOCATION MAP

 output                                  attributes/
section   page    origin      length       input sections
--------  ----  ----------  ----------   ----------------
.init_array 
*          0    0000e000    00000000     UNINITIALIZED

.bss       0    00000200    00000038     UNINITIALIZED
                  00000200    00000010     flash.obj (.bss)
                  00000210    0000000b     menu.obj (.bss)
                  0000021b    00000001     --HOLE--
                  0000021c    0000000a     i2c_usi.obj (.bss)
                  00000226    00000008     LED.obj (.bss)
                  0000022e    00000004     button.obj (.bss)
                  00000232    00000004     serial.obj (.bss)
                  00000236    00000002     main.obj (.bss)

.TI.noinit 
*          0    00000200    00000000     UNINITIALIZED

.data      0    00000238    00000027     
                  00000238    0000000a     menu.obj (.data:btn_func_names)
                  00000242    00000009     counter.obj (.data)
                  0000024b    00000001     --HOLE--
                  0000024c    00000006     i2c_usi.obj (.data)
                  00000252    00000003     flash.obj (.data)
                  00000255    00000001     --HOLE--
                  00000256    00000003     serial.obj (.data)
                  00000259    00000001     --HOLE--
                  0000025a    00000002     menu.obj (.data)
                  0000025c    00000001     LED.obj (.data)
                  0000025d    00000001     --HOLE--
                  0000025e    00000001     button.obj (.data)

.TI.persistent 
*          0    00000238    00000000     UNINITIALIZED

.stack     0    000002b0    00000050     UNINITIALIZED
                  000002b0    00000002     rts430_eabi.lib : boot.obj (.stack)
                  000002b2    0000004e     --HOLE--

.text      0    0000e000    00000c3a     
                  0000e000    000001ca     i2c_usi.obj (.text:USI_TXRX)
                  0000e1ca    00000160     menu.obj (.text:check_input)
                  0000e32a    00000120     main.obj (.text:main)
                  0000e44a    000000e6     LED.obj (.text:LED_displaydigit)
                  0000e530    0000008a     menu.obj (.text:menu_print)
                  0000e5ba    00000088     counter.obj (.text:WDT_ISR)
                  0000e642    00000072     main.obj (.text:beep)
                  0000e6b4    0000005e     rts430_eabi.lib : copy_decompress_rle.obj (.text:__TI_decompress_rle_core)
                  0000e712    0000005e                     : autoinit.obj (.text:_auto_init)
                  0000e770    0000005c     button.obj (.text:BTN_read)
                  0000e7cc    00000058     serial.obj (.text:Timer_A1_ISR)
                  0000e824    0000003e     i2c_usi.obj (.text:i2c_init)
                  0000e862    0000003e     i2c_usi.obj (.text:i2c_reg_read)
                  0000e8a0    0000003c     counter.obj (.text:ctr_down)
                  0000e8dc    0000003a     serial.obj (.text:Timer_A0_ISR)
                  0000e916    00000036     menu.obj (.text:buff2value)
                  0000e94c    0000002e     MCP23017.obj (.text:MCP_init)
                  0000e97a    0000002c     rts430_eabi.lib : asr16.obj (.text)
                  0000e9a6    0000002c                     : div16s.obj (.text)
                  0000e9d2    0000002c                     : lsl16.obj (.text)
                  0000e9fe    00000028     serial.obj (.text:TimerA_UART_tx)
                  0000ea26    00000020     flash.obj (.text:FLASH_init)
                  0000ea46    0000001e     i2c_usi.obj (.text:i2c_transmit)
                  0000ea64    0000001c     i2c_usi.obj (.text:Data_TX)
                  0000ea80    0000001a     button.obj (.text:BTN_init)
                  0000ea9a    0000001a     MCP23017.obj (.text:MCP_Write)
                  0000eab4    0000001a     rts430_eabi.lib : boot.obj (.text:_c_int00_noexit)
                  0000eace    0000001a     serial.obj (.text:serial_init)
                  0000eae8    00000016     MCP23017.obj (.text:MCP_Read)
                  0000eafe    00000016     counter.obj (.text:ctr_start)
                  0000eb14    00000016     counter.obj (.text:ctr_stop)
                  0000eb2a    00000016     rts430_eabi.lib : div16u.obj (.text)
                  0000eb40    00000016     menu.obj (.text:validate_input)
                  0000eb56    00000014     counter.obj (.text:ctr_up)
                  0000eb6a    00000014     rts430_eabi.lib : copy_zero_init.obj (.text:decompress:ZI:__TI_zero_init)
                  0000eb7e    00000014                     : mult16.obj (.text)
                  0000eb92    00000012     serial.obj (.text:TimerA_UART_init)
                  0000eba4    00000012     serial.obj (.text:TimerA_UART_print)
                  0000ebb6    00000012     rts430_eabi.lib : copy_decompress_none.obj (.text:decompress:none:__TI_decompress_none)
                  0000ebc8    00000012                     : memcpy.obj (.text:memcpy)
                  0000ebda    00000010     i2c_usi.obj (.text:Data_RX)
                  0000ebea    00000010     rts430_eabi.lib : epilog.obj (.text)
                  0000ebfa    0000000e     counter.obj (.text:ctr_init)
                  0000ec08    0000000c     LED.obj (.text:LED_off)
                  0000ec14    0000000c     main.obj (.text:start_count)
                  0000ec20    0000000a     menu.obj (.text:print_input_prompt)
                  0000ec2a    00000006     rts430_eabi.lib : copy_decompress_rle.obj (.text:decompress:rle24:__TI_decompress_rle24)
                  0000ec30    00000004                     : pre_init.obj (.text:_system_pre_init)
                  0000ec34    00000004                     : exit.obj (.text:abort)
                  0000ec38    00000002     flash.obj (.text:FLASH_dummy)

.const     0    0000ec3a    0000010a     
                  0000ec3a    000000f6     menu.obj (.const:.string)
                  0000ed30    0000000a     LED.obj (.const:.string:segments)
                  0000ed3a    0000000a     menu.obj (.const:btn_func_list)

.cinit     0    0000ed44    00000036     
                  0000ed44    00000024     (.cinit..data.load) [load image, compression = rle]
                  0000ed68    00000006     (__TI_handler_table)
                  0000ed6e    00000004     (.cinit..bss.load) [load image, compression = zero_init]
                  0000ed72    00000008     (__TI_cinit_table)

USI        0    0000ffe8    00000002     
                  0000ffe8    00000002     i2c_usi.obj (.int04)

TIMER0_A1 
*          0    0000fff0    00000002     
                  0000fff0    00000002     serial.obj (.int08)

TIMER0_A0 
*          0    0000fff2    00000002     
                  0000fff2    00000002     serial.obj (.int09)

WDT        0    0000fff4    00000002     
                  0000fff4    00000002     counter.obj (.int10)

.reset     0    0000fffe    00000002     
                  0000fffe    00000002     rts430_eabi.lib : boot.obj (.reset)


LINKER GENERATED COPY TABLES

__TI_cinit_table @ 0000ed72 records: 2, size/record: 4, table size: 8
	.data: load addr=0000ed44, load size=00000024 bytes, run addr=00000238, run size=00000027 bytes, compression=rle
	.bss: load addr=0000ed6e, load size=00000004 bytes, run addr=00000200, run size=00000038 bytes, compression=zero_init


LINKER GENERATED HANDLER TABLE

__TI_handler_table @ 0000ed68 records: 3, size/record: 2, table size: 6
	index: 0, handler: __TI_zero_init
	index: 1, handler: __TI_decompress_rle24
	index: 2, handler: __TI_decompress_none


GLOBAL SYMBOLS: SORTED ALPHABETICALLY BY Name 

address    name
--------   ----
0000004a   ADC10AE0
000001b0   ADC10CTL0
000001b2   ADC10CTL1
00000048   ADC10DTC0
00000049   ADC10DTC1
000001b4   ADC10MEM
000001bc   ADC10SA
00000057   BCSCTL1
00000058   BCSCTL2
00000053   BCSCTL3
0000ea80   BTN_init
0000e770   BTN_read
0000ec34   C$$EXIT
00000059   CACTL1
0000005a   CACTL2
000010fb   CALBC1_12MHZ
000010f9   CALBC1_16MHZ
000010ff   CALBC1_1MHZ
000010fd   CALBC1_8MHZ
000010fa   CALDCO_12MHZ
000010f8   CALDCO_16MHZ
000010fe   CALDCO_1MHZ
000010fc   CALDCO_8MHZ
0000005b   CAPD
00000245   CTR_BEEPTRIGGER
00000246   CTR_DELAY
00000243   CTR_DISP
00000248   CTR_MIN
00000244   CTR_ON
00000247   CTR_RUNNING
00000249   CTR_SEC
00000056   DCOCTL
0000ebda   Data_RX
0000ea64   Data_TX
00000128   FCTL1
0000012a   FCTL2
0000012c   FCTL3
00000253   FLASH_BEEP_LEN
00000254   FLASH_BEEP_VOL
00000208   FLASH_BTN_DATA
00000200   FLASH_BTN_FUNC
00000242   FLASH_CTR_DELAY
00000252   FLASH_FLAGS
0000ec38   FLASH_dummy
0000ea26   FLASH_init
00000000   IE1
00000002   IFG1
00000228   LED_FLAGS
00000226   LED_MINUTE
00000227   LED_SECOND
0000e44a   LED_displaydigit
0000ec08   LED_off
0000eae8   MCP_Read
0000ea9a   MCP_Write
0000e94c   MCP_init
00000022   P1DIR
00000025   P1IE
00000024   P1IES
00000023   P1IFG
00000020   P1IN
00000021   P1OUT
00000027   P1REN
00000026   P1SEL
00000041   P1SEL2
0000002a   P2DIR
0000002d   P2IE
0000002c   P2IES
0000002b   P2IFG
00000028   P2IN
00000029   P2OUT
0000002f   P2REN
0000002e   P2SEL
00000042   P2SEL2
00000172   TA0CCR0
00000174   TA0CCR1
00000176   TA0CCR2
00000162   TA0CCTL0
00000164   TA0CCTL1
00000166   TA0CCTL2
00000160   TA0CTL
0000012e   TA0IV
00000170   TA0R
0000eb92   TimerA_UART_init
0000eba4   TimerA_UART_print
0000e9fe   TimerA_UART_tx
0000e8dc   Timer_A0_ISR
0000e7cc   Timer_A1_ISR
0000007a   USICCTL
0000007a   USICKCTL
0000007b   USICNT
00000078   USICTL
00000078   USICTL0
00000079   USICTL1
0000007c   USISR
0000007d   USISRH
0000007c   USISRL
0000e000   USI_TXRX
00000120   WDTCTL
0000e5ba   WDT_ISR
0000021e   _I2C_BUFFPTR
00000222   _I2C_BYTECOUNT
00000224   _I2C_NUMBYTES
0000024c   _I2C_OPERATION
00000250   _I2C_RPT_START
0000021c   _I2C_SLAVE
0000024e   _I2C_SLAVE_PRESENT
00000220   _I2C_State
00000300   __STACK_END
00000050   __STACK_SIZE
0000ed72   __TI_CINIT_Base
0000ed7a   __TI_CINIT_Limit
0000ed68   __TI_Handler_Table_Base
0000ed6e   __TI_Handler_Table_Limit
UNDEFED    __TI_INITARRAY_Base
UNDEFED    __TI_INITARRAY_Limit
00000001   __TI_args_main
0000ebb6   __TI_decompress_none
0000ec2a   __TI_decompress_rle24
00000001   __TI_exit
0000eb6a   __TI_zero_init
ffffffff   __binit__
ffffffff   __c_args__
0000e9a6   __mspabi_divi
0000eb2a   __mspabi_divu
0000ebf6   __mspabi_func_epilog_1
0000ebf4   __mspabi_func_epilog_2
0000ebf2   __mspabi_func_epilog_3
0000ebf0   __mspabi_func_epilog_4
0000ebee   __mspabi_func_epilog_5
0000ebec   __mspabi_func_epilog_6
0000ebea   __mspabi_func_epilog_7
0000eb7e   __mspabi_mpyi
0000e9a6   __mspabi_remi
0000eb2a   __mspabi_remu
0000e9d2   __mspabi_slli
0000e9fa   __mspabi_slli_1
0000e9e8   __mspabi_slli_10
0000e9e6   __mspabi_slli_11
0000e9e4   __mspabi_slli_12
0000e9e2   __mspabi_slli_13
0000e9e0   __mspabi_slli_14
0000e9de   __mspabi_slli_15
0000e9f8   __mspabi_slli_2
0000e9f6   __mspabi_slli_3
0000e9f4   __mspabi_slli_4
0000e9f2   __mspabi_slli_5
0000e9f0   __mspabi_slli_6
0000e9ee   __mspabi_slli_7
0000e9ec   __mspabi_slli_8
0000e9ea   __mspabi_slli_9
0000e97a   __mspabi_srai
0000e9a2   __mspabi_srai_1
0000e990   __mspabi_srai_10
0000e98e   __mspabi_srai_11
0000e98c   __mspabi_srai_12
0000e98a   __mspabi_srai_13
0000e988   __mspabi_srai_14
0000e986   __mspabi_srai_15
0000e9a0   __mspabi_srai_2
0000e99e   __mspabi_srai_3
0000e99c   __mspabi_srai_4
0000e99a   __mspabi_srai_5
0000e998   __mspabi_srai_6
0000e996   __mspabi_srai_7
0000e994   __mspabi_srai_8
0000e992   __mspabi_srai_9
0000e712   _auto_init
0000022e   _btn_count
0000025e   _btn_state
0000eab4   _c_int00
0000eab4   _c_int00_noexit
0000024a   _ctr_wdt_count
0000025c   _digit_count
0000022a   _disp_buff
0000fffe   _reset_vector
000002b0   _stack
0000ec30   _system_pre_init
0000ec34   abort
0000e642   beep
ffffffff   binit
0000ed3a   btn_func_list
00000238   btn_func_names
0000e916   buff2value
0000e1ca   check_input
0000025a   context
0000e8a0   ctr_down
0000ebfa   ctr_init
0000eafe   ctr_start
0000eb14   ctr_stop
0000eb56   ctr_up
0000e824   i2c_init
0000e862   i2c_reg_read
0000ea46   i2c_transmit
0000021a   input_value
0000e32a   main
0000ebc8   memcpy
0000e530   menu_print
00000210   menubuff
0000025b   menulen
0000ec20   print_input_prompt
00000235   rxBuffLen
00000234   rxBuffer
0000ed30   segments
0000eace   serial_init
0000ec14   start_count
00000236   start_count_value
00000232   txData
0000eb40   validate_input


GLOBAL SYMBOLS: SORTED BY Symbol Address 

address    name
--------   ----
00000000   IE1
00000001   __TI_args_main
00000001   __TI_exit
00000002   IFG1
00000020   P1IN
00000021   P1OUT
00000022   P1DIR
00000023   P1IFG
00000024   P1IES
00000025   P1IE
00000026   P1SEL
00000027   P1REN
00000028   P2IN
00000029   P2OUT
0000002a   P2DIR
0000002b   P2IFG
0000002c   P2IES
0000002d   P2IE
0000002e   P2SEL
0000002f   P2REN
00000041   P1SEL2
00000042   P2SEL2
00000048   ADC10DTC0
00000049   ADC10DTC1
0000004a   ADC10AE0
00000050   __STACK_SIZE
00000053   BCSCTL3
00000056   DCOCTL
00000057   BCSCTL1
00000058   BCSCTL2
00000059   CACTL1
0000005a   CACTL2
0000005b   CAPD
00000078   USICTL
00000078   USICTL0
00000079   USICTL1
0000007a   USICCTL
0000007a   USICKCTL
0000007b   USICNT
0000007c   USISR
0000007c   USISRL
0000007d   USISRH
00000120   WDTCTL
00000128   FCTL1
0000012a   FCTL2
0000012c   FCTL3
0000012e   TA0IV
00000160   TA0CTL
00000162   TA0CCTL0
00000164   TA0CCTL1
00000166   TA0CCTL2
00000170   TA0R
00000172   TA0CCR0
00000174   TA0CCR1
00000176   TA0CCR2
000001b0   ADC10CTL0
000001b2   ADC10CTL1
000001b4   ADC10MEM
000001bc   ADC10SA
00000200   FLASH_BTN_FUNC
00000208   FLASH_BTN_DATA
00000210   menubuff
0000021a   input_value
0000021c   _I2C_SLAVE
0000021e   _I2C_BUFFPTR
00000220   _I2C_State
00000222   _I2C_BYTECOUNT
00000224   _I2C_NUMBYTES
00000226   LED_MINUTE
00000227   LED_SECOND
00000228   LED_FLAGS
0000022a   _disp_buff
0000022e   _btn_count
00000232   txData
00000234   rxBuffer
00000235   rxBuffLen
00000236   start_count_value
00000238   btn_func_names
00000242   FLASH_CTR_DELAY
00000243   CTR_DISP
00000244   CTR_ON
00000245   CTR_BEEPTRIGGER
00000246   CTR_DELAY
00000247   CTR_RUNNING
00000248   CTR_MIN
00000249   CTR_SEC
0000024a   _ctr_wdt_count
0000024c   _I2C_OPERATION
0000024e   _I2C_SLAVE_PRESENT
00000250   _I2C_RPT_START
00000252   FLASH_FLAGS
00000253   FLASH_BEEP_LEN
00000254   FLASH_BEEP_VOL
0000025a   context
0000025b   menulen
0000025c   _digit_count
0000025e   _btn_state
000002b0   _stack
00000300   __STACK_END
000010f8   CALDCO_16MHZ
000010f9   CALBC1_16MHZ
000010fa   CALDCO_12MHZ
000010fb   CALBC1_12MHZ
000010fc   CALDCO_8MHZ
000010fd   CALBC1_8MHZ
000010fe   CALDCO_1MHZ
000010ff   CALBC1_1MHZ
0000e000   USI_TXRX
0000e1ca   check_input
0000e32a   main
0000e44a   LED_displaydigit
0000e530   menu_print
0000e5ba   WDT_ISR
0000e642   beep
0000e712   _auto_init
0000e770   BTN_read
0000e7cc   Timer_A1_ISR
0000e824   i2c_init
0000e862   i2c_reg_read
0000e8a0   ctr_down
0000e8dc   Timer_A0_ISR
0000e916   buff2value
0000e94c   MCP_init
0000e97a   __mspabi_srai
0000e986   __mspabi_srai_15
0000e988   __mspabi_srai_14
0000e98a   __mspabi_srai_13
0000e98c   __mspabi_srai_12
0000e98e   __mspabi_srai_11
0000e990   __mspabi_srai_10
0000e992   __mspabi_srai_9
0000e994   __mspabi_srai_8
0000e996   __mspabi_srai_7
0000e998   __mspabi_srai_6
0000e99a   __mspabi_srai_5
0000e99c   __mspabi_srai_4
0000e99e   __mspabi_srai_3
0000e9a0   __mspabi_srai_2
0000e9a2   __mspabi_srai_1
0000e9a6   __mspabi_divi
0000e9a6   __mspabi_remi
0000e9d2   __mspabi_slli
0000e9de   __mspabi_slli_15
0000e9e0   __mspabi_slli_14
0000e9e2   __mspabi_slli_13
0000e9e4   __mspabi_slli_12
0000e9e6   __mspabi_slli_11
0000e9e8   __mspabi_slli_10
0000e9ea   __mspabi_slli_9
0000e9ec   __mspabi_slli_8
0000e9ee   __mspabi_slli_7
0000e9f0   __mspabi_slli_6
0000e9f2   __mspabi_slli_5
0000e9f4   __mspabi_slli_4
0000e9f6   __mspabi_slli_3
0000e9f8   __mspabi_slli_2
0000e9fa   __mspabi_slli_1
0000e9fe   TimerA_UART_tx
0000ea26   FLASH_init
0000ea46   i2c_transmit
0000ea64   Data_TX
0000ea80   BTN_init
0000ea9a   MCP_Write
0000eab4   _c_int00
0000eab4   _c_int00_noexit
0000eace   serial_init
0000eae8   MCP_Read
0000eafe   ctr_start
0000eb14   ctr_stop
0000eb2a   __mspabi_divu
0000eb2a   __mspabi_remu
0000eb40   validate_input
0000eb56   ctr_up
0000eb6a   __TI_zero_init
0000eb7e   __mspabi_mpyi
0000eb92   TimerA_UART_init
0000eba4   TimerA_UART_print
0000ebb6   __TI_decompress_none
0000ebc8   memcpy
0000ebda   Data_RX
0000ebea   __mspabi_func_epilog_7
0000ebec   __mspabi_func_epilog_6
0000ebee   __mspabi_func_epilog_5
0000ebf0   __mspabi_func_epilog_4
0000ebf2   __mspabi_func_epilog_3
0000ebf4   __mspabi_func_epilog_2
0000ebf6   __mspabi_func_epilog_1
0000ebfa   ctr_init
0000ec08   LED_off
0000ec14   start_count
0000ec20   print_input_prompt
0000ec2a   __TI_decompress_rle24
0000ec30   _system_pre_init
0000ec34   C$$EXIT
0000ec34   abort
0000ec38   FLASH_dummy
0000ed30   segments
0000ed3a   btn_func_list
0000ed68   __TI_Handler_Table_Base
0000ed6e   __TI_Handler_Table_Limit
0000ed72   __TI_CINIT_Base
0000ed7a   __TI_CINIT_Limit
0000fffe   _reset_vector
ffffffff   __binit__
ffffffff   __c_args__
ffffffff   binit
UNDEFED    __TI_INITARRAY_Base
UNDEFED    __TI_INITARRAY_Limit

[208 symbols]
