<?xml version="1.0"?>
<link_info>
   <banner>MSP430 Linker PC v4.1.5</banner>
   <copyright>Copyright (c) 2003-2013 Texas Instruments Incorporated</copyright>
   <link_time>0x52b619dd</link_time>
   <output_file>LB001.out</output_file>
   <entry_point>
      <name>_c_int00</name>
      <address>0xe7ae</address>
   </entry_point>
   <input_file_list>
      <input_file id="fl-2">
         <path>.\</path>
         <kind>object</kind>
         <file>textconv.obj</file>
         <name>textconv.obj</name>
      </input_file>
      <input_file id="fl-3">
         <path>.\</path>
         <kind>object</kind>
         <file>systime.obj</file>
         <name>systime.obj</name>
      </input_file>
      <input_file id="fl-4">
         <path>.\</path>
         <kind>object</kind>
         <file>main.obj</file>
         <name>main.obj</name>
      </input_file>
      <input_file id="fl-5">
         <path>.\</path>
         <kind>object</kind>
         <file>i2c_usi.obj</file>
         <name>i2c_usi.obj</name>
      </input_file>
      <input_file id="fl-6">
         <path>.\</path>
         <kind>object</kind>
         <file>flash.obj</file>
         <name>flash.obj</name>
      </input_file>
      <input_file id="fl-7">
         <path>.\</path>
         <kind>object</kind>
         <file>counter.obj</file>
         <name>counter.obj</name>
      </input_file>
      <input_file id="fl-8">
         <path>.\</path>
         <kind>object</kind>
         <file>button.obj</file>
         <name>button.obj</name>
      </input_file>
      <input_file id="fl-9">
         <path>.\</path>
         <kind>object</kind>
         <file>MCP23017.obj</file>
         <name>MCP23017.obj</name>
      </input_file>
      <input_file id="fl-a">
         <path>.\</path>
         <kind>object</kind>
         <file>LED.obj</file>
         <name>LED.obj</name>
      </input_file>
      <input_file id="fl-24">
         <path>C:\ti\ccsv5\tools\compiler\msp430_4.1.5\lib\</path>
         <kind>archive</kind>
         <file>rts430_eabi.lib</file>
         <name>asr16.obj</name>
      </input_file>
      <input_file id="fl-25">
         <path>C:\ti\ccsv5\tools\compiler\msp430_4.1.5\lib\</path>
         <kind>archive</kind>
         <file>rts430_eabi.lib</file>
         <name>boot.obj</name>
      </input_file>
      <input_file id="fl-26">
         <path>C:\ti\ccsv5\tools\compiler\msp430_4.1.5\lib\</path>
         <kind>archive</kind>
         <file>rts430_eabi.lib</file>
         <name>copy_decompress_none.obj</name>
      </input_file>
      <input_file id="fl-27">
         <path>C:\ti\ccsv5\tools\compiler\msp430_4.1.5\lib\</path>
         <kind>archive</kind>
         <file>rts430_eabi.lib</file>
         <name>copy_decompress_rle.obj</name>
      </input_file>
      <input_file id="fl-28">
         <path>C:\ti\ccsv5\tools\compiler\msp430_4.1.5\lib\</path>
         <kind>archive</kind>
         <file>rts430_eabi.lib</file>
         <name>copy_zero_init.obj</name>
      </input_file>
      <input_file id="fl-29">
         <path>C:\ti\ccsv5\tools\compiler\msp430_4.1.5\lib\</path>
         <kind>archive</kind>
         <file>rts430_eabi.lib</file>
         <name>div16s.obj</name>
      </input_file>
      <input_file id="fl-2a">
         <path>C:\ti\ccsv5\tools\compiler\msp430_4.1.5\lib\</path>
         <kind>archive</kind>
         <file>rts430_eabi.lib</file>
         <name>div16u.obj</name>
      </input_file>
      <input_file id="fl-2b">
         <path>C:\ti\ccsv5\tools\compiler\msp430_4.1.5\lib\</path>
         <kind>archive</kind>
         <file>rts430_eabi.lib</file>
         <name>epilog.obj</name>
      </input_file>
      <input_file id="fl-2c">
         <path>C:\ti\ccsv5\tools\compiler\msp430_4.1.5\lib\</path>
         <kind>archive</kind>
         <file>rts430_eabi.lib</file>
         <name>exit.obj</name>
      </input_file>
      <input_file id="fl-2d">
         <path>C:\ti\ccsv5\tools\compiler\msp430_4.1.5\lib\</path>
         <kind>archive</kind>
         <file>rts430_eabi.lib</file>
         <name>lsl16.obj</name>
      </input_file>
      <input_file id="fl-2e">
         <path>C:\ti\ccsv5\tools\compiler\msp430_4.1.5\lib\</path>
         <kind>archive</kind>
         <file>rts430_eabi.lib</file>
         <name>memcpy.obj</name>
      </input_file>
      <input_file id="fl-2f">
         <path>C:\ti\ccsv5\tools\compiler\msp430_4.1.5\lib\</path>
         <kind>archive</kind>
         <file>rts430_eabi.lib</file>
         <name>mult16.obj</name>
      </input_file>
      <input_file id="fl-30">
         <path>C:\ti\ccsv5\tools\compiler\msp430_4.1.5\lib\</path>
         <kind>archive</kind>
         <file>rts430_eabi.lib</file>
         <name>pre_init.obj</name>
      </input_file>
      <input_file id="fl-31">
         <path>C:\ti\ccsv5\tools\compiler\msp430_4.1.5\lib\</path>
         <kind>archive</kind>
         <file>rts430_eabi.lib</file>
         <name>_lock.obj</name>
      </input_file>
      <input_file id="fl-32">
         <path>C:\ti\ccsv5\tools\compiler\msp430_4.1.5\lib\</path>
         <kind>archive</kind>
         <file>rts430_eabi.lib</file>
         <name>args_main.obj</name>
      </input_file>
      <input_file id="fl-33">
         <path>C:\ti\ccsv5\tools\compiler\msp430_4.1.5\lib\</path>
         <kind>archive</kind>
         <file>rts430_eabi.lib</file>
         <name>autoinit.obj</name>
      </input_file>
   </input_file_list>
   <object_component_list>
      <object_component id="oc-48">
         <name>.stack</name>
         <uninitialized>true</uninitialized>
         <run_address>0x2b0</run_address>
         <size>0x2</size>
         <input_file_ref idref="fl-25"/>
      </object_component>
      <object_component id="oc-1cd">
         <name>.stack</name>
         <uninitialized>true</uninitialized>
         <run_address>0x2b0</run_address>
         <size>0x0</size>
      </object_component>
      <object_component id="oc-3c">
         <name>.text:USI_TXRX</name>
         <load_address>0xe000</load_address>
         <run_address>0xe000</run_address>
         <size>0x1ca</size>
         <input_file_ref idref="fl-5"/>
      </object_component>
      <object_component id="oc-cc">
         <name>.text:LED_displaydigit</name>
         <load_address>0xe1ca</load_address>
         <run_address>0xe1ca</run_address>
         <size>0xe6</size>
         <input_file_ref idref="fl-a"/>
      </object_component>
      <object_component id="oc-52">
         <name>.text:main</name>
         <load_address>0xe2b0</load_address>
         <run_address>0xe2b0</run_address>
         <size>0xce</size>
         <input_file_ref idref="fl-4"/>
      </object_component>
      <object_component id="oc-42">
         <name>.text:WDT_ISR</name>
         <load_address>0xe37e</load_address>
         <run_address>0xe37e</run_address>
         <size>0x88</size>
         <input_file_ref idref="fl-7"/>
      </object_component>
      <object_component id="oc-9b">
         <name>.text:set_dco</name>
         <load_address>0xe406</load_address>
         <run_address>0xe406</run_address>
         <size>0x74</size>
         <input_file_ref idref="fl-3"/>
      </object_component>
      <object_component id="oc-6c">
         <name>.text:__TI_decompress_rle_core</name>
         <load_address>0xe47a</load_address>
         <run_address>0xe47a</run_address>
         <size>0x5e</size>
         <input_file_ref idref="fl-27"/>
      </object_component>
      <object_component id="oc-4e">
         <name>.text:_auto_init</name>
         <load_address>0xe4d8</load_address>
         <run_address>0xe4d8</run_address>
         <size>0x5e</size>
         <input_file_ref idref="fl-33"/>
      </object_component>
      <object_component id="oc-d1">
         <name>.text:BTN_read</name>
         <load_address>0xe536</load_address>
         <run_address>0xe536</run_address>
         <size>0x5c</size>
         <input_file_ref idref="fl-8"/>
      </object_component>
      <object_component id="oc-120">
         <name>.text:i2c_init</name>
         <load_address>0xe592</load_address>
         <run_address>0xe592</run_address>
         <size>0x54</size>
         <input_file_ref idref="fl-5"/>
      </object_component>
      <object_component id="oc-178">
         <name>.text:i2c_reg_read</name>
         <load_address>0xe5e6</load_address>
         <run_address>0xe5e6</run_address>
         <size>0x3e</size>
         <input_file_ref idref="fl-5"/>
      </object_component>
      <object_component id="oc-ac">
         <name>.text:ctr_down</name>
         <load_address>0xe624</load_address>
         <run_address>0xe624</run_address>
         <size>0x3c</size>
         <input_file_ref idref="fl-7"/>
      </object_component>
      <object_component id="oc-bb">
         <name>.text:MCP_init</name>
         <load_address>0xe660</load_address>
         <run_address>0xe660</run_address>
         <size>0x2e</size>
         <input_file_ref idref="fl-9"/>
      </object_component>
      <object_component id="oc-160">
         <name>.text:timer_a_i2c_100k</name>
         <load_address>0xe68e</load_address>
         <run_address>0xe68e</run_address>
         <size>0x2e</size>
         <input_file_ref idref="fl-3"/>
      </object_component>
      <object_component id="oc-13e">
         <name>.text</name>
         <load_address>0xe6bc</load_address>
         <run_address>0xe6bc</run_address>
         <size>0x2c</size>
         <input_file_ref idref="fl-24"/>
      </object_component>
      <object_component id="oc-132">
         <name>.text</name>
         <load_address>0xe6e8</load_address>
         <run_address>0xe6e8</run_address>
         <size>0x2c</size>
         <input_file_ref idref="fl-29"/>
      </object_component>
      <object_component id="oc-d6">
         <name>.text</name>
         <load_address>0xe714</load_address>
         <run_address>0xe714</run_address>
         <size>0x2c</size>
         <input_file_ref idref="fl-2d"/>
      </object_component>
      <object_component id="oc-166">
         <name>.text:i2c_transmit</name>
         <load_address>0xe740</load_address>
         <run_address>0xe740</run_address>
         <size>0x1e</size>
         <input_file_ref idref="fl-5"/>
      </object_component>
      <object_component id="oc-7b">
         <name>.text:Data_TX</name>
         <load_address>0xe75e</load_address>
         <run_address>0xe75e</run_address>
         <size>0x1c</size>
         <input_file_ref idref="fl-5"/>
      </object_component>
      <object_component id="oc-c0">
         <name>.text:BTN_init</name>
         <load_address>0xe77a</load_address>
         <run_address>0xe77a</run_address>
         <size>0x1a</size>
         <input_file_ref idref="fl-8"/>
      </object_component>
      <object_component id="oc-125">
         <name>.text:MCP_Write</name>
         <load_address>0xe794</load_address>
         <run_address>0xe794</run_address>
         <size>0x1a</size>
         <input_file_ref idref="fl-9"/>
      </object_component>
      <object_component id="oc-2b">
         <name>.text:_c_int00_noexit</name>
         <load_address>0xe7ae</load_address>
         <run_address>0xe7ae</run_address>
         <size>0x1a</size>
         <input_file_ref idref="fl-25"/>
      </object_component>
      <object_component id="oc-a0">
         <name>.text:FLASH_init</name>
         <load_address>0xe7c8</load_address>
         <run_address>0xe7c8</run_address>
         <size>0x18</size>
         <input_file_ref idref="fl-6"/>
      </object_component>
      <object_component id="oc-139">
         <name>.text:MCP_Read</name>
         <load_address>0xe7e0</load_address>
         <run_address>0xe7e0</run_address>
         <size>0x16</size>
         <input_file_ref idref="fl-9"/>
      </object_component>
      <object_component id="oc-11a">
         <name>.text:ctr_start</name>
         <load_address>0xe7f6</load_address>
         <run_address>0xe7f6</run_address>
         <size>0x16</size>
         <input_file_ref idref="fl-7"/>
      </object_component>
      <object_component id="oc-b1">
         <name>.text:ctr_stop</name>
         <load_address>0xe80c</load_address>
         <run_address>0xe80c</run_address>
         <size>0x16</size>
         <input_file_ref idref="fl-7"/>
      </object_component>
      <object_component id="oc-171">
         <name>.text</name>
         <load_address>0xe822</load_address>
         <run_address>0xe822</run_address>
         <size>0x16</size>
         <input_file_ref idref="fl-2a"/>
      </object_component>
      <object_component id="oc-a5">
         <name>.text:ctr_up</name>
         <load_address>0xe838</load_address>
         <run_address>0xe838</run_address>
         <size>0x14</size>
         <input_file_ref idref="fl-7"/>
      </object_component>
      <object_component id="oc-34">
         <name>.text:decompress:ZI:__TI_zero_init</name>
         <load_address>0xe84c</load_address>
         <run_address>0xe84c</run_address>
         <size>0x14</size>
         <input_file_ref idref="fl-28"/>
      </object_component>
      <object_component id="oc-185">
         <name>.text</name>
         <load_address>0xe860</load_address>
         <run_address>0xe860</run_address>
         <size>0x14</size>
         <input_file_ref idref="fl-2f"/>
      </object_component>
      <object_component id="oc-30">
         <name>.text:decompress:none:__TI_decompress_none</name>
         <load_address>0xe874</load_address>
         <run_address>0xe874</run_address>
         <size>0x12</size>
         <input_file_ref idref="fl-26"/>
      </object_component>
      <object_component id="oc-5c">
         <name>.text:memcpy</name>
         <load_address>0xe886</load_address>
         <run_address>0xe886</run_address>
         <size>0x12</size>
         <input_file_ref idref="fl-2e"/>
      </object_component>
      <object_component id="oc-80">
         <name>.text:Data_RX</name>
         <load_address>0xe898</load_address>
         <run_address>0xe898</run_address>
         <size>0x10</size>
         <input_file_ref idref="fl-5"/>
      </object_component>
      <object_component id="oc-96">
         <name>.text</name>
         <load_address>0xe8a8</load_address>
         <run_address>0xe8a8</run_address>
         <size>0x10</size>
         <input_file_ref idref="fl-2b"/>
      </object_component>
      <object_component id="oc-c5">
         <name>.text:ctr_init</name>
         <load_address>0xe8b8</load_address>
         <run_address>0xe8b8</run_address>
         <size>0xe</size>
         <input_file_ref idref="fl-7"/>
      </object_component>
      <object_component id="oc-b6">
         <name>.text:start_5min_count</name>
         <load_address>0xe8c6</load_address>
         <run_address>0xe8c6</run_address>
         <size>0xc</size>
         <input_file_ref idref="fl-4"/>
      </object_component>
      <object_component id="oc-38">
         <name>.text:decompress:rle24:__TI_decompress_rle24</name>
         <load_address>0xe8d2</load_address>
         <run_address>0xe8d2</run_address>
         <size>0x6</size>
         <input_file_ref idref="fl-27"/>
      </object_component>
      <object_component id="oc-4a">
         <name>.text:_system_pre_init</name>
         <load_address>0xe8d8</load_address>
         <run_address>0xe8d8</run_address>
         <size>0x4</size>
         <input_file_ref idref="fl-30"/>
      </object_component>
      <object_component id="oc-57">
         <name>.text:abort</name>
         <load_address>0xe8dc</load_address>
         <run_address>0xe8dc</run_address>
         <size>0x4</size>
         <input_file_ref idref="fl-2c"/>
      </object_component>
      <object_component id="oc-109">
         <name>.text:FLASH_dummy</name>
         <load_address>0xe8e0</load_address>
         <run_address>0xe8e0</run_address>
         <size>0x2</size>
         <input_file_ref idref="fl-6"/>
      </object_component>
      <object_component id="oc-1cc">
         <name>.cinit..data.load</name>
         <load_address>0xe8ec</load_address>
         <run_address>0xe8ec</run_address>
         <size>0xf</size>
      </object_component>
      <object_component id="oc-1c9">
         <name>__TI_handler_table</name>
         <load_address>0xe8fc</load_address>
         <run_address>0xe8fc</run_address>
         <size>0x6</size>
      </object_component>
      <object_component id="oc-1cb">
         <name>.cinit..bss.load</name>
         <load_address>0xe902</load_address>
         <run_address>0xe902</run_address>
         <size>0x4</size>
      </object_component>
      <object_component id="oc-1ca">
         <name>__TI_cinit_table</name>
         <load_address>0xe906</load_address>
         <run_address>0xe906</run_address>
         <size>0x8</size>
      </object_component>
      <object_component id="oc-136">
         <name>.const:.string:segments</name>
         <load_address>0xe8e2</load_address>
         <run_address>0xe8e2</run_address>
         <size>0xa</size>
         <input_file_ref idref="fl-a"/>
      </object_component>
      <object_component id="oc-3d">
         <name>.int04</name>
         <load_address>0xffe8</load_address>
         <run_address>0xffe8</run_address>
         <size>0x2</size>
         <input_file_ref idref="fl-5"/>
      </object_component>
      <object_component id="oc-43">
         <name>.int10</name>
         <load_address>0xfff4</load_address>
         <run_address>0xfff4</run_address>
         <size>0x2</size>
         <input_file_ref idref="fl-7"/>
      </object_component>
      <object_component id="oc-2c">
         <name>.reset</name>
         <load_address>0xfffe</load_address>
         <run_address>0xfffe</run_address>
         <size>0x2</size>
         <input_file_ref idref="fl-25"/>
      </object_component>
      <object_component id="oc-77">
         <name>.bss</name>
         <uninitialized>true</uninitialized>
         <run_address>0x200</run_address>
         <size>0xa</size>
         <input_file_ref idref="fl-5"/>
      </object_component>
      <object_component id="oc-aa">
         <name>.bss</name>
         <uninitialized>true</uninitialized>
         <run_address>0x212</run_address>
         <size>0x8</size>
         <input_file_ref idref="fl-6"/>
      </object_component>
      <object_component id="oc-ca">
         <name>.bss</name>
         <uninitialized>true</uninitialized>
         <run_address>0x20a</run_address>
         <size>0x8</size>
         <input_file_ref idref="fl-a"/>
      </object_component>
      <object_component id="oc-144">
         <name>.bss</name>
         <uninitialized>true</uninitialized>
         <run_address>0x21a</run_address>
         <size>0x4</size>
         <input_file_ref idref="fl-8"/>
      </object_component>
      <object_component id="oc-79">
         <name>.data</name>
         <load_address>0x228</load_address>
         <run_address>0x228</run_address>
         <size>0x6</size>
         <input_file_ref idref="fl-5"/>
      </object_component>
      <object_component id="oc-86">
         <name>.data</name>
         <load_address>0x21e</load_address>
         <run_address>0x21e</run_address>
         <size>0x9</size>
         <input_file_ref idref="fl-7"/>
      </object_component>
      <object_component id="oc-106">
         <name>.data</name>
         <load_address>0x22e</load_address>
         <run_address>0x22e</run_address>
         <size>0x2</size>
         <input_file_ref idref="fl-3"/>
      </object_component>
      <object_component id="oc-130">
         <name>.data</name>
         <load_address>0x230</load_address>
         <run_address>0x230</run_address>
         <size>0x1</size>
         <input_file_ref idref="fl-a"/>
      </object_component>
      <object_component id="oc-142">
         <name>.data</name>
         <load_address>0x232</load_address>
         <run_address>0x232</run_address>
         <size>0x1</size>
         <input_file_ref idref="fl-8"/>
      </object_component>
      <object_component id="oc-2d">
         <name>.debug_info</name>
         <load_address>0x0</load_address>
         <run_address>0x0</run_address>
         <size>0x129</size>
         <input_file_ref idref="fl-25"/>
      </object_component>
      <object_component id="oc-31">
         <name>.debug_info</name>
         <load_address>0x129</load_address>
         <run_address>0x129</run_address>
         <size>0x159</size>
         <input_file_ref idref="fl-26"/>
      </object_component>
      <object_component id="oc-35">
         <name>.debug_info</name>
         <load_address>0x282</load_address>
         <run_address>0x282</run_address>
         <size>0x193</size>
         <input_file_ref idref="fl-28"/>
      </object_component>
      <object_component id="oc-39">
         <name>.debug_info</name>
         <load_address>0x415</load_address>
         <run_address>0x415</run_address>
         <size>0x16a</size>
         <input_file_ref idref="fl-27"/>
      </object_component>
      <object_component id="oc-3e">
         <name>.debug_info</name>
         <load_address>0x57f</load_address>
         <run_address>0x57f</run_address>
         <size>0x13b</size>
         <input_file_ref idref="fl-5"/>
      </object_component>
      <object_component id="oc-44">
         <name>.debug_info</name>
         <load_address>0x6ba</load_address>
         <run_address>0x6ba</run_address>
         <size>0x11c</size>
         <input_file_ref idref="fl-7"/>
      </object_component>
      <object_component id="oc-49">
         <name>.debug_info</name>
         <load_address>0x7d6</load_address>
         <run_address>0x7d6</run_address>
         <size>0xaa</size>
         <input_file_ref idref="fl-25"/>
      </object_component>
      <object_component id="oc-4b">
         <name>.debug_info</name>
         <load_address>0x880</load_address>
         <run_address>0x880</run_address>
         <size>0x101</size>
         <input_file_ref idref="fl-30"/>
      </object_component>
      <object_component id="oc-4f">
         <name>.debug_info</name>
         <load_address>0x981</load_address>
         <run_address>0x981</run_address>
         <size>0x1aa</size>
         <input_file_ref idref="fl-33"/>
      </object_component>
      <object_component id="oc-53">
         <name>.debug_info</name>
         <load_address>0xb2b</load_address>
         <run_address>0xb2b</run_address>
         <size>0x2f9</size>
         <input_file_ref idref="fl-4"/>
      </object_component>
      <object_component id="oc-58">
         <name>.debug_info</name>
         <load_address>0xe24</load_address>
         <run_address>0xe24</run_address>
         <size>0x121</size>
         <input_file_ref idref="fl-2c"/>
      </object_component>
      <object_component id="oc-5d">
         <name>.debug_info</name>
         <load_address>0xf45</load_address>
         <run_address>0xf45</run_address>
         <size>0x160</size>
         <input_file_ref idref="fl-2e"/>
      </object_component>
      <object_component id="oc-61">
         <name>.debug_info</name>
         <load_address>0x10a5</load_address>
         <run_address>0x10a5</run_address>
         <size>0x46</size>
         <input_file_ref idref="fl-26"/>
      </object_component>
      <object_component id="oc-67">
         <name>.debug_info</name>
         <load_address>0x10eb</load_address>
         <run_address>0x10eb</run_address>
         <size>0x46</size>
         <input_file_ref idref="fl-28"/>
      </object_component>
      <object_component id="oc-6d">
         <name>.debug_info</name>
         <load_address>0x1131</load_address>
         <run_address>0x1131</run_address>
         <size>0x312</size>
         <input_file_ref idref="fl-27"/>
      </object_component>
      <object_component id="oc-71">
         <name>.debug_info</name>
         <load_address>0x1443</load_address>
         <run_address>0x1443</run_address>
         <size>0x124</size>
         <input_file_ref idref="fl-27"/>
      </object_component>
      <object_component id="oc-72">
         <name>.debug_info</name>
         <load_address>0x1567</load_address>
         <run_address>0x1567</run_address>
         <size>0x39</size>
         <input_file_ref idref="fl-27"/>
      </object_component>
      <object_component id="oc-78">
         <name>.debug_info</name>
         <load_address>0x15a0</load_address>
         <run_address>0x15a0</run_address>
         <size>0x197</size>
         <input_file_ref idref="fl-5"/>
      </object_component>
      <object_component id="oc-7a">
         <name>.debug_info</name>
         <load_address>0x1737</load_address>
         <run_address>0x1737</run_address>
         <size>0x15b</size>
         <input_file_ref idref="fl-5"/>
      </object_component>
      <object_component id="oc-7c">
         <name>.debug_info</name>
         <load_address>0x1892</load_address>
         <run_address>0x1892</run_address>
         <size>0x11e</size>
         <input_file_ref idref="fl-5"/>
      </object_component>
      <object_component id="oc-81">
         <name>.debug_info</name>
         <load_address>0x19b0</load_address>
         <run_address>0x19b0</run_address>
         <size>0x11e</size>
         <input_file_ref idref="fl-5"/>
      </object_component>
      <object_component id="oc-87">
         <name>.debug_info</name>
         <load_address>0x1ace</load_address>
         <run_address>0x1ace</run_address>
         <size>0x21d</size>
         <input_file_ref idref="fl-7"/>
      </object_component>
      <object_component id="oc-8b">
         <name>.debug_info</name>
         <load_address>0x1ceb</load_address>
         <run_address>0x1ceb</run_address>
         <size>0x89</size>
         <input_file_ref idref="fl-25"/>
      </object_component>
      <object_component id="oc-91">
         <name>.debug_info</name>
         <load_address>0x1d74</load_address>
         <run_address>0x1d74</run_address>
         <size>0x84</size>
         <input_file_ref idref="fl-27"/>
      </object_component>
      <object_component id="oc-97">
         <name>.debug_info</name>
         <load_address>0x1df8</load_address>
         <run_address>0x1df8</run_address>
         <size>0xe2</size>
         <input_file_ref idref="fl-2b"/>
      </object_component>
      <object_component id="oc-9c">
         <name>.debug_info</name>
         <load_address>0x1eda</load_address>
         <run_address>0x1eda</run_address>
         <size>0x161</size>
         <input_file_ref idref="fl-3"/>
      </object_component>
      <object_component id="oc-a1">
         <name>.debug_info</name>
         <load_address>0x203b</load_address>
         <run_address>0x203b</run_address>
         <size>0x18a</size>
         <input_file_ref idref="fl-6"/>
      </object_component>
      <object_component id="oc-a6">
         <name>.debug_info</name>
         <load_address>0x21c5</load_address>
         <run_address>0x21c5</run_address>
         <size>0x119</size>
         <input_file_ref idref="fl-7"/>
      </object_component>
      <object_component id="oc-ab">
         <name>.debug_info</name>
         <load_address>0x22de</load_address>
         <run_address>0x22de</run_address>
         <size>0xf7</size>
         <input_file_ref idref="fl-6"/>
      </object_component>
      <object_component id="oc-ad">
         <name>.debug_info</name>
         <load_address>0x23d5</load_address>
         <run_address>0x23d5</run_address>
         <size>0x123</size>
         <input_file_ref idref="fl-7"/>
      </object_component>
      <object_component id="oc-b2">
         <name>.debug_info</name>
         <load_address>0x24f8</load_address>
         <run_address>0x24f8</run_address>
         <size>0x11d</size>
         <input_file_ref idref="fl-7"/>
      </object_component>
      <object_component id="oc-b7">
         <name>.debug_info</name>
         <load_address>0x2615</load_address>
         <run_address>0x2615</run_address>
         <size>0x134</size>
         <input_file_ref idref="fl-4"/>
      </object_component>
      <object_component id="oc-bc">
         <name>.debug_info</name>
         <load_address>0x2749</load_address>
         <run_address>0x2749</run_address>
         <size>0x1e3</size>
         <input_file_ref idref="fl-9"/>
      </object_component>
      <object_component id="oc-c1">
         <name>.debug_info</name>
         <load_address>0x292c</load_address>
         <run_address>0x292c</run_address>
         <size>0x13a</size>
         <input_file_ref idref="fl-8"/>
      </object_component>
      <object_component id="oc-c6">
         <name>.debug_info</name>
         <load_address>0x2a66</load_address>
         <run_address>0x2a66</run_address>
         <size>0x11d</size>
         <input_file_ref idref="fl-7"/>
      </object_component>
      <object_component id="oc-cb">
         <name>.debug_info</name>
         <load_address>0x2b83</load_address>
         <run_address>0x2b83</run_address>
         <size>0x15a</size>
         <input_file_ref idref="fl-a"/>
      </object_component>
      <object_component id="oc-cd">
         <name>.debug_info</name>
         <load_address>0x2cdd</load_address>
         <run_address>0x2cdd</run_address>
         <size>0x1b5</size>
         <input_file_ref idref="fl-a"/>
      </object_component>
      <object_component id="oc-d2">
         <name>.debug_info</name>
         <load_address>0x2e92</load_address>
         <run_address>0x2e92</run_address>
         <size>0x21a</size>
         <input_file_ref idref="fl-8"/>
      </object_component>
      <object_component id="oc-d7">
         <name>.debug_info</name>
         <load_address>0x30ac</load_address>
         <run_address>0x30ac</run_address>
         <size>0xd4</size>
         <input_file_ref idref="fl-2d"/>
      </object_component>
      <object_component id="oc-db">
         <name>.debug_info</name>
         <load_address>0x3180</load_address>
         <run_address>0x3180</run_address>
         <size>0x90</size>
         <input_file_ref idref="fl-4"/>
      </object_component>
      <object_component id="oc-e2">
         <name>.debug_info</name>
         <load_address>0x3210</load_address>
         <run_address>0x3210</run_address>
         <size>0x112</size>
         <input_file_ref idref="fl-2e"/>
      </object_component>
      <object_component id="oc-e3">
         <name>.debug_info</name>
         <load_address>0x3322</load_address>
         <run_address>0x3322</run_address>
         <size>0x2c</size>
         <input_file_ref idref="fl-27"/>
      </object_component>
      <object_component id="oc-e8">
         <name>.debug_info</name>
         <load_address>0x334e</load_address>
         <run_address>0x334e</run_address>
         <size>0x46</size>
         <input_file_ref idref="fl-26"/>
      </object_component>
      <object_component id="oc-ed">
         <name>.debug_info</name>
         <load_address>0x3394</load_address>
         <run_address>0x3394</run_address>
         <size>0x15a</size>
         <input_file_ref idref="fl-26"/>
      </object_component>
      <object_component id="oc-ee">
         <name>.debug_info</name>
         <load_address>0x34ee</load_address>
         <run_address>0x34ee</run_address>
         <size>0x11a</size>
         <input_file_ref idref="fl-28"/>
      </object_component>
      <object_component id="oc-f4">
         <name>.debug_info</name>
         <load_address>0x3608</load_address>
         <run_address>0x3608</run_address>
         <size>0x8b</size>
         <input_file_ref idref="fl-5"/>
      </object_component>
      <object_component id="oc-f9">
         <name>.debug_info</name>
         <load_address>0x3693</load_address>
         <run_address>0x3693</run_address>
         <size>0x395</size>
         <input_file_ref idref="fl-5"/>
      </object_component>
      <object_component id="oc-100">
         <name>.debug_info</name>
         <load_address>0x3a28</load_address>
         <run_address>0x3a28</run_address>
         <size>0x84</size>
         <input_file_ref idref="fl-2"/>
      </object_component>
      <object_component id="oc-107">
         <name>.debug_info</name>
         <load_address>0x3aac</load_address>
         <run_address>0x3aac</run_address>
         <size>0xff</size>
         <input_file_ref idref="fl-3"/>
      </object_component>
      <object_component id="oc-10a">
         <name>.debug_info</name>
         <load_address>0x3bab</load_address>
         <run_address>0x3bab</run_address>
         <size>0x11d</size>
         <input_file_ref idref="fl-6"/>
      </object_component>
      <object_component id="oc-10f">
         <name>.debug_info</name>
         <load_address>0x3cc8</load_address>
         <run_address>0x3cc8</run_address>
         <size>0x89</size>
         <input_file_ref idref="fl-6"/>
      </object_component>
      <object_component id="oc-117">
         <name>.debug_info</name>
         <load_address>0x3d51</load_address>
         <run_address>0x3d51</run_address>
         <size>0x152</size>
         <input_file_ref idref="fl-6"/>
      </object_component>
      <object_component id="oc-11b">
         <name>.debug_info</name>
         <load_address>0x3ea3</load_address>
         <run_address>0x3ea3</run_address>
         <size>0x15b</size>
         <input_file_ref idref="fl-7"/>
      </object_component>
      <object_component id="oc-121">
         <name>.debug_info</name>
         <load_address>0x3ffe</load_address>
         <run_address>0x3ffe</run_address>
         <size>0x17c</size>
         <input_file_ref idref="fl-5"/>
      </object_component>
      <object_component id="oc-126">
         <name>.debug_info</name>
         <load_address>0x417a</load_address>
         <run_address>0x417a</run_address>
         <size>0x197</size>
         <input_file_ref idref="fl-9"/>
      </object_component>
      <object_component id="oc-12f">
         <name>.debug_info</name>
         <load_address>0x4311</load_address>
         <run_address>0x4311</run_address>
         <size>0x184</size>
         <input_file_ref idref="fl-a"/>
      </object_component>
      <object_component id="oc-131">
         <name>.debug_info</name>
         <load_address>0x4495</load_address>
         <run_address>0x4495</run_address>
         <size>0xf1</size>
         <input_file_ref idref="fl-a"/>
      </object_component>
      <object_component id="oc-133">
         <name>.debug_info</name>
         <load_address>0x4586</load_address>
         <run_address>0x4586</run_address>
         <size>0xe9</size>
         <input_file_ref idref="fl-29"/>
      </object_component>
      <object_component id="oc-137">
         <name>.debug_info</name>
         <load_address>0x466f</load_address>
         <run_address>0x466f</run_address>
         <size>0xe9</size>
         <input_file_ref idref="fl-a"/>
      </object_component>
      <object_component id="oc-13a">
         <name>.debug_info</name>
         <load_address>0x4758</load_address>
         <run_address>0x4758</run_address>
         <size>0x17b</size>
         <input_file_ref idref="fl-9"/>
      </object_component>
      <object_component id="oc-13f">
         <name>.debug_info</name>
         <load_address>0x48d3</load_address>
         <run_address>0x48d3</run_address>
         <size>0xd4</size>
         <input_file_ref idref="fl-24"/>
      </object_component>
      <object_component id="oc-143">
         <name>.debug_info</name>
         <load_address>0x49a7</load_address>
         <run_address>0x49a7</run_address>
         <size>0xf0</size>
         <input_file_ref idref="fl-8"/>
      </object_component>
      <object_component id="oc-145">
         <name>.debug_info</name>
         <load_address>0x4a97</load_address>
         <run_address>0x4a97</run_address>
         <size>0xf0</size>
         <input_file_ref idref="fl-8"/>
      </object_component>
      <object_component id="oc-14a">
         <name>.debug_info</name>
         <load_address>0x4b87</load_address>
         <run_address>0x4b87</run_address>
         <size>0x90</size>
         <input_file_ref idref="fl-2e"/>
      </object_component>
      <object_component id="oc-15a">
         <name>.debug_info</name>
         <load_address>0x4c17</load_address>
         <run_address>0x4c17</run_address>
         <size>0x2c</size>
         <input_file_ref idref="fl-4"/>
      </object_component>
      <object_component id="oc-161">
         <name>.debug_info</name>
         <load_address>0x4c43</load_address>
         <run_address>0x4c43</run_address>
         <size>0x141</size>
         <input_file_ref idref="fl-3"/>
      </object_component>
      <object_component id="oc-167">
         <name>.debug_info</name>
         <load_address>0x4d84</load_address>
         <run_address>0x4d84</run_address>
         <size>0x1af</size>
         <input_file_ref idref="fl-5"/>
      </object_component>
      <object_component id="oc-16c">
         <name>.debug_info</name>
         <load_address>0x4f33</load_address>
         <run_address>0x4f33</run_address>
         <size>0x1e2</size>
         <input_file_ref idref="fl-9"/>
      </object_component>
      <object_component id="oc-172">
         <name>.debug_info</name>
         <load_address>0x5115</load_address>
         <run_address>0x5115</run_address>
         <size>0xd5</size>
         <input_file_ref idref="fl-2a"/>
      </object_component>
      <object_component id="oc-179">
         <name>.debug_info</name>
         <load_address>0x51ea</load_address>
         <run_address>0x51ea</run_address>
         <size>0x1e2</size>
         <input_file_ref idref="fl-5"/>
      </object_component>
      <object_component id="oc-183">
         <name>.debug_info</name>
         <load_address>0x53cc</load_address>
         <run_address>0x53cc</run_address>
         <size>0x19a</size>
         <input_file_ref idref="fl-8"/>
      </object_component>
      <object_component id="oc-184">
         <name>.debug_info</name>
         <load_address>0x5566</load_address>
         <run_address>0x5566</run_address>
         <size>0x406</size>
         <input_file_ref idref="fl-4"/>
      </object_component>
      <object_component id="oc-186">
         <name>.debug_info</name>
         <load_address>0x596c</load_address>
         <run_address>0x596c</run_address>
         <size>0xd5</size>
         <input_file_ref idref="fl-2f"/>
      </object_component>
      <object_component id="oc-1ce">
         <name>.debug_info</name>
         <load_address>0x5a41</load_address>
         <run_address>0x5a41</run_address>
         <size>0xc0</size>
      </object_component>
      <object_component id="oc-2e">
         <name>.debug_line</name>
         <load_address>0x0</load_address>
         <run_address>0x0</run_address>
         <size>0x3b</size>
         <input_file_ref idref="fl-25"/>
      </object_component>
      <object_component id="oc-32">
         <name>.debug_line</name>
         <load_address>0x3b</load_address>
         <run_address>0x3b</run_address>
         <size>0x4b</size>
         <input_file_ref idref="fl-26"/>
      </object_component>
      <object_component id="oc-36">
         <name>.debug_line</name>
         <load_address>0x86</load_address>
         <run_address>0x86</run_address>
         <size>0x4a</size>
         <input_file_ref idref="fl-28"/>
      </object_component>
      <object_component id="oc-3a">
         <name>.debug_line</name>
         <load_address>0xd0</load_address>
         <run_address>0xd0</run_address>
         <size>0x4a</size>
         <input_file_ref idref="fl-27"/>
      </object_component>
      <object_component id="oc-3f">
         <name>.debug_line</name>
         <load_address>0x11a</load_address>
         <run_address>0x11a</run_address>
         <size>0x150</size>
         <input_file_ref idref="fl-5"/>
      </object_component>
      <object_component id="oc-45">
         <name>.debug_line</name>
         <load_address>0x26a</load_address>
         <run_address>0x26a</run_address>
         <size>0x7d</size>
         <input_file_ref idref="fl-7"/>
      </object_component>
      <object_component id="oc-4c">
         <name>.debug_line</name>
         <load_address>0x2e7</load_address>
         <run_address>0x2e7</run_address>
         <size>0x3c</size>
         <input_file_ref idref="fl-30"/>
      </object_component>
      <object_component id="oc-50">
         <name>.debug_line</name>
         <load_address>0x323</load_address>
         <run_address>0x323</run_address>
         <size>0x4e</size>
         <input_file_ref idref="fl-33"/>
      </object_component>
      <object_component id="oc-54">
         <name>.debug_line</name>
         <load_address>0x371</load_address>
         <run_address>0x371</run_address>
         <size>0x7b</size>
         <input_file_ref idref="fl-4"/>
      </object_component>
      <object_component id="oc-59">
         <name>.debug_line</name>
         <load_address>0x3ec</load_address>
         <run_address>0x3ec</run_address>
         <size>0x38</size>
         <input_file_ref idref="fl-2c"/>
      </object_component>
      <object_component id="oc-5e">
         <name>.debug_line</name>
         <load_address>0x424</load_address>
         <run_address>0x424</run_address>
         <size>0x3f</size>
         <input_file_ref idref="fl-2e"/>
      </object_component>
      <object_component id="oc-63">
         <name>.debug_line</name>
         <load_address>0x463</load_address>
         <run_address>0x463</run_address>
         <size>0x3a</size>
         <input_file_ref idref="fl-26"/>
      </object_component>
      <object_component id="oc-69">
         <name>.debug_line</name>
         <load_address>0x49d</load_address>
         <run_address>0x49d</run_address>
         <size>0x34</size>
         <input_file_ref idref="fl-28"/>
      </object_component>
      <object_component id="oc-6e">
         <name>.debug_line</name>
         <load_address>0x4d1</load_address>
         <run_address>0x4d1</run_address>
         <size>0x56</size>
         <input_file_ref idref="fl-27"/>
      </object_component>
      <object_component id="oc-74">
         <name>.debug_line</name>
         <load_address>0x527</load_address>
         <run_address>0x527</run_address>
         <size>0x39</size>
         <input_file_ref idref="fl-27"/>
      </object_component>
      <object_component id="oc-7d">
         <name>.debug_line</name>
         <load_address>0x560</load_address>
         <run_address>0x560</run_address>
         <size>0x49</size>
         <input_file_ref idref="fl-5"/>
      </object_component>
      <object_component id="oc-82">
         <name>.debug_line</name>
         <load_address>0x5a9</load_address>
         <run_address>0x5a9</run_address>
         <size>0x48</size>
         <input_file_ref idref="fl-5"/>
      </object_component>
      <object_component id="oc-8a">
         <name>.debug_line</name>
         <load_address>0x5f1</load_address>
         <run_address>0x5f1</run_address>
         <size>0x2a</size>
         <input_file_ref idref="fl-25"/>
      </object_component>
      <object_component id="oc-8d">
         <name>.debug_line</name>
         <load_address>0x61b</load_address>
         <run_address>0x61b</run_address>
         <size>0x20</size>
         <input_file_ref idref="fl-25"/>
      </object_component>
      <object_component id="oc-93">
         <name>.debug_line</name>
         <load_address>0x63b</load_address>
         <run_address>0x63b</run_address>
         <size>0x20</size>
         <input_file_ref idref="fl-27"/>
      </object_component>
      <object_component id="oc-98">
         <name>.debug_line</name>
         <load_address>0x65b</load_address>
         <run_address>0x65b</run_address>
         <size>0x40</size>
         <input_file_ref idref="fl-2b"/>
      </object_component>
      <object_component id="oc-9d">
         <name>.debug_line</name>
         <load_address>0x69b</load_address>
         <run_address>0x69b</run_address>
         <size>0x74</size>
         <input_file_ref idref="fl-3"/>
      </object_component>
      <object_component id="oc-a2">
         <name>.debug_line</name>
         <load_address>0x70f</load_address>
         <run_address>0x70f</run_address>
         <size>0x47</size>
         <input_file_ref idref="fl-6"/>
      </object_component>
      <object_component id="oc-a7">
         <name>.debug_line</name>
         <load_address>0x756</load_address>
         <run_address>0x756</run_address>
         <size>0x46</size>
         <input_file_ref idref="fl-7"/>
      </object_component>
      <object_component id="oc-ae">
         <name>.debug_line</name>
         <load_address>0x79c</load_address>
         <run_address>0x79c</run_address>
         <size>0x58</size>
         <input_file_ref idref="fl-7"/>
      </object_component>
      <object_component id="oc-b3">
         <name>.debug_line</name>
         <load_address>0x7f4</load_address>
         <run_address>0x7f4</run_address>
         <size>0x4a</size>
         <input_file_ref idref="fl-7"/>
      </object_component>
      <object_component id="oc-b8">
         <name>.debug_line</name>
         <load_address>0x83e</load_address>
         <run_address>0x83e</run_address>
         <size>0x40</size>
         <input_file_ref idref="fl-4"/>
      </object_component>
      <object_component id="oc-bd">
         <name>.debug_line</name>
         <load_address>0x87e</load_address>
         <run_address>0x87e</run_address>
         <size>0x4c</size>
         <input_file_ref idref="fl-9"/>
      </object_component>
      <object_component id="oc-c2">
         <name>.debug_line</name>
         <load_address>0x8ca</load_address>
         <run_address>0x8ca</run_address>
         <size>0x43</size>
         <input_file_ref idref="fl-8"/>
      </object_component>
      <object_component id="oc-c7">
         <name>.debug_line</name>
         <load_address>0x90d</load_address>
         <run_address>0x90d</run_address>
         <size>0x45</size>
         <input_file_ref idref="fl-7"/>
      </object_component>
      <object_component id="oc-ce">
         <name>.debug_line</name>
         <load_address>0x952</load_address>
         <run_address>0x952</run_address>
         <size>0x4d</size>
         <input_file_ref idref="fl-a"/>
      </object_component>
      <object_component id="oc-d3">
         <name>.debug_line</name>
         <load_address>0x99f</load_address>
         <run_address>0x99f</run_address>
         <size>0x5e</size>
         <input_file_ref idref="fl-8"/>
      </object_component>
      <object_component id="oc-d8">
         <name>.debug_line</name>
         <load_address>0x9fd</load_address>
         <run_address>0x9fd</run_address>
         <size>0x4e</size>
         <input_file_ref idref="fl-2d"/>
      </object_component>
      <object_component id="oc-dd">
         <name>.debug_line</name>
         <load_address>0xa4b</load_address>
         <run_address>0xa4b</run_address>
         <size>0x20</size>
         <input_file_ref idref="fl-4"/>
      </object_component>
      <object_component id="oc-e5">
         <name>.debug_line</name>
         <load_address>0xa6b</load_address>
         <run_address>0xa6b</run_address>
         <size>0x44</size>
         <input_file_ref idref="fl-27"/>
      </object_component>
      <object_component id="oc-ea">
         <name>.debug_line</name>
         <load_address>0xaaf</load_address>
         <run_address>0xaaf</run_address>
         <size>0x44</size>
         <input_file_ref idref="fl-26"/>
      </object_component>
      <object_component id="oc-f1">
         <name>.debug_line</name>
         <load_address>0xaf3</load_address>
         <run_address>0xaf3</run_address>
         <size>0x20</size>
         <input_file_ref idref="fl-27"/>
      </object_component>
      <object_component id="oc-f3">
         <name>.debug_line</name>
         <load_address>0xb13</load_address>
         <run_address>0xb13</run_address>
         <size>0x30</size>
         <input_file_ref idref="fl-5"/>
      </object_component>
      <object_component id="oc-f6">
         <name>.debug_line</name>
         <load_address>0xb43</load_address>
         <run_address>0xb43</run_address>
         <size>0x20</size>
         <input_file_ref idref="fl-5"/>
      </object_component>
      <object_component id="oc-fb">
         <name>.debug_line</name>
         <load_address>0xb63</load_address>
         <run_address>0xb63</run_address>
         <size>0x30</size>
         <input_file_ref idref="fl-5"/>
      </object_component>
      <object_component id="oc-ff">
         <name>.debug_line</name>
         <load_address>0xb93</load_address>
         <run_address>0xb93</run_address>
         <size>0x30</size>
         <input_file_ref idref="fl-7"/>
      </object_component>
      <object_component id="oc-102">
         <name>.debug_line</name>
         <load_address>0xbc3</load_address>
         <run_address>0xbc3</run_address>
         <size>0x20</size>
         <input_file_ref idref="fl-2"/>
      </object_component>
      <object_component id="oc-10b">
         <name>.debug_line</name>
         <load_address>0xbe3</load_address>
         <run_address>0xbe3</run_address>
         <size>0x3e</size>
         <input_file_ref idref="fl-6"/>
      </object_component>
      <object_component id="oc-111">
         <name>.debug_line</name>
         <load_address>0xc21</load_address>
         <run_address>0xc21</run_address>
         <size>0x20</size>
         <input_file_ref idref="fl-6"/>
      </object_component>
      <object_component id="oc-116">
         <name>.debug_line</name>
         <load_address>0xc41</load_address>
         <run_address>0xc41</run_address>
         <size>0x2e</size>
         <input_file_ref idref="fl-6"/>
      </object_component>
      <object_component id="oc-11c">
         <name>.debug_line</name>
         <load_address>0xc6f</load_address>
         <run_address>0xc6f</run_address>
         <size>0x47</size>
         <input_file_ref idref="fl-7"/>
      </object_component>
      <object_component id="oc-122">
         <name>.debug_line</name>
         <load_address>0xcb6</load_address>
         <run_address>0xcb6</run_address>
         <size>0x5c</size>
         <input_file_ref idref="fl-5"/>
      </object_component>
      <object_component id="oc-127">
         <name>.debug_line</name>
         <load_address>0xd12</load_address>
         <run_address>0xd12</run_address>
         <size>0x48</size>
         <input_file_ref idref="fl-9"/>
      </object_component>
      <object_component id="oc-12e">
         <name>.debug_line</name>
         <load_address>0xd5a</load_address>
         <run_address>0xd5a</run_address>
         <size>0x2c</size>
         <input_file_ref idref="fl-a"/>
      </object_component>
      <object_component id="oc-134">
         <name>.debug_line</name>
         <load_address>0xd86</load_address>
         <run_address>0xd86</run_address>
         <size>0x4d</size>
         <input_file_ref idref="fl-29"/>
      </object_component>
      <object_component id="oc-13b">
         <name>.debug_line</name>
         <load_address>0xdd3</load_address>
         <run_address>0xdd3</run_address>
         <size>0x47</size>
         <input_file_ref idref="fl-9"/>
      </object_component>
      <object_component id="oc-140">
         <name>.debug_line</name>
         <load_address>0xe1a</load_address>
         <run_address>0xe1a</run_address>
         <size>0x4e</size>
         <input_file_ref idref="fl-24"/>
      </object_component>
      <object_component id="oc-149">
         <name>.debug_line</name>
         <load_address>0xe68</load_address>
         <run_address>0xe68</run_address>
         <size>0x20</size>
         <input_file_ref idref="fl-2e"/>
      </object_component>
      <object_component id="oc-14c">
         <name>.debug_line</name>
         <load_address>0xe88</load_address>
         <run_address>0xe88</run_address>
         <size>0x20</size>
         <input_file_ref idref="fl-2e"/>
      </object_component>
      <object_component id="oc-150">
         <name>.debug_line</name>
         <load_address>0xea8</load_address>
         <run_address>0xea8</run_address>
         <size>0x20</size>
         <input_file_ref idref="fl-26"/>
      </object_component>
      <object_component id="oc-152">
         <name>.debug_line</name>
         <load_address>0xec8</load_address>
         <run_address>0xec8</run_address>
         <size>0x20</size>
         <input_file_ref idref="fl-28"/>
      </object_component>
      <object_component id="oc-154">
         <name>.debug_line</name>
         <load_address>0xee8</load_address>
         <run_address>0xee8</run_address>
         <size>0x94</size>
         <input_file_ref idref="fl-5"/>
      </object_component>
      <object_component id="oc-156">
         <name>.debug_line</name>
         <load_address>0xf7c</load_address>
         <run_address>0xf7c</run_address>
         <size>0x30</size>
         <input_file_ref idref="fl-3"/>
      </object_component>
      <object_component id="oc-159">
         <name>.debug_line</name>
         <load_address>0xfac</load_address>
         <run_address>0xfac</run_address>
         <size>0x20</size>
         <input_file_ref idref="fl-6"/>
      </object_component>
      <object_component id="oc-15c">
         <name>.debug_line</name>
         <load_address>0xfcc</load_address>
         <run_address>0xfcc</run_address>
         <size>0x2e</size>
         <input_file_ref idref="fl-4"/>
      </object_component>
      <object_component id="oc-162">
         <name>.debug_line</name>
         <load_address>0xffa</load_address>
         <run_address>0xffa</run_address>
         <size>0x48</size>
         <input_file_ref idref="fl-3"/>
      </object_component>
      <object_component id="oc-168">
         <name>.debug_line</name>
         <load_address>0x1042</load_address>
         <run_address>0x1042</run_address>
         <size>0x4e</size>
         <input_file_ref idref="fl-5"/>
      </object_component>
      <object_component id="oc-16e">
         <name>.debug_line</name>
         <load_address>0x1090</load_address>
         <run_address>0x1090</run_address>
         <size>0x31</size>
         <input_file_ref idref="fl-a"/>
      </object_component>
      <object_component id="oc-170">
         <name>.debug_line</name>
         <load_address>0x10c1</load_address>
         <run_address>0x10c1</run_address>
         <size>0x2c</size>
         <input_file_ref idref="fl-a"/>
      </object_component>
      <object_component id="oc-173">
         <name>.debug_line</name>
         <load_address>0x10ed</load_address>
         <run_address>0x10ed</run_address>
         <size>0x43</size>
         <input_file_ref idref="fl-2a"/>
      </object_component>
      <object_component id="oc-177">
         <name>.debug_line</name>
         <load_address>0x1130</load_address>
         <run_address>0x1130</run_address>
         <size>0x31</size>
         <input_file_ref idref="fl-a"/>
      </object_component>
      <object_component id="oc-17a">
         <name>.debug_line</name>
         <load_address>0x1161</load_address>
         <run_address>0x1161</run_address>
         <size>0x59</size>
         <input_file_ref idref="fl-5"/>
      </object_component>
      <object_component id="oc-180">
         <name>.debug_line</name>
         <load_address>0x11ba</load_address>
         <run_address>0x11ba</run_address>
         <size>0x2f</size>
         <input_file_ref idref="fl-8"/>
      </object_component>
      <object_component id="oc-182">
         <name>.debug_line</name>
         <load_address>0x11e9</load_address>
         <run_address>0x11e9</run_address>
         <size>0x2f</size>
         <input_file_ref idref="fl-8"/>
      </object_component>
      <object_component id="oc-187">
         <name>.debug_line</name>
         <load_address>0x1218</load_address>
         <run_address>0x1218</run_address>
         <size>0x42</size>
         <input_file_ref idref="fl-2f"/>
      </object_component>
      <object_component id="oc-18c">
         <name>.debug_line</name>
         <load_address>0x125a</load_address>
         <run_address>0x125a</run_address>
         <size>0x30</size>
         <input_file_ref idref="fl-9"/>
      </object_component>
      <object_component id="oc-190">
         <name>.debug_line</name>
         <load_address>0x128a</load_address>
         <run_address>0x128a</run_address>
         <size>0x31</size>
         <input_file_ref idref="fl-8"/>
      </object_component>
      <object_component id="oc-192">
         <name>.debug_line</name>
         <load_address>0x12bb</load_address>
         <run_address>0x12bb</run_address>
         <size>0xaf</size>
         <input_file_ref idref="fl-4"/>
      </object_component>
      <object_component id="oc-2f">
         <name>.debug_aranges</name>
         <load_address>0x0</load_address>
         <run_address>0x0</run_address>
         <size>0x20</size>
         <input_file_ref idref="fl-25"/>
      </object_component>
      <object_component id="oc-33">
         <name>.debug_aranges</name>
         <load_address>0x20</load_address>
         <run_address>0x20</run_address>
         <size>0x20</size>
         <input_file_ref idref="fl-26"/>
      </object_component>
      <object_component id="oc-37">
         <name>.debug_aranges</name>
         <load_address>0x40</load_address>
         <run_address>0x40</run_address>
         <size>0x20</size>
         <input_file_ref idref="fl-28"/>
      </object_component>
      <object_component id="oc-3b">
         <name>.debug_aranges</name>
         <load_address>0x60</load_address>
         <run_address>0x60</run_address>
         <size>0x20</size>
         <input_file_ref idref="fl-27"/>
      </object_component>
      <object_component id="oc-41">
         <name>.debug_aranges</name>
         <load_address>0x80</load_address>
         <run_address>0x80</run_address>
         <size>0x20</size>
         <input_file_ref idref="fl-5"/>
      </object_component>
      <object_component id="oc-47">
         <name>.debug_aranges</name>
         <load_address>0xa0</load_address>
         <run_address>0xa0</run_address>
         <size>0x20</size>
         <input_file_ref idref="fl-7"/>
      </object_component>
      <object_component id="oc-4d">
         <name>.debug_aranges</name>
         <load_address>0xc0</load_address>
         <run_address>0xc0</run_address>
         <size>0x20</size>
         <input_file_ref idref="fl-30"/>
      </object_component>
      <object_component id="oc-51">
         <name>.debug_aranges</name>
         <load_address>0xe0</load_address>
         <run_address>0xe0</run_address>
         <size>0x20</size>
         <input_file_ref idref="fl-33"/>
      </object_component>
      <object_component id="oc-56">
         <name>.debug_aranges</name>
         <load_address>0x100</load_address>
         <run_address>0x100</run_address>
         <size>0x20</size>
         <input_file_ref idref="fl-4"/>
      </object_component>
      <object_component id="oc-5a">
         <name>.debug_aranges</name>
         <load_address>0x120</load_address>
         <run_address>0x120</run_address>
         <size>0x20</size>
         <input_file_ref idref="fl-2c"/>
      </object_component>
      <object_component id="oc-5f">
         <name>.debug_aranges</name>
         <load_address>0x140</load_address>
         <run_address>0x140</run_address>
         <size>0x20</size>
         <input_file_ref idref="fl-2e"/>
      </object_component>
      <object_component id="oc-6f">
         <name>.debug_aranges</name>
         <load_address>0x160</load_address>
         <run_address>0x160</run_address>
         <size>0x20</size>
         <input_file_ref idref="fl-27"/>
      </object_component>
      <object_component id="oc-7f">
         <name>.debug_aranges</name>
         <load_address>0x180</load_address>
         <run_address>0x180</run_address>
         <size>0x20</size>
         <input_file_ref idref="fl-5"/>
      </object_component>
      <object_component id="oc-84">
         <name>.debug_aranges</name>
         <load_address>0x1a0</load_address>
         <run_address>0x1a0</run_address>
         <size>0x20</size>
         <input_file_ref idref="fl-5"/>
      </object_component>
      <object_component id="oc-99">
         <name>.debug_aranges</name>
         <load_address>0x1c0</load_address>
         <run_address>0x1c0</run_address>
         <size>0x20</size>
         <input_file_ref idref="fl-2b"/>
      </object_component>
      <object_component id="oc-9f">
         <name>.debug_aranges</name>
         <load_address>0x1e0</load_address>
         <run_address>0x1e0</run_address>
         <size>0x20</size>
         <input_file_ref idref="fl-3"/>
      </object_component>
      <object_component id="oc-a4">
         <name>.debug_aranges</name>
         <load_address>0x200</load_address>
         <run_address>0x200</run_address>
         <size>0x20</size>
         <input_file_ref idref="fl-6"/>
      </object_component>
      <object_component id="oc-a9">
         <name>.debug_aranges</name>
         <load_address>0x220</load_address>
         <run_address>0x220</run_address>
         <size>0x20</size>
         <input_file_ref idref="fl-7"/>
      </object_component>
      <object_component id="oc-b0">
         <name>.debug_aranges</name>
         <load_address>0x240</load_address>
         <run_address>0x240</run_address>
         <size>0x20</size>
         <input_file_ref idref="fl-7"/>
      </object_component>
      <object_component id="oc-b5">
         <name>.debug_aranges</name>
         <load_address>0x260</load_address>
         <run_address>0x260</run_address>
         <size>0x20</size>
         <input_file_ref idref="fl-7"/>
      </object_component>
      <object_component id="oc-ba">
         <name>.debug_aranges</name>
         <load_address>0x280</load_address>
         <run_address>0x280</run_address>
         <size>0x20</size>
         <input_file_ref idref="fl-4"/>
      </object_component>
      <object_component id="oc-bf">
         <name>.debug_aranges</name>
         <load_address>0x2a0</load_address>
         <run_address>0x2a0</run_address>
         <size>0x20</size>
         <input_file_ref idref="fl-9"/>
      </object_component>
      <object_component id="oc-c4">
         <name>.debug_aranges</name>
         <load_address>0x2c0</load_address>
         <run_address>0x2c0</run_address>
         <size>0x20</size>
         <input_file_ref idref="fl-8"/>
      </object_component>
      <object_component id="oc-c9">
         <name>.debug_aranges</name>
         <load_address>0x2e0</load_address>
         <run_address>0x2e0</run_address>
         <size>0x20</size>
         <input_file_ref idref="fl-7"/>
      </object_component>
      <object_component id="oc-d0">
         <name>.debug_aranges</name>
         <load_address>0x300</load_address>
         <run_address>0x300</run_address>
         <size>0x20</size>
         <input_file_ref idref="fl-a"/>
      </object_component>
      <object_component id="oc-d5">
         <name>.debug_aranges</name>
         <load_address>0x320</load_address>
         <run_address>0x320</run_address>
         <size>0x20</size>
         <input_file_ref idref="fl-8"/>
      </object_component>
      <object_component id="oc-d9">
         <name>.debug_aranges</name>
         <load_address>0x340</load_address>
         <run_address>0x340</run_address>
         <size>0x20</size>
         <input_file_ref idref="fl-2d"/>
      </object_component>
      <object_component id="oc-10d">
         <name>.debug_aranges</name>
         <load_address>0x360</load_address>
         <run_address>0x360</run_address>
         <size>0x20</size>
         <input_file_ref idref="fl-6"/>
      </object_component>
      <object_component id="oc-11e">
         <name>.debug_aranges</name>
         <load_address>0x380</load_address>
         <run_address>0x380</run_address>
         <size>0x20</size>
         <input_file_ref idref="fl-7"/>
      </object_component>
      <object_component id="oc-124">
         <name>.debug_aranges</name>
         <load_address>0x3a0</load_address>
         <run_address>0x3a0</run_address>
         <size>0x20</size>
         <input_file_ref idref="fl-5"/>
      </object_component>
      <object_component id="oc-129">
         <name>.debug_aranges</name>
         <load_address>0x3c0</load_address>
         <run_address>0x3c0</run_address>
         <size>0x20</size>
         <input_file_ref idref="fl-9"/>
      </object_component>
      <object_component id="oc-135">
         <name>.debug_aranges</name>
         <load_address>0x3e0</load_address>
         <run_address>0x3e0</run_address>
         <size>0x20</size>
         <input_file_ref idref="fl-29"/>
      </object_component>
      <object_component id="oc-13d">
         <name>.debug_aranges</name>
         <load_address>0x400</load_address>
         <run_address>0x400</run_address>
         <size>0x20</size>
         <input_file_ref idref="fl-9"/>
      </object_component>
      <object_component id="oc-141">
         <name>.debug_aranges</name>
         <load_address>0x420</load_address>
         <run_address>0x420</run_address>
         <size>0x20</size>
         <input_file_ref idref="fl-24"/>
      </object_component>
      <object_component id="oc-164">
         <name>.debug_aranges</name>
         <load_address>0x440</load_address>
         <run_address>0x440</run_address>
         <size>0x20</size>
         <input_file_ref idref="fl-3"/>
      </object_component>
      <object_component id="oc-16a">
         <name>.debug_aranges</name>
         <load_address>0x460</load_address>
         <run_address>0x460</run_address>
         <size>0x20</size>
         <input_file_ref idref="fl-5"/>
      </object_component>
      <object_component id="oc-174">
         <name>.debug_aranges</name>
         <load_address>0x480</load_address>
         <run_address>0x480</run_address>
         <size>0x20</size>
         <input_file_ref idref="fl-2a"/>
      </object_component>
      <object_component id="oc-17c">
         <name>.debug_aranges</name>
         <load_address>0x4a0</load_address>
         <run_address>0x4a0</run_address>
         <size>0x20</size>
         <input_file_ref idref="fl-5"/>
      </object_component>
      <object_component id="oc-188">
         <name>.debug_aranges</name>
         <load_address>0x4c0</load_address>
         <run_address>0x4c0</run_address>
         <size>0x20</size>
         <input_file_ref idref="fl-2f"/>
      </object_component>
      <object_component id="oc-40">
         <name>.debug_frame</name>
         <load_address>0x0</load_address>
         <run_address>0x0</run_address>
         <size>0x76</size>
         <input_file_ref idref="fl-5"/>
      </object_component>
      <object_component id="oc-46">
         <name>.debug_frame</name>
         <load_address>0x76</load_address>
         <run_address>0x76</run_address>
         <size>0x48</size>
         <input_file_ref idref="fl-7"/>
      </object_component>
      <object_component id="oc-55">
         <name>.debug_frame</name>
         <load_address>0xbe</load_address>
         <run_address>0xbe</run_address>
         <size>0x57</size>
         <input_file_ref idref="fl-4"/>
      </object_component>
      <object_component id="oc-7e">
         <name>.debug_frame</name>
         <load_address>0x115</load_address>
         <run_address>0x115</run_address>
         <size>0x47</size>
         <input_file_ref idref="fl-5"/>
      </object_component>
      <object_component id="oc-83">
         <name>.debug_frame</name>
         <load_address>0x15c</load_address>
         <run_address>0x15c</run_address>
         <size>0x47</size>
         <input_file_ref idref="fl-5"/>
      </object_component>
      <object_component id="oc-9e">
         <name>.debug_frame</name>
         <load_address>0x1a3</load_address>
         <run_address>0x1a3</run_address>
         <size>0x47</size>
         <input_file_ref idref="fl-3"/>
      </object_component>
      <object_component id="oc-a3">
         <name>.debug_frame</name>
         <load_address>0x1ea</load_address>
         <run_address>0x1ea</run_address>
         <size>0x47</size>
         <input_file_ref idref="fl-6"/>
      </object_component>
      <object_component id="oc-a8">
         <name>.debug_frame</name>
         <load_address>0x231</load_address>
         <run_address>0x231</run_address>
         <size>0x47</size>
         <input_file_ref idref="fl-7"/>
      </object_component>
      <object_component id="oc-af">
         <name>.debug_frame</name>
         <load_address>0x278</load_address>
         <run_address>0x278</run_address>
         <size>0x47</size>
         <input_file_ref idref="fl-7"/>
      </object_component>
      <object_component id="oc-b4">
         <name>.debug_frame</name>
         <load_address>0x2bf</load_address>
         <run_address>0x2bf</run_address>
         <size>0x47</size>
         <input_file_ref idref="fl-7"/>
      </object_component>
      <object_component id="oc-b9">
         <name>.debug_frame</name>
         <load_address>0x306</load_address>
         <run_address>0x306</run_address>
         <size>0x47</size>
         <input_file_ref idref="fl-4"/>
      </object_component>
      <object_component id="oc-be">
         <name>.debug_frame</name>
         <load_address>0x34d</load_address>
         <run_address>0x34d</run_address>
         <size>0x47</size>
         <input_file_ref idref="fl-9"/>
      </object_component>
      <object_component id="oc-c3">
         <name>.debug_frame</name>
         <load_address>0x394</load_address>
         <run_address>0x394</run_address>
         <size>0x47</size>
         <input_file_ref idref="fl-8"/>
      </object_component>
      <object_component id="oc-c8">
         <name>.debug_frame</name>
         <load_address>0x3db</load_address>
         <run_address>0x3db</run_address>
         <size>0x47</size>
         <input_file_ref idref="fl-7"/>
      </object_component>
      <object_component id="oc-cf">
         <name>.debug_frame</name>
         <load_address>0x422</load_address>
         <run_address>0x422</run_address>
         <size>0x48</size>
         <input_file_ref idref="fl-a"/>
      </object_component>
      <object_component id="oc-d4">
         <name>.debug_frame</name>
         <load_address>0x46a</load_address>
         <run_address>0x46a</run_address>
         <size>0x47</size>
         <input_file_ref idref="fl-8"/>
      </object_component>
      <object_component id="oc-10c">
         <name>.debug_frame</name>
         <load_address>0x4b1</load_address>
         <run_address>0x4b1</run_address>
         <size>0x47</size>
         <input_file_ref idref="fl-6"/>
      </object_component>
      <object_component id="oc-11d">
         <name>.debug_frame</name>
         <load_address>0x4f8</load_address>
         <run_address>0x4f8</run_address>
         <size>0x47</size>
         <input_file_ref idref="fl-7"/>
      </object_component>
      <object_component id="oc-123">
         <name>.debug_frame</name>
         <load_address>0x53f</load_address>
         <run_address>0x53f</run_address>
         <size>0x51</size>
         <input_file_ref idref="fl-5"/>
      </object_component>
      <object_component id="oc-128">
         <name>.debug_frame</name>
         <load_address>0x590</load_address>
         <run_address>0x590</run_address>
         <size>0x4d</size>
         <input_file_ref idref="fl-9"/>
      </object_component>
      <object_component id="oc-13c">
         <name>.debug_frame</name>
         <load_address>0x5dd</load_address>
         <run_address>0x5dd</run_address>
         <size>0x4d</size>
         <input_file_ref idref="fl-9"/>
      </object_component>
      <object_component id="oc-163">
         <name>.debug_frame</name>
         <load_address>0x62a</load_address>
         <run_address>0x62a</run_address>
         <size>0x47</size>
         <input_file_ref idref="fl-3"/>
      </object_component>
      <object_component id="oc-169">
         <name>.debug_frame</name>
         <load_address>0x671</load_address>
         <run_address>0x671</run_address>
         <size>0x47</size>
         <input_file_ref idref="fl-5"/>
      </object_component>
      <object_component id="oc-17b">
         <name>.debug_frame</name>
         <load_address>0x6b8</load_address>
         <run_address>0x6b8</run_address>
         <size>0x4d</size>
         <input_file_ref idref="fl-5"/>
      </object_component>
      <object_component id="oc-5b">
         <name>.debug_abbrev</name>
         <load_address>0x0</load_address>
         <run_address>0x0</run_address>
         <size>0x5d</size>
         <input_file_ref idref="fl-25"/>
      </object_component>
      <object_component id="oc-60">
         <name>.debug_abbrev</name>
         <load_address>0x5d</load_address>
         <run_address>0x5d</run_address>
         <size>0x6b</size>
         <input_file_ref idref="fl-26"/>
      </object_component>
      <object_component id="oc-62">
         <name>.debug_abbrev</name>
         <load_address>0xc8</load_address>
         <run_address>0xc8</run_address>
         <size>0x24</size>
         <input_file_ref idref="fl-26"/>
      </object_component>
      <object_component id="oc-66">
         <name>.debug_abbrev</name>
         <load_address>0xec</load_address>
         <run_address>0xec</run_address>
         <size>0x85</size>
         <input_file_ref idref="fl-28"/>
      </object_component>
      <object_component id="oc-68">
         <name>.debug_abbrev</name>
         <load_address>0x171</load_address>
         <run_address>0x171</run_address>
         <size>0x24</size>
         <input_file_ref idref="fl-28"/>
      </object_component>
      <object_component id="oc-70">
         <name>.debug_abbrev</name>
         <load_address>0x195</load_address>
         <run_address>0x195</run_address>
         <size>0x6b</size>
         <input_file_ref idref="fl-27"/>
      </object_component>
      <object_component id="oc-73">
         <name>.debug_abbrev</name>
         <load_address>0x200</load_address>
         <run_address>0x200</run_address>
         <size>0x24</size>
         <input_file_ref idref="fl-27"/>
      </object_component>
      <object_component id="oc-85">
         <name>.debug_abbrev</name>
         <load_address>0x224</load_address>
         <run_address>0x224</run_address>
         <size>0x61</size>
         <input_file_ref idref="fl-5"/>
      </object_component>
      <object_component id="oc-88">
         <name>.debug_abbrev</name>
         <load_address>0x285</load_address>
         <run_address>0x285</run_address>
         <size>0x53</size>
         <input_file_ref idref="fl-7"/>
      </object_component>
      <object_component id="oc-89">
         <name>.debug_abbrev</name>
         <load_address>0x2d8</load_address>
         <run_address>0x2d8</run_address>
         <size>0x29</size>
         <input_file_ref idref="fl-25"/>
      </object_component>
      <object_component id="oc-8c">
         <name>.debug_abbrev</name>
         <load_address>0x301</load_address>
         <run_address>0x301</run_address>
         <size>0x23</size>
         <input_file_ref idref="fl-25"/>
      </object_component>
      <object_component id="oc-90">
         <name>.debug_abbrev</name>
         <load_address>0x324</load_address>
         <run_address>0x324</run_address>
         <size>0x5a</size>
         <input_file_ref idref="fl-30"/>
      </object_component>
      <object_component id="oc-92">
         <name>.debug_abbrev</name>
         <load_address>0x37e</load_address>
         <run_address>0x37e</run_address>
         <size>0x1c</size>
         <input_file_ref idref="fl-27"/>
      </object_component>
      <object_component id="oc-9a">
         <name>.debug_abbrev</name>
         <load_address>0x39a</load_address>
         <run_address>0x39a</run_address>
         <size>0x7a</size>
         <input_file_ref idref="fl-33"/>
      </object_component>
      <object_component id="oc-da">
         <name>.debug_abbrev</name>
         <load_address>0x414</load_address>
         <run_address>0x414</run_address>
         <size>0x90</size>
         <input_file_ref idref="fl-4"/>
      </object_component>
      <object_component id="oc-dc">
         <name>.debug_abbrev</name>
         <load_address>0x4a4</load_address>
         <run_address>0x4a4</run_address>
         <size>0x23</size>
         <input_file_ref idref="fl-4"/>
      </object_component>
      <object_component id="oc-e0">
         <name>.debug_abbrev</name>
         <load_address>0x4c7</load_address>
         <run_address>0x4c7</run_address>
         <size>0x6b</size>
         <input_file_ref idref="fl-2c"/>
      </object_component>
      <object_component id="oc-e1">
         <name>.debug_abbrev</name>
         <load_address>0x532</load_address>
         <run_address>0x532</run_address>
         <size>0x87</size>
         <input_file_ref idref="fl-2e"/>
      </object_component>
      <object_component id="oc-e4">
         <name>.debug_abbrev</name>
         <load_address>0x5b9</load_address>
         <run_address>0x5b9</run_address>
         <size>0x24</size>
         <input_file_ref idref="fl-27"/>
      </object_component>
      <object_component id="oc-e9">
         <name>.debug_abbrev</name>
         <load_address>0x5dd</load_address>
         <run_address>0x5dd</run_address>
         <size>0x24</size>
         <input_file_ref idref="fl-26"/>
      </object_component>
      <object_component id="oc-ef">
         <name>.debug_abbrev</name>
         <load_address>0x601</load_address>
         <run_address>0x601</run_address>
         <size>0x77</size>
         <input_file_ref idref="fl-27"/>
      </object_component>
      <object_component id="oc-f0">
         <name>.debug_abbrev</name>
         <load_address>0x678</load_address>
         <run_address>0x678</run_address>
         <size>0x37</size>
         <input_file_ref idref="fl-27"/>
      </object_component>
      <object_component id="oc-f2">
         <name>.debug_abbrev</name>
         <load_address>0x6af</load_address>
         <run_address>0x6af</run_address>
         <size>0x29</size>
         <input_file_ref idref="fl-5"/>
      </object_component>
      <object_component id="oc-f5">
         <name>.debug_abbrev</name>
         <load_address>0x6d8</load_address>
         <run_address>0x6d8</run_address>
         <size>0x1c</size>
         <input_file_ref idref="fl-5"/>
      </object_component>
      <object_component id="oc-fa">
         <name>.debug_abbrev</name>
         <load_address>0x6f4</load_address>
         <run_address>0x6f4</run_address>
         <size>0x29</size>
         <input_file_ref idref="fl-5"/>
      </object_component>
      <object_component id="oc-fc">
         <name>.debug_abbrev</name>
         <load_address>0x71d</load_address>
         <run_address>0x71d</run_address>
         <size>0x50</size>
         <input_file_ref idref="fl-5"/>
      </object_component>
      <object_component id="oc-fd">
         <name>.debug_abbrev</name>
         <load_address>0x76d</load_address>
         <run_address>0x76d</run_address>
         <size>0x50</size>
         <input_file_ref idref="fl-5"/>
      </object_component>
      <object_component id="oc-fe">
         <name>.debug_abbrev</name>
         <load_address>0x7bd</load_address>
         <run_address>0x7bd</run_address>
         <size>0x29</size>
         <input_file_ref idref="fl-7"/>
      </object_component>
      <object_component id="oc-101">
         <name>.debug_abbrev</name>
         <load_address>0x7e6</load_address>
         <run_address>0x7e6</run_address>
         <size>0x1c</size>
         <input_file_ref idref="fl-2"/>
      </object_component>
      <object_component id="oc-105">
[...]
         <name>USICTL1</name>
         <value>0x79</value>
      </symbol>
      <symbol id="sm-31">
         <name>USICKCTL</name>
         <value>0x7a</value>
      </symbol>
      <symbol id="sm-32">
         <name>USICNT</name>
         <value>0x7b</value>
      </symbol>
      <symbol id="sm-33">
         <name>USISRL</name>
         <value>0x7c</value>
      </symbol>
      <symbol id="sm-34">
         <name>USISRH</name>
         <value>0x7d</value>
      </symbol>
      <symbol id="sm-35">
         <name>USICTL</name>
         <value>0x78</value>
      </symbol>
      <symbol id="sm-36">
         <name>USICCTL</name>
         <value>0x7a</value>
      </symbol>
      <symbol id="sm-37">
         <name>USISR</name>
         <value>0x7c</value>
      </symbol>
      <symbol id="sm-38">
         <name>WDTCTL</name>
         <value>0x120</value>
      </symbol>
      <symbol id="sm-39">
         <name>CALDCO_16MHZ</name>
         <value>0x10f8</value>
      </symbol>
      <symbol id="sm-3a">
         <name>CALBC1_16MHZ</name>
         <value>0x10f9</value>
      </symbol>
      <symbol id="sm-3b">
         <name>CALDCO_12MHZ</name>
         <value>0x10fa</value>
      </symbol>
      <symbol id="sm-3c">
         <name>CALBC1_12MHZ</name>
         <value>0x10fb</value>
      </symbol>
      <symbol id="sm-3d">
         <name>CALDCO_8MHZ</name>
         <value>0x10fc</value>
      </symbol>
      <symbol id="sm-3e">
         <name>CALBC1_8MHZ</name>
         <value>0x10fd</value>
      </symbol>
      <symbol id="sm-3f">
         <name>CALDCO_1MHZ</name>
         <value>0x10fe</value>
      </symbol>
      <symbol id="sm-40">
         <name>CALBC1_1MHZ</name>
         <value>0x10ff</value>
      </symbol>
      <symbol id="sm-41">
         <name>__TI_CINIT_Base</name>
         <value>0xe906</value>
      </symbol>
      <symbol id="sm-42">
         <name>__TI_CINIT_Limit</name>
         <value>0xe90e</value>
      </symbol>
      <symbol id="sm-43">
         <name>__TI_Handler_Table_Base</name>
         <value>0xe8fc</value>
      </symbol>
      <symbol id="sm-44">
         <name>__TI_Handler_Table_Limit</name>
         <value>0xe902</value>
      </symbol>
      <symbol id="sm-45">
         <name>binit</name>
         <value>0xffffffff</value>
      </symbol>
      <symbol id="sm-46">
         <name>__binit__</name>
         <value>0xffffffff</value>
      </symbol>
      <symbol id="sm-47">
         <name>__STACK_SIZE</name>
         <value>0x50</value>
      </symbol>
      <symbol id="sm-48">
         <name>__STACK_END</name>
         <value>0x300</value>
      </symbol>
      <symbol id="sm-49">
         <name>__c_args__</name>
         <value>0xffffffff</value>
      </symbol>
      <symbol id="sm-8e">
         <name>timer_a_i2c_100k</name>
         <value>0xe68e</value>
         <object_component_ref idref="oc-160"/>
      </symbol>
      <symbol id="sm-8f">
         <name>set_dco</name>
         <value>0xe406</value>
         <object_component_ref idref="oc-9b"/>
      </symbol>
      <symbol id="sm-90">
         <name>SYSTIME_DCO_CLOCK</name>
         <value>0x22e</value>
         <object_component_ref idref="oc-106"/>
      </symbol>
      <symbol id="sm-c5">
         <name>main</name>
         <value>0xe2b0</value>
         <object_component_ref idref="oc-52"/>
      </symbol>
      <symbol id="sm-c6">
         <name>start_5min_count</name>
         <value>0xe8c6</value>
         <object_component_ref idref="oc-b6"/>
      </symbol>
      <symbol id="sm-117">
         <name>_I2C_SLAVE_PRESENT</name>
         <value>0x22a</value>
         <object_component_ref idref="oc-79"/>
      </symbol>
      <symbol id="sm-118">
         <name>i2c_reg_read</name>
         <value>0xe5e6</value>
         <object_component_ref idref="oc-178"/>
      </symbol>
      <symbol id="sm-119">
         <name>USI_TXRX</name>
         <value>0xe000</value>
         <object_component_ref idref="oc-3c"/>
      </symbol>
      <symbol id="sm-11a">
         <name>_I2C_SLAVE</name>
         <value>0x200</value>
         <object_component_ref idref="oc-77"/>
      </symbol>
      <symbol id="sm-11b">
         <name>Data_RX</name>
         <value>0xe898</value>
         <object_component_ref idref="oc-80"/>
      </symbol>
      <symbol id="sm-11c">
         <name>Data_TX</name>
         <value>0xe75e</value>
         <object_component_ref idref="oc-7b"/>
      </symbol>
      <symbol id="sm-11d">
         <name>_I2C_BYTECOUNT</name>
         <value>0x206</value>
         <object_component_ref idref="oc-77"/>
      </symbol>
      <symbol id="sm-11e">
         <name>_I2C_BUFFPTR</name>
         <value>0x202</value>
         <object_component_ref idref="oc-77"/>
      </symbol>
      <symbol id="sm-11f">
         <name>_I2C_OPERATION</name>
         <value>0x228</value>
         <object_component_ref idref="oc-79"/>
      </symbol>
      <symbol id="sm-120">
         <name>i2c_init</name>
         <value>0xe592</value>
         <object_component_ref idref="oc-120"/>
      </symbol>
      <symbol id="sm-121">
         <name>_I2C_RPT_START</name>
         <value>0x22c</value>
         <object_component_ref idref="oc-79"/>
      </symbol>
      <symbol id="sm-122">
         <name>_I2C_State</name>
         <value>0x204</value>
         <object_component_ref idref="oc-77"/>
      </symbol>
      <symbol id="sm-123">
         <name>_I2C_NUMBYTES</name>
         <value>0x208</value>
         <object_component_ref idref="oc-77"/>
      </symbol>
      <symbol id="sm-124">
         <name>i2c_transmit</name>
         <value>0xe740</value>
         <object_component_ref idref="oc-166"/>
      </symbol>
      <symbol id="sm-142">
         <name>FLASH_dummy</name>
         <value>0xe8e0</value>
         <object_component_ref idref="oc-109"/>
      </symbol>
      <symbol id="sm-143">
         <name>FLASH_BTN_FUNC</name>
         <value>0x212</value>
         <object_component_ref idref="oc-aa"/>
      </symbol>
      <symbol id="sm-144">
         <name>FLASH_init</name>
         <value>0xe7c8</value>
         <object_component_ref idref="oc-a0"/>
      </symbol>
      <symbol id="sm-179">
         <name>WDT_ISR</name>
         <value>0xe37e</value>
         <object_component_ref idref="oc-42"/>
      </symbol>
      <symbol id="sm-17a">
         <name>_ctr_wdt_count</name>
         <value>0x226</value>
         <object_component_ref idref="oc-86"/>
      </symbol>
      <symbol id="sm-17b">
         <name>FLASH_CTR_DELAY</name>
         <value>0x21e</value>
         <object_component_ref idref="oc-86"/>
      </symbol>
      <symbol id="sm-17c">
         <name>CTR_ON</name>
         <value>0x220</value>
         <object_component_ref idref="oc-86"/>
      </symbol>
      <symbol id="sm-17d">
         <name>ctr_up</name>
         <value>0xe838</value>
         <object_component_ref idref="oc-a5"/>
      </symbol>
      <symbol id="sm-17e">
         <name>CTR_DISP</name>
         <value>0x21f</value>
         <object_component_ref idref="oc-86"/>
      </symbol>
      <symbol id="sm-17f">
         <name>CTR_MIN</name>
         <value>0x224</value>
         <object_component_ref idref="oc-86"/>
      </symbol>
      <symbol id="sm-180">
         <name>CTR_SEC</name>
         <value>0x225</value>
         <object_component_ref idref="oc-86"/>
      </symbol>
      <symbol id="sm-181">
         <name>ctr_down</name>
         <value>0xe624</value>
         <object_component_ref idref="oc-ac"/>
      </symbol>
      <symbol id="sm-182">
         <name>CTR_DELAY</name>
         <value>0x222</value>
         <object_component_ref idref="oc-86"/>
      </symbol>
      <symbol id="sm-183">
         <name>ctr_stop</name>
         <value>0xe80c</value>
         <object_component_ref idref="oc-b1"/>
      </symbol>
      <symbol id="sm-184">
         <name>CTR_RUNNING</name>
         <value>0x223</value>
         <object_component_ref idref="oc-86"/>
      </symbol>
      <symbol id="sm-185">
         <name>CTR_BEEPTRIGGER</name>
         <value>0x221</value>
         <object_component_ref idref="oc-86"/>
      </symbol>
      <symbol id="sm-186">
         <name>ctr_start</name>
         <value>0xe7f6</value>
         <object_component_ref idref="oc-11a"/>
      </symbol>
      <symbol id="sm-187">
         <name>ctr_init</name>
         <value>0xe8b8</value>
         <object_component_ref idref="oc-c5"/>
      </symbol>
      <symbol id="sm-1ae">
         <name>BTN_read</name>
         <value>0xe536</value>
         <object_component_ref idref="oc-d1"/>
      </symbol>
      <symbol id="sm-1af">
         <name>_btn_state</name>
         <value>0x232</value>
         <object_component_ref idref="oc-142"/>
      </symbol>
      <symbol id="sm-1b0">
         <name>BTN_init</name>
         <value>0xe77a</value>
         <object_component_ref idref="oc-c0"/>
      </symbol>
      <symbol id="sm-1b1">
         <name>_btn_count</name>
         <value>0x21a</value>
         <object_component_ref idref="oc-144"/>
      </symbol>
      <symbol id="sm-1c9">
         <name>MCP_Write</name>
         <value>0xe794</value>
         <object_component_ref idref="oc-125"/>
      </symbol>
      <symbol id="sm-1ca">
         <name>MCP_Read</name>
         <value>0xe7e0</value>
         <object_component_ref idref="oc-139"/>
      </symbol>
      <symbol id="sm-1cb">
         <name>MCP_init</name>
         <value>0xe660</value>
         <object_component_ref idref="oc-bb"/>
      </symbol>
      <symbol id="sm-1f1">
         <name>segments</name>
         <value>0xe8e2</value>
         <object_component_ref idref="oc-136"/>
      </symbol>
      <symbol id="sm-1f2">
         <name>LED_SECOND</name>
         <value>0x20b</value>
         <object_component_ref idref="oc-ca"/>
      </symbol>
      <symbol id="sm-1f3">
         <name>_disp_buff</name>
         <value>0x20e</value>
         <object_component_ref idref="oc-ca"/>
      </symbol>
      <symbol id="sm-1f4">
         <name>LED_displaydigit</name>
         <value>0xe1ca</value>
         <object_component_ref idref="oc-cc"/>
      </symbol>
      <symbol id="sm-1f5">
         <name>LED_MINUTE</name>
         <value>0x20a</value>
         <object_component_ref idref="oc-ca"/>
      </symbol>
      <symbol id="sm-1f6">
         <name>LED_FLAGS</name>
         <value>0x20c</value>
         <object_component_ref idref="oc-ca"/>
      </symbol>
      <symbol id="sm-1f7">
         <name>_digit_count</name>
         <value>0x230</value>
         <object_component_ref idref="oc-130"/>
      </symbol>
      <symbol id="sm-1fe">
         <name>__mspabi_srai</name>
         <value>0xe6bc</value>
         <object_component_ref idref="oc-13e"/>
      </symbol>
      <symbol id="sm-1ff">
         <name>__mspabi_srai_8</name>
         <value>0xe6d6</value>
         <object_component_ref idref="oc-13e"/>
      </symbol>
      <symbol id="sm-200">
         <name>__mspabi_srai_9</name>
         <value>0xe6d4</value>
         <object_component_ref idref="oc-13e"/>
      </symbol>
      <symbol id="sm-201">
         <name>__mspabi_srai_6</name>
         <value>0xe6da</value>
         <object_component_ref idref="oc-13e"/>
      </symbol>
      <symbol id="sm-202">
         <name>__mspabi_srai_7</name>
         <value>0xe6d8</value>
         <object_component_ref idref="oc-13e"/>
      </symbol>
      <symbol id="sm-203">
         <name>__mspabi_srai_4</name>
         <value>0xe6de</value>
         <object_component_ref idref="oc-13e"/>
      </symbol>
      <symbol id="sm-204">
         <name>__mspabi_srai_5</name>
         <value>0xe6dc</value>
         <object_component_ref idref="oc-13e"/>
      </symbol>
      <symbol id="sm-205">
         <name>__mspabi_srai_2</name>
         <value>0xe6e2</value>
         <object_component_ref idref="oc-13e"/>
      </symbol>
      <symbol id="sm-206">
         <name>__mspabi_srai_3</name>
         <value>0xe6e0</value>
         <object_component_ref idref="oc-13e"/>
      </symbol>
      <symbol id="sm-207">
         <name>__mspabi_srai_1</name>
         <value>0xe6e4</value>
         <object_component_ref idref="oc-13e"/>
      </symbol>
      <symbol id="sm-208">
         <name>__mspabi_srai_15</name>
         <value>0xe6c8</value>
         <object_component_ref idref="oc-13e"/>
      </symbol>
      <symbol id="sm-209">
         <name>__mspabi_srai_14</name>
         <value>0xe6ca</value>
         <object_component_ref idref="oc-13e"/>
      </symbol>
      <symbol id="sm-20a">
         <name>__mspabi_srai_13</name>
         <value>0xe6cc</value>
         <object_component_ref idref="oc-13e"/>
      </symbol>
      <symbol id="sm-20b">
         <name>__mspabi_srai_12</name>
         <value>0xe6ce</value>
         <object_component_ref idref="oc-13e"/>
      </symbol>
      <symbol id="sm-20c">
         <name>__mspabi_srai_11</name>
         <value>0xe6d0</value>
         <object_component_ref idref="oc-13e"/>
      </symbol>
      <symbol id="sm-20d">
         <name>__mspabi_srai_10</name>
         <value>0xe6d2</value>
         <object_component_ref idref="oc-13e"/>
      </symbol>
      <symbol id="sm-21f">
         <name>_c_int00_noexit</name>
         <value>0xe7ae</value>
         <object_component_ref idref="oc-2b"/>
      </symbol>
      <symbol id="sm-220">
         <name>_c_int00</name>
         <value>0xe7ae</value>
         <object_component_ref idref="oc-2b"/>
      </symbol>
      <symbol id="sm-221">
         <name>_stack</name>
         <value>0x2b0</value>
         <object_component_ref idref="oc-48"/>
      </symbol>
      <symbol id="sm-222">
         <name>_reset_vector</name>
         <value>0xfffe</value>
         <object_component_ref idref="oc-2c"/>
      </symbol>
      <symbol id="sm-236">
         <name>__TI_decompress_none</name>
         <value>0xe874</value>
         <object_component_ref idref="oc-30"/>
      </symbol>
      <symbol id="sm-25e">
         <name>__TI_decompress_rle24</name>
         <value>0xe8d2</value>
         <object_component_ref idref="oc-38"/>
      </symbol>
      <symbol id="sm-26f">
         <name>__TI_zero_init</name>
         <value>0xe84c</value>
         <object_component_ref idref="oc-34"/>
      </symbol>
      <symbol id="sm-27a">
         <name>__mspabi_remi</name>
         <value>0xe6e8</value>
         <object_component_ref idref="oc-132"/>
      </symbol>
      <symbol id="sm-27b">
         <name>__mspabi_divi</name>
         <value>0xe6e8</value>
         <object_component_ref idref="oc-132"/>
      </symbol>
      <symbol id="sm-284">
         <name>__mspabi_remu</name>
         <value>0xe822</value>
         <object_component_ref idref="oc-171"/>
      </symbol>
      <symbol id="sm-285">
         <name>__mspabi_divu</name>
         <value>0xe822</value>
         <object_component_ref idref="oc-171"/>
      </symbol>
      <symbol id="sm-28c">
         <name>__mspabi_func_epilog_2</name>
         <value>0xe8b2</value>
         <object_component_ref idref="oc-96"/>
      </symbol>
      <symbol id="sm-28d">
         <name>__mspabi_func_epilog_3</name>
         <value>0xe8b0</value>
         <object_component_ref idref="oc-96"/>
      </symbol>
      <symbol id="sm-28e">
         <name>__mspabi_func_epilog_1</name>
         <value>0xe8b4</value>
         <object_component_ref idref="oc-96"/>
      </symbol>
      <symbol id="sm-28f">
         <name>__mspabi_func_epilog_6</name>
         <value>0xe8aa</value>
         <object_component_ref idref="oc-96"/>
      </symbol>
      <symbol id="sm-290">
         <name>__mspabi_func_epilog_7</name>
         <value>0xe8a8</value>
         <object_component_ref idref="oc-96"/>
      </symbol>
      <symbol id="sm-291">
         <name>__mspabi_func_epilog_4</name>
         <value>0xe8ae</value>
         <object_component_ref idref="oc-96"/>
      </symbol>
      <symbol id="sm-292">
         <name>__mspabi_func_epilog_5</name>
         <value>0xe8ac</value>
         <object_component_ref idref="oc-96"/>
      </symbol>
      <symbol id="sm-29a">
         <name>C$$EXIT</name>
         <value>0xe8dc</value>
         <object_component_ref idref="oc-57"/>
      </symbol>
      <symbol id="sm-29b">
         <name>abort</name>
         <value>0xe8dc</value>
         <object_component_ref idref="oc-57"/>
      </symbol>
      <symbol id="sm-2a2">
         <name>__mspabi_slli</name>
         <value>0xe714</value>
         <object_component_ref idref="oc-d6"/>
      </symbol>
      <symbol id="sm-2a3">
         <name>__mspabi_slli_9</name>
         <value>0xe72c</value>
         <object_component_ref idref="oc-d6"/>
      </symbol>
      <symbol id="sm-2a4">
         <name>__mspabi_slli_8</name>
         <value>0xe72e</value>
         <object_component_ref idref="oc-d6"/>
      </symbol>
      <symbol id="sm-2a5">
         <name>__mspabi_slli_7</name>
         <value>0xe730</value>
         <object_component_ref idref="oc-d6"/>
      </symbol>
      <symbol id="sm-2a6">
         <name>__mspabi_slli_6</name>
         <value>0xe732</value>
         <object_component_ref idref="oc-d6"/>
      </symbol>
      <symbol id="sm-2a7">
         <name>__mspabi_slli_5</name>
         <value>0xe734</value>
         <object_component_ref idref="oc-d6"/>
      </symbol>
      <symbol id="sm-2a8">
         <name>__mspabi_slli_4</name>
         <value>0xe736</value>
         <object_component_ref idref="oc-d6"/>
      </symbol>
      <symbol id="sm-2a9">
         <name>__mspabi_slli_3</name>
         <value>0xe738</value>
         <object_component_ref idref="oc-d6"/>
      </symbol>
      <symbol id="sm-2aa">
         <name>__mspabi_slli_2</name>
         <value>0xe73a</value>
         <object_component_ref idref="oc-d6"/>
      </symbol>
      <symbol id="sm-2ab">
         <name>__mspabi_slli_1</name>
         <value>0xe73c</value>
         <object_component_ref idref="oc-d6"/>
      </symbol>
      <symbol id="sm-2ac">
         <name>__mspabi_slli_15</name>
         <value>0xe720</value>
         <object_component_ref idref="oc-d6"/>
      </symbol>
      <symbol id="sm-2ad">
         <name>__mspabi_slli_14</name>
         <value>0xe722</value>
         <object_component_ref idref="oc-d6"/>
      </symbol>
      <symbol id="sm-2ae">
         <name>__mspabi_slli_13</name>
         <value>0xe724</value>
         <object_component_ref idref="oc-d6"/>
      </symbol>
      <symbol id="sm-2af">
         <name>__mspabi_slli_12</name>
         <value>0xe726</value>
         <object_component_ref idref="oc-d6"/>
      </symbol>
      <symbol id="sm-2b0">
         <name>__mspabi_slli_11</name>
         <value>0xe728</value>
         <object_component_ref idref="oc-d6"/>
      </symbol>
      <symbol id="sm-2b1">
         <name>__mspabi_slli_10</name>
         <value>0xe72a</value>
         <object_component_ref idref="oc-d6"/>
      </symbol>
      <symbol id="sm-2c2">
         <name>memcpy</name>
         <value>0xe886</value>
         <object_component_ref idref="oc-5c"/>
      </symbol>
      <symbol id="sm-2cb">
         <name>__mspabi_mpyi</name>
         <value>0xe860</value>
         <object_component_ref idref="oc-185"/>
      </symbol>
      <symbol id="sm-2d2">
         <name>_system_pre_init</name>
         <value>0xe8d8</value>
         <object_component_ref idref="oc-4a"/>
      </symbol>
      <symbol id="sm-2e0">
         <name>_auto_init</name>
         <value>0xe4d8</value>
         <object_component_ref idref="oc-4e"/>
      </symbol>
      <symbol id="sm-2e1">
         <name>__TI_exit</name>
         <value>0x1</value>
      </symbol>
      <symbol id="sm-2e2">
         <name>__TI_args_main</name>
         <value>0x1</value>
      </symbol>
      <symbol id="sm-2e3">
         <name>__TI_INITARRAY_Base</name>
         <value>0x0</value>
      </symbol>
      <symbol id="sm-2e4">
         <name>__TI_INITARRAY_Limit</name>
         <value>0x0</value>
      </symbol>
   </symbol_table>
</link_info>
