******************************************************************************
                  MSP430 Linker PC v4.1.5                      
******************************************************************************
>> Linked Sun Jan 05 06:42:18 2014

OUTPUT FILE NAME:   <LB001.out>
ENTRY POINT SYMBOL: "_c_int00"  address: 0000ef04


MEMORY CONFIGURATION

         name            origin    length      used     unused   attr    fill
----------------------  --------  ---------  --------  --------  ----  --------
  SFR                   00000000   00000010  00000000  00000010  RWIX
  PERIPHERALS_8BIT      00000010   000000f0  00000000  000000f0  RWIX
  PERIPHERALS_16BIT     00000100   00000100  00000000  00000100  RWIX
  RAM                   00000200   00000100  000000fd  00000003  RWIX
  INFOD                 00001000   00000040  00000000  00000040  RWIX
  INFOC                 00001040   00000040  00000000  00000040  RWIX
  INFOB                 00001080   00000040  00000000  00000040  RWIX
  INFOA                 000010c0   00000040  00000000  00000040  RWIX
  FLASH                 0000e000   00001fe0  00001238  00000da8  RWIX
  INT00                 0000ffe0   00000002  00000000  00000002  RWIX
  INT01                 0000ffe2   00000002  00000000  00000002  RWIX
  INT02                 0000ffe4   00000002  00000000  00000002  RWIX
  INT03                 0000ffe6   00000002  00000000  00000002  RWIX
  INT04                 0000ffe8   00000002  00000002  00000000  RWIX
  INT05                 0000ffea   00000002  00000000  00000002  RWIX
  INT06                 0000ffec   00000002  00000000  00000002  RWIX
  INT07                 0000ffee   00000002  00000000  00000002  RWIX
  INT08                 0000fff0   00000002  00000002  00000000  RWIX
  INT09                 0000fff2   00000002  00000002  00000000  RWIX
  INT10                 0000fff4   00000002  00000002  00000000  RWIX
  INT11                 0000fff6   00000002  00000000  00000002  RWIX
  INT12                 0000fff8   00000002  00000000  00000002  RWIX
  INT13                 0000fffa   00000002  00000000  00000002  RWIX
  INT14                 0000fffc   00000002  00000000  00000002  RWIX
  RESET                 0000fffe   00000002  00000002  00000000  RWIX


SECTION ALLOCATION MAP

 output                                  attributes/
section   page    origin      length       input sections
--------  ----  ----------  ----------   ----------------
.init_array 
*          0    0000e000    00000000     UNINITIALIZED

.bss       0    00000200    0000008c     UNINITIALIZED
                  00000200    0000005c     menu.obj (.bss)
                  0000025c    00000013     flash.obj (.bss)
                  0000026f    00000001     --HOLE--
                  00000270    0000000a     i2c_usi.obj (.bss)
                  0000027a    00000008     LED.obj (.bss)
                  00000282    00000004     button.obj (.bss)
                  00000286    00000004     serial.obj (.bss)
                  0000028a    00000002     main.obj (.bss)

.TI.noinit 
*          0    00000200    00000000     UNINITIALIZED

.data      0    0000028c    00000021     
                  0000028c    00000009     counter.obj (.data)
                  00000295    00000001     --HOLE--
                  00000296    00000006     i2c_usi.obj (.data)
                  0000029c    00000006     menu.obj (.data)
                  000002a2    00000004     flash.obj (.data)
                  000002a6    00000003     serial.obj (.data)
                  000002a9    00000001     --HOLE--
                  000002aa    00000001     LED.obj (.data)
                  000002ab    00000001     --HOLE--
                  000002ac    00000001     button.obj (.data)

.TI.persistent 
*          0    0000028c    00000000     UNINITIALIZED

.stack     0    000002b0    00000050     UNINITIALIZED
                  000002b0    00000002     rts430_eabi.lib : boot.obj (.stack)
                  000002b2    0000004e     --HOLE--

.text      0    0000e000    000010ba     
                  0000e000    00000260     main.obj (.text:main)
                  0000e260    0000024e     menu.obj (.text:check_input)
                  0000e4ae    000001ca     i2c_usi.obj (.text:USI_TXRX)
                  0000e678    00000130     menu.obj (.text:menu_print)
                  0000e7a8    000000e6     LED.obj (.text:LED_displaydigit)
                  0000e88e    00000088     counter.obj (.text:WDT_ISR)
                  0000e916    0000007a     main.obj (.text:beep)
                  0000e990    0000005e     rts430_eabi.lib : copy_decompress_rle.obj (.text:__TI_decompress_rle_core)
                  0000e9ee    0000005e                     : autoinit.obj (.text:_auto_init)
                  0000ea4c    0000005c     button.obj (.text:BTN_read)
                  0000eaa8    00000058     serial.obj (.text:Timer_A1_ISR)
                  0000eb00    00000044     menu.obj (.text:MENU_validate_flash)
                  0000eb44    0000003e     i2c_usi.obj (.text:i2c_init)
                  0000eb82    0000003e     i2c_usi.obj (.text:i2c_reg_read)
                  0000ebc0    0000003c     counter.obj (.text:CTR_down)
                  0000ebfc    0000003a     textconv.obj (.text:ByteToStr)
                  0000ec36    0000003a     serial.obj (.text:Timer_A0_ISR)
                  0000ec70    00000038     counter.obj (.text:CTR_init)
                  0000eca8    00000036     menu.obj (.text:buff2value)
                  0000ecde    00000032     flash.obj (.text:FLASH_compare)
                  0000ed10    0000002e     MCP23017.obj (.text:MCP_init)
                  0000ed3e    0000002c     rts430_eabi.lib : asr16.obj (.text)
                  0000ed6a    0000002c                     : div16s.obj (.text)
                  0000ed96    0000002c                     : lsl16.obj (.text)
                  0000edc2    0000002a     flash.obj (.text:FLASH_write)
                  0000edec    00000028     serial.obj (.text:TimerA_UART_tx)
                  0000ee14    00000024     menu.obj (.text:MENU_add_btn_vector)
                  0000ee38    00000022     flash.obj (.text:FLASH_erase)
                  0000ee5a    00000022     flash.obj (.text:menusave_execute)
                  0000ee7c    0000001e     i2c_usi.obj (.text:i2c_transmit)
                  0000ee9a    0000001c     i2c_usi.obj (.text:Data_TX)
                  0000eeb6    0000001a     button.obj (.text:BTN_init)
                  0000eed0    0000001a     MCP23017.obj (.text:MCP_Write)
                  0000eeea    0000001a     serial.obj (.text:SERIAL_init)
                  0000ef04    0000001a     rts430_eabi.lib : boot.obj (.text:_c_int00_noexit)
                  0000ef1e    00000016     counter.obj (.text:CTR_start)
                  0000ef34    00000016     counter.obj (.text:CTR_stop)
                  0000ef4a    00000016     MCP23017.obj (.text:MCP_Read)
                  0000ef60    00000016     menu.obj (.text:MENU_add_menuentry)
                  0000ef76    00000016     rts430_eabi.lib : div16u.obj (.text)
                  0000ef8c    00000014     counter.obj (.text:CTR_up)
                  0000efa0    00000014     rts430_eabi.lib : copy_zero_init.obj (.text:decompress:ZI:__TI_zero_init)
                  0000efb4    00000014                     : mult16.obj (.text)
                  0000efc8    00000012     flash.obj (.text:FLASH_read)
                  0000efda    00000012     serial.obj (.text:TimerA_UART_init)
                  0000efec    00000012     serial.obj (.text:TimerA_UART_print)
                  0000effe    00000012     rts430_eabi.lib : copy_decompress_none.obj (.text:decompress:none:__TI_decompress_none)
                  0000f010    00000012                     : memcpy.obj (.text:memcpy)
                  0000f022    00000012     menu.obj (.text:validate_input)
                  0000f034    00000010     i2c_usi.obj (.text:Data_RX)
                  0000f044    00000010     flash.obj (.text:FLASH_init)
                  0000f054    00000010     menu.obj (.text:MENU_init)
                  0000f064    00000010     rts430_eabi.lib : epilog.obj (.text)
                  0000f074    0000000c     LED.obj (.text:LED_off)
                  0000f080    0000000c     main.obj (.text:start_count)
                  0000f08c    0000000a     flash.obj (.text:menusave_question)
                  0000f096    0000000a     flash.obj (.text:menusave_text)
                  0000f0a0    0000000a     menu.obj (.text:print_input_prompt)
                  0000f0aa    00000006     rts430_eabi.lib : copy_decompress_rle.obj (.text:decompress:rle24:__TI_decompress_rle24)
                  0000f0b0    00000004                     : pre_init.obj (.text:_system_pre_init)
                  0000f0b4    00000004                     : exit.obj (.text:abort)
                  0000f0b8    00000002     menu.obj (.text:MENU_btn_dummy_vector)

.const     0    0000f0ba    00000150     
                  0000f0ba    000000a0     menu.obj (.const:.string)
                  0000f15a    0000003e     flash.obj (.const:.string)
                  0000f198    00000038     main.obj (.const:.string)
                  0000f1d0    00000028     counter.obj (.const:.string)
                  0000f1f8    0000000a     LED.obj (.const:.string:segments)
                  0000f202    00000008     flash.obj (.const)

.cinit     0    0000f20a    0000002e     
                  0000f20a    0000001c     (.cinit..data.load) [load image, compression = rle]
                  0000f226    00000006     (__TI_handler_table)
                  0000f22c    00000004     (.cinit..bss.load) [load image, compression = zero_init]
                  0000f230    00000008     (__TI_cinit_table)

USI        0    0000ffe8    00000002     
                  0000ffe8    00000002     i2c_usi.obj (.int04)

TIMER0_A1 
*          0    0000fff0    00000002     
                  0000fff0    00000002     serial.obj (.int08)

TIMER0_A0 
*          0    0000fff2    00000002     
                  0000fff2    00000002     serial.obj (.int09)

WDT        0    0000fff4    00000002     
                  0000fff4    00000002     counter.obj (.int10)

.reset     0    0000fffe    00000002     
                  0000fffe    00000002     rts430_eabi.lib : boot.obj (.reset)


LINKER GENERATED COPY TABLES

__TI_cinit_table @ 0000f230 records: 2, size/record: 4, table size: 8
	.data: load addr=0000f20a, load size=0000001c bytes, run addr=0000028c, run size=00000021 bytes, compression=rle
	.bss: load addr=0000f22c, load size=00000004 bytes, run addr=00000200, run size=0000008c bytes, compression=zero_init


LINKER GENERATED HANDLER TABLE

__TI_handler_table @ 0000f226 records: 3, size/record: 2, table size: 6
	index: 0, handler: __TI_zero_init
	index: 1, handler: __TI_decompress_rle24
	index: 2, handler: __TI_decompress_none


GLOBAL SYMBOLS: SORTED ALPHABETICALLY BY Name 

address    name
--------   ----
0000004a   ADC10AE0
000001b0   ADC10CTL0
000001b2   ADC10CTL1
00000048   ADC10DTC0
00000049   ADC10DTC1
000001b4   ADC10MEM
000001bc   ADC10SA
00000057   BCSCTL1
00000058   BCSCTL2
00000053   BCSCTL3
0000eeb6   BTN_init
0000ea4c   BTN_read
0000ebfc   ByteToStr
0000f0b4   C$$EXIT
00000059   CACTL1
0000005a   CACTL2
000010fb   CALBC1_12MHZ
000010f9   CALBC1_16MHZ
000010ff   CALBC1_1MHZ
000010fd   CALBC1_8MHZ
000010fa   CALDCO_12MHZ
000010f8   CALDCO_16MHZ
000010fe   CALDCO_1MHZ
000010fc   CALDCO_8MHZ
0000005b   CAPD
0000028f   CTR_BEEPTRIGGER
00000290   CTR_DELAY
0000028d   CTR_DISP
00000292   CTR_MIN
0000028e   CTR_ON
00000291   CTR_RUNNING
00000293   CTR_SEC
0000ebc0   CTR_down
0000ec70   CTR_init
0000ef1e   CTR_start
0000ef34   CTR_stop
0000ef8c   CTR_up
00000056   DCOCTL
0000f034   Data_RX
0000ee9a   Data_TX
00000128   FCTL1
0000012a   FCTL2
0000012c   FCTL3
000002a2   FLASH_CONF
0000028c   FLASH_CTR_DELAY
0000ecde   FLASH_compare
0000ee38   FLASH_erase
0000f044   FLASH_init
0000efc8   FLASH_read
0000edc2   FLASH_write
00000000   IE1
00000002   IFG1
0000027c   LED_FLAGS
0000027a   LED_MINUTE
0000027b   LED_SECOND
0000e7a8   LED_displaydigit
0000f074   LED_off
0000ef4a   MCP_Read
0000eed0   MCP_Write
0000ed10   MCP_init
0000ee14   MENU_add_btn_vector
0000ef60   MENU_add_menuentry
0000f0b8   MENU_btn_dummy_vector
0000f054   MENU_init
0000efec   MENU_print
0000eb00   MENU_validate_flash
00000022   P1DIR
00000025   P1IE
00000024   P1IES
00000023   P1IFG
00000020   P1IN
00000021   P1OUT
00000027   P1REN
00000026   P1SEL
00000041   P1SEL2
0000002a   P2DIR
0000002d   P2IE
0000002c   P2IES
0000002b   P2IFG
00000028   P2IN
00000029   P2OUT
0000002f   P2REN
0000002e   P2SEL
00000042   P2SEL2
000002a4   RAM_CONF
0000025c   RAM_CONF_data
0000eeea   SERIAL_init
00000172   TA0CCR0
00000174   TA0CCR1
00000176   TA0CCR2
00000162   TA0CCTL0
00000164   TA0CCTL1
00000166   TA0CCTL2
00000160   TA0CTL
0000012e   TA0IV
00000170   TA0R
0000efda   TimerA_UART_init
0000efec   TimerA_UART_print
0000edec   TimerA_UART_tx
0000ec36   Timer_A0_ISR
0000eaa8   Timer_A1_ISR
0000007a   USICCTL
0000007a   USICKCTL
0000007b   USICNT
00000078   USICTL
00000078   USICTL0
00000079   USICTL1
0000007c   USISR
0000007d   USISRH
0000007c   USISRL
0000e4ae   USI_TXRX
00000120   WDTCTL
0000e88e   WDT_ISR
00000272   _I2C_BUFFPTR
00000276   _I2C_BYTECOUNT
00000278   _I2C_NUMBYTES
00000296   _I2C_OPERATION
0000029a   _I2C_RPT_START
00000270   _I2C_SLAVE
00000298   _I2C_SLAVE_PRESENT
00000274   _I2C_State
00000300   __STACK_END
00000050   __STACK_SIZE
0000f230   __TI_CINIT_Base
0000f238   __TI_CINIT_Limit
0000f226   __TI_Handler_Table_Base
0000f22c   __TI_Handler_Table_Limit
UNDEFED    __TI_INITARRAY_Base
UNDEFED    __TI_INITARRAY_Limit
00000001   __TI_args_main
0000effe   __TI_decompress_none
0000f0aa   __TI_decompress_rle24
00000001   __TI_exit
0000efa0   __TI_zero_init
ffffffff   __binit__
ffffffff   __c_args__
0000ed6a   __mspabi_divi
0000ef76   __mspabi_divu
0000f070   __mspabi_func_epilog_1
0000f06e   __mspabi_func_epilog_2
0000f06c   __mspabi_func_epilog_3
0000f06a   __mspabi_func_epilog_4
0000f068   __mspabi_func_epilog_5
0000f066   __mspabi_func_epilog_6
0000f064   __mspabi_func_epilog_7
0000efb4   __mspabi_mpyi
0000ed6a   __mspabi_remi
0000ef76   __mspabi_remu
0000ed96   __mspabi_slli
0000edbe   __mspabi_slli_1
0000edac   __mspabi_slli_10
0000edaa   __mspabi_slli_11
0000eda8   __mspabi_slli_12
0000eda6   __mspabi_slli_13
0000eda4   __mspabi_slli_14
0000eda2   __mspabi_slli_15
0000edbc   __mspabi_slli_2
0000edba   __mspabi_slli_3
0000edb8   __mspabi_slli_4
0000edb6   __mspabi_slli_5
0000edb4   __mspabi_slli_6
0000edb2   __mspabi_slli_7
0000edb0   __mspabi_slli_8
0000edae   __mspabi_slli_9
0000ed3e   __mspabi_srai
0000ed66   __mspabi_srai_1
0000ed54   __mspabi_srai_10
0000ed52   __mspabi_srai_11
0000ed50   __mspabi_srai_12
0000ed4e   __mspabi_srai_13
0000ed4c   __mspabi_srai_14
0000ed4a   __mspabi_srai_15
0000ed64   __mspabi_srai_2
0000ed62   __mspabi_srai_3
0000ed60   __mspabi_srai_4
0000ed5e   __mspabi_srai_5
0000ed5c   __mspabi_srai_6
0000ed5a   __mspabi_srai_7
0000ed58   __mspabi_srai_8
0000ed56   __mspabi_srai_9
0000e9ee   _auto_init
00000282   _btn_count
000002ac   _btn_state
0000ef04   _c_int00
0000ef04   _c_int00_noexit
00000294   _ctr_wdt_count
000002aa   _digit_count
0000027e   _disp_buff
0000fffe   _reset_vector
000002b0   _stack
0000f0b0   _system_pre_init
0000f0b4   abort
0000e916   beep
ffffffff   binit
0000029c   btn_func_count
00000228   btn_func_data
00000200   btn_func_list
00000214   btn_func_names
0000eca8   buff2value
0000e260   check_input
0000029e   context
0000025a   current_validator
0000eb44   i2c_init
0000eb82   i2c_reg_read
0000ee7c   i2c_transmit
0000e000   main
0000f010   memcpy
0000e678   menu_print
0000023c   menuarr
0000029d   menuarr_count
00000250   menubuff
0000029f   menulen
0000f202   menusave_entry
0000ee5a   menusave_execute
0000f08c   menusave_question
0000f096   menusave_text
000002a0   num_validator
0000f0a0   print_input_prompt
00000289   rxBuffLen
00000288   rxBuffer
0000f1f8   segments
0000f080   start_count
0000028a   start_count_value
00000286   txData
0000f022   validate_input


GLOBAL SYMBOLS: SORTED BY Symbol Address 

address    name
--------   ----
00000000   IE1
00000001   __TI_args_main
00000001   __TI_exit
00000002   IFG1
00000020   P1IN
00000021   P1OUT
00000022   P1DIR
00000023   P1IFG
00000024   P1IES
00000025   P1IE
00000026   P1SEL
00000027   P1REN
00000028   P2IN
00000029   P2OUT
0000002a   P2DIR
0000002b   P2IFG
0000002c   P2IES
0000002d   P2IE
0000002e   P2SEL
0000002f   P2REN
00000041   P1SEL2
00000042   P2SEL2
00000048   ADC10DTC0
00000049   ADC10DTC1
0000004a   ADC10AE0
00000050   __STACK_SIZE
00000053   BCSCTL3
00000056   DCOCTL
00000057   BCSCTL1
00000058   BCSCTL2
00000059   CACTL1
0000005a   CACTL2
0000005b   CAPD
00000078   USICTL
00000078   USICTL0
00000079   USICTL1
0000007a   USICCTL
0000007a   USICKCTL
0000007b   USICNT
0000007c   USISR
0000007c   USISRL
0000007d   USISRH
00000120   WDTCTL
00000128   FCTL1
0000012a   FCTL2
0000012c   FCTL3
0000012e   TA0IV
00000160   TA0CTL
00000162   TA0CCTL0
00000164   TA0CCTL1
00000166   TA0CCTL2
00000170   TA0R
00000172   TA0CCR0
00000174   TA0CCR1
00000176   TA0CCR2
000001b0   ADC10CTL0
000001b2   ADC10CTL1
000001b4   ADC10MEM
000001bc   ADC10SA
00000200   btn_func_list
00000214   btn_func_names
00000228   btn_func_data
0000023c   menuarr
00000250   menubuff
0000025a   current_validator
0000025c   RAM_CONF_data
00000270   _I2C_SLAVE
00000272   _I2C_BUFFPTR
00000274   _I2C_State
00000276   _I2C_BYTECOUNT
00000278   _I2C_NUMBYTES
0000027a   LED_MINUTE
0000027b   LED_SECOND
0000027c   LED_FLAGS
0000027e   _disp_buff
00000282   _btn_count
00000286   txData
00000288   rxBuffer
00000289   rxBuffLen
0000028a   start_count_value
0000028c   FLASH_CTR_DELAY
0000028d   CTR_DISP
0000028e   CTR_ON
0000028f   CTR_BEEPTRIGGER
00000290   CTR_DELAY
00000291   CTR_RUNNING
00000292   CTR_MIN
00000293   CTR_SEC
00000294   _ctr_wdt_count
00000296   _I2C_OPERATION
00000298   _I2C_SLAVE_PRESENT
0000029a   _I2C_RPT_START
0000029c   btn_func_count
0000029d   menuarr_count
0000029e   context
0000029f   menulen
000002a0   num_validator
000002a2   FLASH_CONF
000002a4   RAM_CONF
000002aa   _digit_count
000002ac   _btn_state
000002b0   _stack
00000300   __STACK_END
000010f8   CALDCO_16MHZ
000010f9   CALBC1_16MHZ
000010fa   CALDCO_12MHZ
000010fb   CALBC1_12MHZ
000010fc   CALDCO_8MHZ
000010fd   CALBC1_8MHZ
000010fe   CALDCO_1MHZ
000010ff   CALBC1_1MHZ
0000e000   main
0000e260   check_input
0000e4ae   USI_TXRX
0000e678   menu_print
0000e7a8   LED_displaydigit
0000e88e   WDT_ISR
0000e916   beep
0000e9ee   _auto_init
0000ea4c   BTN_read
0000eaa8   Timer_A1_ISR
0000eb00   MENU_validate_flash
0000eb44   i2c_init
0000eb82   i2c_reg_read
0000ebc0   CTR_down
0000ebfc   ByteToStr
0000ec36   Timer_A0_ISR
0000ec70   CTR_init
0000eca8   buff2value
0000ecde   FLASH_compare
0000ed10   MCP_init
0000ed3e   __mspabi_srai
0000ed4a   __mspabi_srai_15
0000ed4c   __mspabi_srai_14
0000ed4e   __mspabi_srai_13
0000ed50   __mspabi_srai_12
0000ed52   __mspabi_srai_11
0000ed54   __mspabi_srai_10
0000ed56   __mspabi_srai_9
0000ed58   __mspabi_srai_8
0000ed5a   __mspabi_srai_7
0000ed5c   __mspabi_srai_6
0000ed5e   __mspabi_srai_5
0000ed60   __mspabi_srai_4
0000ed62   __mspabi_srai_3
0000ed64   __mspabi_srai_2
0000ed66   __mspabi_srai_1
0000ed6a   __mspabi_divi
0000ed6a   __mspabi_remi
0000ed96   __mspabi_slli
0000eda2   __mspabi_slli_15
0000eda4   __mspabi_slli_14
0000eda6   __mspabi_slli_13
0000eda8   __mspabi_slli_12
0000edaa   __mspabi_slli_11
0000edac   __mspabi_slli_10
0000edae   __mspabi_slli_9
0000edb0   __mspabi_slli_8
0000edb2   __mspabi_slli_7
0000edb4   __mspabi_slli_6
0000edb6   __mspabi_slli_5
0000edb8   __mspabi_slli_4
0000edba   __mspabi_slli_3
0000edbc   __mspabi_slli_2
0000edbe   __mspabi_slli_1
0000edc2   FLASH_write
0000edec   TimerA_UART_tx
0000ee14   MENU_add_btn_vector
0000ee38   FLASH_erase
0000ee5a   menusave_execute
0000ee7c   i2c_transmit
0000ee9a   Data_TX
0000eeb6   BTN_init
0000eed0   MCP_Write
0000eeea   SERIAL_init
0000ef04   _c_int00
0000ef04   _c_int00_noexit
0000ef1e   CTR_start
0000ef34   CTR_stop
0000ef4a   MCP_Read
0000ef60   MENU_add_menuentry
0000ef76   __mspabi_divu
0000ef76   __mspabi_remu
0000ef8c   CTR_up
0000efa0   __TI_zero_init
0000efb4   __mspabi_mpyi
0000efc8   FLASH_read
0000efda   TimerA_UART_init
0000efec   MENU_print
0000efec   TimerA_UART_print
0000effe   __TI_decompress_none
0000f010   memcpy
0000f022   validate_input
0000f034   Data_RX
0000f044   FLASH_init
0000f054   MENU_init
0000f064   __mspabi_func_epilog_7
0000f066   __mspabi_func_epilog_6
0000f068   __mspabi_func_epilog_5
0000f06a   __mspabi_func_epilog_4
0000f06c   __mspabi_func_epilog_3
0000f06e   __mspabi_func_epilog_2
0000f070   __mspabi_func_epilog_1
0000f074   LED_off
0000f080   start_count
0000f08c   menusave_question
0000f096   menusave_text
0000f0a0   print_input_prompt
0000f0aa   __TI_decompress_rle24
0000f0b0   _system_pre_init
0000f0b4   C$$EXIT
0000f0b4   abort
0000f0b8   MENU_btn_dummy_vector
0000f1f8   segments
0000f202   menusave_entry
0000f226   __TI_Handler_Table_Base
0000f22c   __TI_Handler_Table_Limit
0000f230   __TI_CINIT_Base
0000f238   __TI_CINIT_Limit
0000fffe   _reset_vector
ffffffff   __binit__
ffffffff   __c_args__
ffffffff   binit
UNDEFED    __TI_INITARRAY_Base
UNDEFED    __TI_INITARRAY_Limit

[225 symbols]
